Jul 28 13:32:33 proxy sshd[196151]: Disconnected from invalid user oracle 218.78.63.36 port 47034 [preauth]
Jul 28 13:32:34 proxy sshd[196153]: Failed password for invalid user ubnt from 85.209.11.27 port 31244 ssh2
Jul 28 13:32:34 proxy sshd[196154]: Received disconnect from 43.156.122.96 port 48692:11: Bye Bye [preauth]
Jul 28 13:32:34 proxy sshd[196154]: Disconnected from invalid user root 43.156.122.96 port 48692 [preauth]
Jul 28 13:32:35 proxy sshd[196153]: Connection closed by invalid user ubnt 85.209.11.27 port 31244 [preauth]
Jul 28 13:32:35 proxy sshd[196157]: Failed password for invalid user root from 146.59.197.134 port 46598 ssh2
Jul 28 13:32:36 proxy sshd[196157]: Received disconnect from 146.59.197.134 port 46598:11: Bye Bye [preauth]
Jul 28 13:32:36 proxy sshd[196157]: Disconnected from invalid user root 146.59.197.134 port 46598 [preauth]
Jul 28 13:32:38 proxy sshd[196159]: Invalid user devuser from 43.157.32.60 port 58590
Jul 28 13:32:38 proxy sshd[196159]: pam_unix(sshd:auth): check pass; user unknown
Jul 28 13:32:38 proxy sshd[196159]: pam_unix(sshd:auth): authentication failure; logname= uid=0 euid=0 tty=ssh ruser= rhost=43.157.32.60 
Jul 28 13:32:39 proxy sshd[196161]: User root from 43.153.66.145 not allowed because listed in DenyUsers
Jul 28 13:32:39 proxy sshd[196161]: pam_unix(sshd:auth): authentication failure; logname= uid=0 euid=0 tty=ssh ruser= rhost=43.153.66.145  user=root
Jul 28 13:32:40 proxy sshd[196161]: Failed password for invalid user root from 43.153.66.145 port 34420 ssh2
Jul 28 13:32:41 proxy sshd[196159]: Failed password for invalid user devuser from 43.157.32.60 port 58590 ssh2
Jul 28 13:32:41 proxy sshd[196161]: Received disconnect from 43.153.66.145 port 34420:11: Bye Bye [preauth]
Jul 28 13:32:41 proxy sshd[196161]: Disconnected from invalid user root 43.153.66.145 port 34420 [preauth]
Jul 28 13:32:42 proxy sshd[196159]: Received disconnect from 43.157.32.60 port 58590:11: Bye Bye [preauth]
Jul 28 13:32:42 proxy sshd[196159]: Disconnected from invalid user devuser 43.157.32.60 port 58590 [preauth]
Jul 28 13:32:46 proxy sshd[196163]: User root from 218.92.0.94 not allowed because listed in DenyUsers
Jul 28 13:32:47 proxy sshd[196163]: pam_unix(sshd:auth): authentication failure; logname= uid=0 euid=0 tty=ssh ruser= rhost=218.92.0.94  user=root
Jul 28 13:32:49 proxy sshd[196163]: Failed password for invalid user root from 218.92.0.94 port 16792 ssh2
Jul 28 13:32:49 proxy sshd[196165]: Invalid user hadoop from 140.143.235.187 port 55400
Jul 28 13:32:49 proxy sshd[196165]: pam_unix(sshd:auth): check pass; user unknown
Jul 28 13:32:49 proxy sshd[196165]: pam_unix(sshd:auth): authentication failure; logname= uid=0 euid=0 tty=ssh ruser= rhost=140.143.235.187 
Jul 28 13:32:49 proxy sshd[196167]: Invalid user ubuntu from 186.225.14.33 port 48308
Jul 28 13:32:49 proxy sshd[196167]: pam_unix(sshd:auth): check pass; user unknown
Jul 28 13:32:49 proxy sshd[196167]: pam_unix(sshd:auth): authentication failure; logname= uid=0 euid=0 tty=ssh ruser= rhost=186.225.14.33 
Jul 28 13:32:51 proxy sshd[196165]: Failed password for invalid user hadoop from 140.143.235.187 port 55400 ssh2
Jul 28 13:32:51 proxy sshd[196167]: Failed password for invalid user ubuntu from 186.225.14.33 port 48308 ssh2
Jul 28 13:32:52 proxy sshd[196163]: Failed password for invalid user root from 218.92.0.94 port 16792 ssh2
Jul 28 13:32:52 proxy sshd[196167]: Received disconnect from 186.225.14.33 port 48308:11: Bye Bye [preauth]
Jul 28 13:32:52 proxy sshd[196167]: Disconnected from invalid user ubuntu 186.225.14.33 port 48308 [preauth]
Jul 28 13:32:53 proxy sshd[196165]: Received disconnect from 140.143.235.187 port 55400:11: Bye Bye [preauth]
Jul 28 13:32:53 proxy sshd[196165]: Disconnected from invalid user hadoop 140.143.235.187 port 55400 [preauth]
Jul 28 13:32:54 proxy sshd[196163]: Failed password for invalid user root from 218.92.0.94 port 16792 ssh2
Jul 28 13:32:54 proxy sshd[196163]: Received disconnect from 218.92.0.94 port 16792:11:  [preauth]
Jul 28 13:32:54 proxy sshd[196163]: Disconnected from invalid user root 218.92.0.94 port 16792 [preauth]
Jul 28 13:32:54 proxy sshd[196163]: PAM 2 more authentication failures; logname= uid=0 euid=0 tty=ssh ruser= rhost=218.92.0.94  user=root
Jul 28 13:33:11 proxy sshd[196169]: Invalid user hadoop from 181.50.70.106 port 35912
Jul 28 13:33:11 proxy sshd[196169]: pam_unix(sshd:auth): check pass; user unknown
Jul 28 13:33:11 proxy sshd[196169]: pam_unix(sshd:auth): authentication failure; logname= uid=0 euid=0 tty=ssh ruser= rhost=181.50.70.106 
Jul 28 13:33:12 proxy sshd[196169]: Failed password for invalid user hadoop from 181.50.70.106 port 35912 ssh2
Jul 28 13:33:13 proxy sshd[196169]: Received disconnect from 181.50.70.106 port 35912:11: Bye Bye [preauth]
Jul 28 13:33:13 proxy sshd[196169]: Disconnected from invalid user hadoop 181.50.70.106 port 35912 [preauth]
Jul 28 13:33:15 proxy sshd[196172]: User root from 146.59.197.134 not allowed because listed in DenyUsers
Jul 28 13:33:15 proxy sshd[196172]: pam_unix(sshd:auth): authentication failure; logname= uid=0 euid=0 tty=ssh ruser= rhost=146.59.197.134  user=root
Jul 28 13:33:16 proxy sshd[196174]: User root from 140.143.235.187 not allowed because listed in DenyUsers
Jul 28 13:33:16 proxy sshd[196174]: pam_unix(sshd:auth): authentication failure; logname= uid=0 euid=0 tty=ssh ruser= rhost=140.143.235.187  user=root
Jul 28 13:33:17 proxy sshd[196172]: Failed password for invalid user root from 146.59.197.134 port 57794 ssh2
Jul 28 13:33:18 proxy sshd[196174]: Failed password for invalid user root from 140.143.235.187 port 34138 ssh2
Jul 28 13:33:18 proxy sshd[196172]: Received disconnect from 146.59.197.134 port 57794:11: Bye Bye [preauth]
Jul 28 13:33:18 proxy sshd[196172]: Disconnected from invalid user root 146.59.197.134 port 57794 [preauth]
Jul 28 13:33:19 proxy sshd[196174]: Received disconnect from 140.143.235.187 port 34138:11: Bye Bye [preauth]
Jul 28 13:33:19 proxy sshd[196174]: Disconnected from invalid user root 140.143.235.187 port 34138 [preauth]
Jul 28 13:33:21 proxy sshd[196176]: Invalid user git from 43.156.122.96 port 49292
Jul 28 13:33:21 proxy sshd[196176]: pam_unix(sshd:auth): check pass; user unknown
Jul 28 13:33:21 proxy sshd[196176]: pam_unix(sshd:auth): authentication failure; logname= uid=0 euid=0 tty=ssh ruser= rhost=43.156.122.96 
Jul 28 13:33:22 proxy sshd[196178]: Invalid user mimi from 43.157.32.60 port 44626
Jul 28 13:33:22 proxy sshd[196178]: pam_unix(sshd:auth): check pass; user unknown
Jul 28 13:33:22 proxy sshd[196178]: pam_unix(sshd:auth): authentication failure; logname= uid=0 euid=0 tty=ssh ruser= rhost=43.157.32.60 
Jul 28 13:33:23 proxy sshd[196176]: Failed password for invalid user git from 43.156.122.96 port 49292 ssh2
Jul 28 13:33:24 proxy sshd[196178]: Failed password for invalid user mimi from 43.157.32.60 port 44626 ssh2
Jul 28 13:33:24 proxy sshd[196176]: Received disconnect from 43.156.122.96 port 49292:11: Bye Bye [preauth]
Jul 28 13:33:24 proxy sshd[196176]: Disconnected from invalid user git 43.156.122.96 port 49292 [preauth]
Jul 28 13:33:25 proxy sshd[196178]: Received disconnect from 43.157.32.60 port 44626:11: Bye Bye [preauth]
Jul 28 13:33:25 proxy sshd[196178]: Disconnected from invalid user mimi 43.157.32.60 port 44626 [preauth]
Jul 28 13:33:28 proxy sshd[196181]: Invalid user user123 from 43.153.66.145 port 48664
Jul 28 13:33:28 proxy sshd[196181]: pam_unix(sshd:auth): check pass; user unknown
Jul 28 13:33:28 proxy sshd[196181]: pam_unix(sshd:auth): authentication failure; logname= uid=0 euid=0 tty=ssh ruser= rhost=43.153.66.145 
Jul 28 13:33:29 proxy sshd[196181]: Failed password for invalid user user123 from 43.153.66.145 port 48664 ssh2
Jul 28 13:33:30 proxy sshd[196181]: Received disconnect from 43.153.66.145 port 48664:11: Bye Bye [preauth]
Jul 28 13:33:30 proxy sshd[196181]: Disconnected from invalid user user123 43.153.66.145 port 48664 [preauth]
Jul 28 13:33:44 proxy sshd[196183]: Invalid user deploy from 186.225.14.33 port 34718
Jul 28 13:33:44 proxy sshd[196183]: pam_unix(sshd:auth): check pass; user unknown
Jul 28 13:33:44 proxy sshd[196183]: pam_unix(sshd:auth): authentication failure; logname= uid=0 euid=0 tty=ssh ruser= rhost=186.225.14.33 
Jul 28 13:33:47 proxy sshd[196183]: Failed password for invalid user deploy from 186.225.14.33 port 34718 ssh2
Jul 28 13:33:47 proxy sshd[196183]: Received disconnect from 186.225.14.33 port 34718:11: Bye Bye [preauth]
Jul 28 13:33:47 proxy sshd[196183]: Disconnected from invalid user deploy 186.225.14.33 port 34718 [preauth]
Jul 28 13:33:47 proxy sshd[196185]: User root from 218.92.0.94 not allowed because listed in DenyUsers
Jul 28 13:33:47 proxy sshd[196185]: pam_unix(sshd:auth): authentication failure; logname= uid=0 euid=0 tty=ssh ruser= rhost=218.92.0.94  user=root
Jul 28 13:33:49 proxy sshd[196185]: Failed password for invalid user root from 218.92.0.94 port 35589 ssh2
Jul 28 13:33:50 proxy sshd[196187]: User root from 140.143.235.187 not allowed because listed in DenyUsers
Jul 28 13:33:50 proxy sshd[196187]: pam_unix(sshd:auth): authentication failure; logname= uid=0 euid=0 tty=ssh ruser= rhost=140.143.235.187  user=root
Jul 28 13:33:52 proxy sshd[196187]: Failed password for invalid user root from 140.143.235.187 port 41138 ssh2
Jul 28 13:33:52 proxy sshd[196185]: Failed password for invalid user root from 218.92.0.94 port 35589 ssh2
Jul 28 13:33:53 proxy sshd[196187]: Received disconnect from 140.143.235.187 port 41138:11: Bye Bye [preauth]
Jul 28 13:33:53 proxy sshd[196187]: Disconnected from invalid user root 140.143.235.187 port 41138 [preauth]
Jul 28 13:33:54 proxy sshd[196185]: Failed password for invalid user root from 218.92.0.94 port 35589 ssh2
Jul 28 13:33:56 proxy sshd[196189]: User root from 146.59.197.134 not allowed because listed in DenyUsers
Jul 28 13:33:56 proxy sshd[196189]: pam_unix(sshd:auth): authentication failure; logname= uid=0 euid=0 tty=ssh ruser= rhost=146.59.197.134  user=root
Jul 28 13:33:56 proxy sshd[196185]: Received disconnect from 218.92.0.94 port 35589:11:  [preauth]
Jul 28 13:33:56 proxy sshd[196185]: Disconnected from invalid user root 218.92.0.94 port 35589 [preauth]
Jul 28 13:33:56 proxy sshd[196185]: PAM 2 more authentication failures; logname= uid=0 euid=0 tty=ssh ruser= rhost=218.92.0.94  user=root
Jul 28 13:33:58 proxy sshd[196189]: Failed password for invalid user root from 146.59.197.134 port 48392 ssh2
Jul 28 13:33:58 proxy sshd[196189]: Received disconnect from 146.59.197.134 port 48392:11: Bye Bye [preauth]
Jul 28 13:33:58 proxy sshd[196189]: Disconnected from invalid user root 146.59.197.134 port 48392 [preauth]
Jul 28 13:34:02 proxy sshd[196191]: Invalid user dev from 43.157.32.60 port 58886
Jul 28 13:34:02 proxy sshd[196191]: pam_unix(sshd:auth): check pass; user unknown
Jul 28 13:34:02 proxy sshd[196191]: pam_unix(sshd:auth): authentication failure; logname= uid=0 euid=0 tty=ssh ruser= rhost=43.157.32.60 
Jul 28 13:34:05 proxy sshd[196191]: Failed password for invalid user dev from 43.157.32.60 port 58886 ssh2
Jul 28 13:34:07 proxy sshd[196191]: Received disconnect from 43.157.32.60 port 58886:11: Bye Bye [preauth]
Jul 28 13:34:07 proxy sshd[196191]: Disconnected from invalid user dev 43.157.32.60 port 58886 [preauth]
Jul 28 13:34:10 proxy sshd[196194]: Invalid user hadoop from 43.156.122.96 port 49710
Jul 28 13:34:10 proxy sshd[196194]: pam_unix(sshd:auth): check pass; user unknown
Jul 28 13:34:10 proxy sshd[196194]: pam_unix(sshd:auth): authentication failure; logname= uid=0 euid=0 tty=ssh ruser= rhost=43.156.122.96 
Jul 28 13:34:10 proxy sshd[196193]: Invalid user test1 from 218.78.63.36 port 35794
Jul 28 13:34:10 proxy sshd[196193]: pam_unix(sshd:auth): check pass; user unknown
Jul 28 13:34:10 proxy sshd[196193]: pam_unix(sshd:auth): authentication failure; logname= uid=0 euid=0 tty=ssh ruser= rhost=218.78.63.36 
Jul 28 13:34:12 proxy sshd[196194]: Failed password for invalid user hadoop from 43.156.122.96 port 49710 ssh2
Jul 28 13:34:12 proxy sshd[196193]: Failed password for invalid user test1 from 218.78.63.36 port 35794 ssh2
Jul 28 13:34:12 proxy sshd[196197]: User root from 43.153.66.145 not allowed because listed in DenyUsers
Jul 28 13:34:12 proxy sshd[196197]: pam_unix(sshd:auth): authentication failure; logname= uid=0 euid=0 tty=ssh ruser= rhost=43.153.66.145  user=root
Jul 28 13:34:13 proxy sshd[196193]: Received disconnect from 218.78.63.36 port 35794:11: Bye Bye [preauth]
Jul 28 13:34:13 proxy sshd[196193]: Disconnected from invalid user test1 218.78.63.36 port 35794 [preauth]
Jul 28 13:34:13 proxy sshd[196194]: Received disconnect from 43.156.122.96 port 49710:11: Bye Bye [preauth]
Jul 28 13:34:13 proxy sshd[196194]: Disconnected from invalid user hadoop 43.156.122.96 port 49710 [preauth]
Jul 28 13:34:14 proxy sshd[196197]: Failed password for invalid user root from 43.153.66.145 port 34662 ssh2
Jul 28 13:34:15 proxy sshd[196197]: Received disconnect from 43.153.66.145 port 34662:11: Bye Bye [preauth]
Jul 28 13:34:15 proxy sshd[196197]: Disconnected from invalid user root 43.153.66.145 port 34662 [preauth]
Jul 28 13:34:18 proxy sshd[196199]: Invalid user dev from 181.50.70.106 port 52906
Jul 28 13:34:18 proxy sshd[196199]: pam_unix(sshd:auth): check pass; user unknown
Jul 28 13:34:18 proxy sshd[196199]: pam_unix(sshd:auth): authentication failure; logname= uid=0 euid=0 tty=ssh ruser= rhost=181.50.70.106 
Jul 28 13:34:20 proxy sshd[196199]: Failed password for invalid user dev from 181.50.70.106 port 52906 ssh2
Jul 28 13:34:22 proxy sshd[196199]: Received disconnect from 181.50.70.106 port 52906:11: Bye Bye [preauth]
Jul 28 13:34:22 proxy sshd[196199]: Disconnected from invalid user dev 181.50.70.106 port 52906 [preauth]
Jul 28 13:34:38 proxy sshd[196203]: Invalid user ubuntu from 146.59.197.134 port 37738
Jul 28 13:34:38 proxy sshd[196203]: pam_unix(sshd:auth): check pass; user unknown
Jul 28 13:34:38 proxy sshd[196203]: pam_unix(sshd:auth): authentication failure; logname= uid=0 euid=0 tty=ssh ruser= rhost=146.59.197.134 
Jul 28 13:34:38 proxy sshd[196201]: Invalid user devuser from 186.225.14.33 port 49370
Jul 28 13:34:38 proxy sshd[196201]: pam_unix(sshd:auth): check pass; user unknown
Jul 28 13:34:38 proxy sshd[196201]: pam_unix(sshd:auth): authentication failure; logname= uid=0 euid=0 tty=ssh ruser= rhost=186.225.14.33 
Jul 28 13:34:40 proxy sshd[196203]: Failed password for invalid user ubuntu from 146.59.197.134 port 37738 ssh2
Jul 28 13:34:40 proxy sshd[196201]: Failed password for invalid user devuser from 186.225.14.33 port 49370 ssh2
Jul 28 13:34:41 proxy sshd[196203]: Received disconnect from 146.59.197.134 port 37738:11: Bye Bye [preauth]
Jul 28 13:34:41 proxy sshd[196203]: Disconnected from invalid user ubuntu 146.59.197.134 port 37738 [preauth]
Jul 28 13:34:41 proxy sshd[196201]: Received disconnect from 186.225.14.33 port 49370:11: Bye Bye [preauth]
Jul 28 13:34:41 proxy sshd[196201]: Disconnected from invalid user devuser 186.225.14.33 port 49370 [preauth]
Jul 28 13:34:45 proxy sshd[196205]: User root from 218.92.0.94 not allowed because listed in DenyUsers
Jul 28 13:34:45 proxy sshd[196205]: pam_unix(sshd:auth): authentication failure; logname= uid=0 euid=0 tty=ssh ruser= rhost=218.92.0.94  user=root
Jul 28 13:34:47 proxy sshd[196205]: Failed password for invalid user root from 218.92.0.94 port 41762 ssh2
Jul 28 13:34:48 proxy sshd[196207]: Invalid user hadoop from 43.157.32.60 port 44932
Jul 28 13:34:48 proxy sshd[196207]: pam_unix(sshd:auth): check pass; user unknown
Jul 28 13:34:48 proxy sshd[196207]: pam_unix(sshd:auth): authentication failure; logname= uid=0 euid=0 tty=ssh ruser= rhost=43.157.32.60 
Jul 28 13:34:49 proxy sshd[196207]: Failed password for invalid user hadoop from 43.157.32.60 port 44932 ssh2
Jul 28 13:34:50 proxy sshd[196207]: Received disconnect from 43.157.32.60 port 44932:11: Bye Bye [preauth]
Jul 28 13:34:50 proxy sshd[196207]: Disconnected from invalid user hadoop 43.157.32.60 port 44932 [preauth]
Jul 28 13:34:50 proxy sshd[196205]: Failed password for invalid user root from 218.92.0.94 port 41762 ssh2
Jul 28 13:34:53 proxy sshd[196205]: Failed password for invalid user root from 218.92.0.94 port 41762 ssh2
Jul 28 13:34:54 proxy sshd[196205]: Received disconnect from 218.92.0.94 port 41762:11:  [preauth]
Jul 28 13:34:54 proxy sshd[196205]: Disconnected from invalid user root 218.92.0.94 port 41762 [preauth]
Jul 28 13:34:54 proxy sshd[196205]: PAM 2 more authentication failures; logname= uid=0 euid=0 tty=ssh ruser= rhost=218.92.0.94  user=root
Jul 28 13:34:57 proxy sshd[196209]: Invalid user mysql from 43.156.122.96 port 52138
Jul 28 13:34:57 proxy sshd[196209]: pam_unix(sshd:auth): check pass; user unknown
Jul 28 13:34:57 proxy sshd[196209]: pam_unix(sshd:auth): authentication failure; logname= uid=0 euid=0 tty=ssh ruser= rhost=43.156.122.96 
Jul 28 13:34:59 proxy sshd[196209]: Failed password for invalid user mysql from 43.156.122.96 port 52138 ssh2
Jul 28 13:35:00 proxy sshd[196209]: Received disconnect from 43.156.122.96 port 52138:11: Bye Bye [preauth]
Jul 28 13:35:00 proxy sshd[196209]: Disconnected from invalid user mysql 43.156.122.96 port 52138 [preauth]
Jul 28 13:35:07 proxy sshd[196211]: Invalid user deploy from 218.78.63.36 port 44190
Jul 28 13:35:07 proxy sshd[196211]: pam_unix(sshd:auth): check pass; user unknown
Jul 28 13:35:07 proxy sshd[196211]: pam_unix(sshd:auth): authentication failure; logname= uid=0 euid=0 tty=ssh ruser= rhost=218.78.63.36 
Jul 28 13:35:09 proxy sshd[196213]: User root from 43.153.66.145 not allowed because listed in DenyUsers
Jul 28 13:35:09 proxy sshd[196213]: pam_unix(sshd:auth): authentication failure; logname= uid=0 euid=0 tty=ssh ruser= rhost=43.153.66.145  user=root
Jul 28 13:35:10 proxy sshd[196211]: Failed password for invalid user deploy from 218.78.63.36 port 44190 ssh2
Jul 28 13:35:10 proxy sshd[196213]: Failed password for invalid user root from 43.153.66.145 port 48912 ssh2
Jul 28 13:35:10 proxy sshd[196211]: Received disconnect from 218.78.63.36 port 44190:11: Bye Bye [preauth]
Jul 28 13:35:10 proxy sshd[196211]: Disconnected from invalid user deploy 218.78.63.36 port 44190 [preauth]
Jul 28 13:35:11 proxy sshd[196213]: Received disconnect from 43.153.66.145 port 48912:11: Bye Bye [preauth]
Jul 28 13:35:11 proxy sshd[196213]: Disconnected from invalid user root 43.153.66.145 port 48912 [preauth]
Jul 28 13:35:19 proxy sshd[196215]: User root from 146.59.197.134 not allowed because listed in DenyUsers
Jul 28 13:35:19 proxy sshd[196215]: pam_unix(sshd:auth): authentication failure; logname= uid=0 euid=0 tty=ssh ruser= rhost=146.59.197.134  user=root
Jul 28 13:35:21 proxy sshd[196215]: Failed password for invalid user root from 146.59.197.134 port 34760 ssh2
Jul 28 13:35:22 proxy sshd[196215]: Received disconnect from 146.59.197.134 port 34760:11: Bye Bye [preauth]
Jul 28 13:35:22 proxy sshd[196215]: Disconnected from invalid user root 146.59.197.134 port 34760 [preauth]
Jul 28 13:35:24 proxy sshd[196217]: User root from 181.50.70.106 not allowed because listed in DenyUsers
Jul 28 13:35:24 proxy sshd[196217]: pam_unix(sshd:auth): authentication failure; logname= uid=0 euid=0 tty=ssh ruser= rhost=181.50.70.106  user=root
Jul 28 13:35:26 proxy sshd[196217]: Failed password for invalid user root from 181.50.70.106 port 41666 ssh2
Jul 28 13:35:27 proxy sshd[196217]: Received disconnect from 181.50.70.106 port 41666:11: Bye Bye [preauth]
Jul 28 13:35:27 proxy sshd[196217]: Disconnected from invalid user root 181.50.70.106 port 41666 [preauth]
Jul 28 13:35:27 proxy sshd[196219]: User root from 43.157.32.60 not allowed because listed in DenyUsers
Jul 28 13:35:27 proxy sshd[196219]: pam_unix(sshd:auth): authentication failure; logname= uid=0 euid=0 tty=ssh ruser= rhost=43.157.32.60  user=root
Jul 28 13:35:29 proxy sshd[196219]: Failed password for invalid user root from 43.157.32.60 port 59198 ssh2
Jul 28 13:35:30 proxy sshd[196219]: Received disconnect from 43.157.32.60 port 59198:11: Bye Bye [preauth]
Jul 28 13:35:30 proxy sshd[196219]: Disconnected from invalid user root 43.157.32.60 port 59198 [preauth]
Jul 28 13:35:36 proxy sshd[196221]: User root from 186.225.14.33 not allowed because listed in DenyUsers
Jul 28 13:35:36 proxy sshd[196221]: pam_unix(sshd:auth): authentication failure; logname= uid=0 euid=0 tty=ssh ruser= rhost=186.225.14.33  user=root
Jul 28 13:35:39 proxy sshd[196221]: Failed password for invalid user root from 186.225.14.33 port 35782 ssh2
Jul 28 13:35:39 proxy sshd[196221]: Received disconnect from 186.225.14.33 port 35782:11: Bye Bye [preauth]
Jul 28 13:35:39 proxy sshd[196221]: Disconnected from invalid user root 186.225.14.33 port 35782 [preauth]
Jul 28 13:35:43 proxy sshd[196223]: User root from 218.92.0.94 not allowed because listed in DenyUsers
Jul 28 13:35:44 proxy sshd[196225]: Invalid user user123 from 43.156.122.96 port 55886
Jul 28 13:35:44 proxy sshd[196225]: pam_unix(sshd:auth): check pass; user unknown
Jul 28 13:35:44 proxy sshd[196225]: pam_unix(sshd:auth): authentication failure; logname= uid=0 euid=0 tty=ssh ruser= rhost=43.156.122.96 
Jul 28 13:35:44 proxy sshd[196227]: Invalid user dallas from 92.118.39.239 port 38760
Jul 28 13:35:44 proxy sshd[196223]: pam_unix(sshd:auth): authentication failure; logname= uid=0 euid=0 tty=ssh ruser= rhost=218.92.0.94  user=root
Jul 28 13:35:44 proxy sshd[196227]: pam_unix(sshd:auth): check pass; user unknown
Jul 28 13:35:44 proxy sshd[196227]: pam_unix(sshd:auth): authentication failure; logname= uid=0 euid=0 tty=ssh ruser= rhost=92.118.39.239 
Jul 28 13:35:46 proxy sshd[196225]: Failed password for invalid user user123 from 43.156.122.96 port 55886 ssh2
Jul 28 13:35:46 proxy sshd[196223]: Failed password for invalid user root from 218.92.0.94 port 51163 ssh2
Jul 28 13:35:46 proxy sshd[196225]: Received disconnect from 43.156.122.96 port 55886:11: Bye Bye [preauth]
Jul 28 13:35:46 proxy sshd[196225]: Disconnected from invalid user user123 43.156.122.96 port 55886 [preauth]
Jul 28 13:35:46 proxy sshd[196227]: Failed password for invalid user dallas from 92.118.39.239 port 38760 ssh2
Jul 28 13:35:48 proxy sshd[196227]: Connection closed by invalid user dallas 92.118.39.239 port 38760 [preauth]
Jul 28 13:35:50 proxy sshd[196223]: Failed password for invalid user root from 218.92.0.94 port 51163 ssh2
Jul 28 13:35:53 proxy sshd[196223]: Failed password for invalid user root from 218.92.0.94 port 51163 ssh2
Jul 28 13:35:54 proxy sshd[196223]: Received disconnect from 218.92.0.94 port 51163:11:  [preauth]
Jul 28 13:35:54 proxy sshd[196223]: Disconnected from invalid user root 218.92.0.94 port 51163 [preauth]
Jul 28 13:35:54 proxy sshd[196223]: PAM 2 more authentication failures; logname= uid=0 euid=0 tty=ssh ruser= rhost=218.92.0.94  user=root
Jul 28 13:36:01 proxy sshd[196229]: User root from 146.59.197.134 not allowed because listed in DenyUsers
Jul 28 13:36:01 proxy sshd[196229]: pam_unix(sshd:auth): authentication failure; logname= uid=0 euid=0 tty=ssh ruser= rhost=146.59.197.134  user=root
Jul 28 13:36:03 proxy sshd[196229]: Failed password for invalid user root from 146.59.197.134 port 57062 ssh2
Jul 28 13:36:04 proxy sshd[196229]: Received disconnect from 146.59.197.134 port 57062:11: Bye Bye [preauth]
Jul 28 13:36:04 proxy sshd[196229]: Disconnected from invalid user root 146.59.197.134 port 57062 [preauth]
Jul 28 13:36:04 proxy sshd[196231]: Invalid user giraffenow from 152.136.103.58 port 53486
Jul 28 13:36:04 proxy sshd[196231]: pam_unix(sshd:auth): check pass; user unknown
Jul 28 13:36:04 proxy sshd[196231]: pam_unix(sshd:auth): authentication failure; logname= uid=0 euid=0 tty=ssh ruser= rhost=152.136.103.58 
Jul 28 13:36:06 proxy sshd[196231]: Failed password for invalid user giraffenow from 152.136.103.58 port 53486 ssh2
Jul 28 13:36:07 proxy sshd[196231]: Connection closed by invalid user giraffenow 152.136.103.58 port 53486 [preauth]
Jul 28 13:36:07 proxy sshd[196234]: User root from 140.143.235.187 not allowed because listed in DenyUsers
Jul 28 13:36:07 proxy sshd[196234]: pam_unix(sshd:auth): authentication failure; logname= uid=0 euid=0 tty=ssh ruser= rhost=140.143.235.187  user=root
Jul 28 13:36:08 proxy sshd[196234]: Failed password for invalid user root from 140.143.235.187 port 48322 ssh2
Jul 28 13:36:10 proxy sshd[196234]: Received disconnect from 140.143.235.187 port 48322:11: Bye Bye [preauth]
Jul 28 13:36:10 proxy sshd[196234]: Disconnected from invalid user root 140.143.235.187 port 48322 [preauth]
Jul 28 13:36:15 proxy sshd[196236]: User root from 43.157.32.60 not allowed because listed in DenyUsers
Jul 28 13:36:15 proxy sshd[196236]: pam_unix(sshd:auth): authentication failure; logname= uid=0 euid=0 tty=ssh ruser= rhost=43.157.32.60  user=root
Jul 28 13:36:17 proxy sshd[196236]: Failed password for invalid user root from 43.157.32.60 port 45240 ssh2
Jul 28 13:36:18 proxy sshd[196236]: Received disconnect from 43.157.32.60 port 45240:11: Bye Bye [preauth]
Jul 28 13:36:18 proxy sshd[196236]: Disconnected from invalid user root 43.157.32.60 port 45240 [preauth]
Jul 28 13:36:27 proxy sshd[196238]: Invalid user dev from 43.153.66.145 port 34960
Jul 28 13:36:27 proxy sshd[196238]: pam_unix(sshd:auth): check pass; user unknown
Jul 28 13:36:27 proxy sshd[196238]: pam_unix(sshd:auth): authentication failure; logname= uid=0 euid=0 tty=ssh ruser= rhost=43.153.66.145 
Jul 28 13:36:29 proxy sshd[196238]: Failed password for invalid user dev from 43.153.66.145 port 34960 ssh2
Jul 28 13:36:29 proxy sshd[196238]: Received disconnect from 43.153.66.145 port 34960:11: Bye Bye [preauth]
Jul 28 13:36:29 proxy sshd[196238]: Disconnected from invalid user dev 43.153.66.145 port 34960 [preauth]
Jul 28 13:36:30 proxy sshd[196240]: User root from 43.156.122.96 not allowed because listed in DenyUsers
Jul 28 13:36:30 proxy sshd[196240]: pam_unix(sshd:auth): authentication failure; logname= uid=0 euid=0 tty=ssh ruser= rhost=43.156.122.96  user=root
Jul 28 13:36:31 proxy sshd[196242]: User root from 186.225.14.33 not allowed because listed in DenyUsers
Jul 28 13:36:31 proxy sshd[196242]: pam_unix(sshd:auth): authentication failure; logname= uid=0 euid=0 tty=ssh ruser= rhost=186.225.14.33  user=root
Jul 28 13:36:32 proxy sshd[196244]: Invalid user user123 from 181.50.70.106 port 58670
Jul 28 13:36:32 proxy sshd[196244]: pam_unix(sshd:auth): check pass; user unknown
Jul 28 13:36:32 proxy sshd[196244]: pam_unix(sshd:auth): authentication failure; logname= uid=0 euid=0 tty=ssh ruser= rhost=181.50.70.106 
Jul 28 13:36:32 proxy sshd[196240]: Failed password for invalid user root from 43.156.122.96 port 57840 ssh2
Jul 28 13:36:33 proxy sshd[196240]: Received disconnect from 43.156.122.96 port 57840:11: Bye Bye [preauth]
Jul 28 13:36:33 proxy sshd[196240]: Disconnected from invalid user root 43.156.122.96 port 57840 [preauth]
Jul 28 13:36:33 proxy sshd[196242]: Failed password for invalid user root from 186.225.14.33 port 50412 ssh2
Jul 28 13:36:34 proxy sshd[196244]: Failed password for invalid user user123 from 181.50.70.106 port 58670 ssh2
Jul 28 13:36:34 proxy sshd[196242]: Received disconnect from 186.225.14.33 port 50412:11: Bye Bye [preauth]
Jul 28 13:36:34 proxy sshd[196242]: Disconnected from invalid user root 186.225.14.33 port 50412 [preauth]
Jul 28 13:36:34 proxy sshd[196244]: Received disconnect from 181.50.70.106 port 58670:11: Bye Bye [preauth]
Jul 28 13:36:34 proxy sshd[196244]: Disconnected from invalid user user123 181.50.70.106 port 58670 [preauth]
Jul 28 13:36:39 proxy sshd[196246]: User root from 140.143.235.187 not allowed because listed in DenyUsers
Jul 28 13:36:39 proxy sshd[196246]: pam_unix(sshd:auth): authentication failure; logname= uid=0 euid=0 tty=ssh ruser= rhost=140.143.235.187  user=root
Jul 28 13:36:41 proxy sshd[196246]: Failed password for invalid user root from 140.143.235.187 port 55312 ssh2
Jul 28 13:36:42 proxy sshd[196246]: Received disconnect from 140.143.235.187 port 55312:11: Bye Bye [preauth]
Jul 28 13:36:42 proxy sshd[196246]: Disconnected from invalid user root 140.143.235.187 port 55312 [preauth]
Jul 28 13:36:43 proxy sshd[196248]: User root from 218.92.0.94 not allowed because listed in DenyUsers
Jul 28 13:36:43 proxy sshd[196248]: pam_unix(sshd:auth): authentication failure; logname= uid=0 euid=0 tty=ssh ruser= rhost=218.92.0.94  user=root
Jul 28 13:36:44 proxy sshd[196250]: Invalid user mysql from 146.59.197.134 port 37208
Jul 28 13:36:44 proxy sshd[196250]: pam_unix(sshd:auth): check pass; user unknown
Jul 28 13:36:44 proxy sshd[196250]: pam_unix(sshd:auth): authentication failure; logname= uid=0 euid=0 tty=ssh ruser= rhost=146.59.197.134 
Jul 28 13:36:45 proxy sshd[196248]: Failed password for invalid user root from 218.92.0.94 port 64110 ssh2
Jul 28 13:36:46 proxy sshd[196250]: Failed password for invalid user mysql from 146.59.197.134 port 37208 ssh2
Jul 28 13:36:48 proxy sshd[196248]: Received disconnect from 218.92.0.94 port 64110:11:  [preauth]
Jul 28 13:36:48 proxy sshd[196248]: Disconnected from invalid user root 218.92.0.94 port 64110 [preauth]
Jul 28 13:36:48 proxy sshd[196250]: Received disconnect from 146.59.197.134 port 37208:11: Bye Bye [preauth]
Jul 28 13:36:48 proxy sshd[196250]: Disconnected from invalid user mysql 146.59.197.134 port 37208 [preauth]
Jul 28 13:36:56 proxy sshd[196252]: Invalid user ubuntu from 43.157.32.60 port 59504
Jul 28 13:36:56 proxy sshd[196252]: pam_unix(sshd:auth): check pass; user unknown
Jul 28 13:36:56 proxy sshd[196252]: pam_unix(sshd:auth): authentication failure; logname= uid=0 euid=0 tty=ssh ruser= rhost=43.157.32.60 
Jul 28 13:36:59 proxy sshd[196252]: Failed password for invalid user ubuntu from 43.157.32.60 port 59504 ssh2
Jul 28 13:36:59 proxy sshd[196252]: Received disconnect from 43.157.32.60 port 59504:11: Bye Bye [preauth]
Jul 28 13:36:59 proxy sshd[196252]: Disconnected from invalid user ubuntu 43.157.32.60 port 59504 [preauth]
Jul 28 13:37:09 proxy sshd[196255]: User root from 140.143.235.187 not allowed because listed in DenyUsers
Jul 28 13:37:09 proxy sshd[196255]: pam_unix(sshd:auth): authentication failure; logname= uid=0 euid=0 tty=ssh ruser= rhost=140.143.235.187  user=root
Jul 28 13:37:10 proxy sshd[196257]: User root from 43.153.66.145 not allowed because listed in DenyUsers
Jul 28 13:37:10 proxy sshd[196257]: pam_unix(sshd:auth): authentication failure; logname= uid=0 euid=0 tty=ssh ruser= rhost=43.153.66.145  user=root
Jul 28 13:37:10 proxy sshd[196255]: Failed password for invalid user root from 140.143.235.187 port 34064 ssh2
Jul 28 13:37:12 proxy sshd[196255]: Received disconnect from 140.143.235.187 port 34064:11: Bye Bye [preauth]
Jul 28 13:37:12 proxy sshd[196255]: Disconnected from invalid user root 140.143.235.187 port 34064 [preauth]
Jul 28 13:37:12 proxy sshd[196257]: Failed password for invalid user root from 43.153.66.145 port 49194 ssh2
Jul 28 13:37:13 proxy sshd[196257]: Received disconnect from 43.153.66.145 port 49194:11: Bye Bye [preauth]
Jul 28 13:37:13 proxy sshd[196257]: Disconnected from invalid user root 43.153.66.145 port 49194 [preauth]
Jul 28 13:37:16 proxy sshd[196259]: Invalid user gitea from 43.156.122.96 port 45940
Jul 28 13:37:16 proxy sshd[196259]: pam_unix(sshd:auth): check pass; user unknown
Jul 28 13:37:16 proxy sshd[196259]: pam_unix(sshd:auth): authentication failure; logname= uid=0 euid=0 tty=ssh ruser= rhost=43.156.122.96 
Jul 28 13:37:18 proxy sshd[196259]: Failed password for invalid user gitea from 43.156.122.96 port 45940 ssh2
Jul 28 13:37:18 proxy sshd[196259]: Received disconnect from 43.156.122.96 port 45940:11: Bye Bye [preauth]
Jul 28 13:37:18 proxy sshd[196259]: Disconnected from invalid user gitea 43.156.122.96 port 45940 [preauth]
Jul 28 13:37:26 proxy sshd[196263]: User root from 146.59.197.134 not allowed because listed in DenyUsers
Jul 28 13:37:26 proxy sshd[196263]: pam_unix(sshd:auth): authentication failure; logname= uid=0 euid=0 tty=ssh ruser= rhost=146.59.197.134  user=root
Jul 28 13:37:26 proxy sshd[196261]: User root from 186.225.14.33 not allowed because listed in DenyUsers
Jul 28 13:37:26 proxy sshd[196261]: pam_unix(sshd:auth): authentication failure; logname= uid=0 euid=0 tty=ssh ruser= rhost=186.225.14.33  user=root
Jul 28 13:37:28 proxy sshd[196263]: Failed password for invalid user root from 146.59.197.134 port 48250 ssh2
Jul 28 13:37:28 proxy sshd[196261]: Failed password for invalid user root from 186.225.14.33 port 36826 ssh2
Jul 28 13:37:28 proxy sshd[196263]: Received disconnect from 146.59.197.134 port 48250:11: Bye Bye [preauth]
Jul 28 13:37:28 proxy sshd[196263]: Disconnected from invalid user root 146.59.197.134 port 48250 [preauth]
Jul 28 13:37:29 proxy sshd[196261]: Received disconnect from 186.225.14.33 port 36826:11: Bye Bye [preauth]
Jul 28 13:37:29 proxy sshd[196261]: Disconnected from invalid user root 186.225.14.33 port 36826 [preauth]
Jul 28 13:37:38 proxy sshd[196265]: Invalid user ubuntu from 181.50.70.106 port 47432
Jul 28 13:37:38 proxy sshd[196265]: pam_unix(sshd:auth): check pass; user unknown
Jul 28 13:37:38 proxy sshd[196265]: pam_unix(sshd:auth): authentication failure; logname= uid=0 euid=0 tty=ssh ruser= rhost=181.50.70.106 
Jul 28 13:37:39 proxy sshd[196267]: Invalid user test1 from 140.143.235.187 port 41052
Jul 28 13:37:39 proxy sshd[196267]: pam_unix(sshd:auth): check pass; user unknown
Jul 28 13:37:39 proxy sshd[196267]: pam_unix(sshd:auth): authentication failure; logname= uid=0 euid=0 tty=ssh ruser= rhost=140.143.235.187 
Jul 28 13:37:40 proxy sshd[196269]: Invalid user gitea from 43.157.32.60 port 45544
Jul 28 13:37:40 proxy sshd[196269]: pam_unix(sshd:auth): check pass; user unknown
Jul 28 13:37:40 proxy sshd[196269]: pam_unix(sshd:auth): authentication failure; logname= uid=0 euid=0 tty=ssh ruser= rhost=43.157.32.60 
Jul 28 13:37:40 proxy sshd[196267]: Failed password for invalid user test1 from 140.143.235.187 port 41052 ssh2
Jul 28 13:37:41 proxy sshd[196265]: Failed password for invalid user ubuntu from 181.50.70.106 port 47432 ssh2
Jul 28 13:37:41 proxy sshd[196267]: Received disconnect from 140.143.235.187 port 41052:11: Bye Bye [preauth]
Jul 28 13:37:41 proxy sshd[196267]: Disconnected from invalid user test1 140.143.235.187 port 41052 [preauth]
Jul 28 13:37:41 proxy sshd[196265]: Received disconnect from 181.50.70.106 port 47432:11: Bye Bye [preauth]
Jul 28 13:37:41 proxy sshd[196265]: Disconnected from invalid user ubuntu 181.50.70.106 port 47432 [preauth]
Jul 28 13:37:41 proxy sshd[196271]: User root from 218.92.0.94 not allowed because listed in DenyUsers
Jul 28 13:37:42 proxy sshd[196271]: pam_unix(sshd:auth): authentication failure; logname= uid=0 euid=0 tty=ssh ruser= rhost=218.92.0.94  user=root
Jul 28 13:37:42 proxy sshd[196269]: Failed password for invalid user gitea from 43.157.32.60 port 45544 ssh2
Jul 28 13:37:43 proxy sshd[196269]: Received disconnect from 43.157.32.60 port 45544:11: Bye Bye [preauth]
Jul 28 13:37:43 proxy sshd[196269]: Disconnected from invalid user gitea 43.157.32.60 port 45544 [preauth]
Jul 28 13:37:44 proxy sshd[196271]: Failed password for invalid user root from 218.92.0.94 port 14382 ssh2
Jul 28 13:37:49 proxy sshd[196271]: message repeated 2 times: [ Failed password for invalid user root from 218.92.0.94 port 14382 ssh2]
Jul 28 13:37:50 proxy sshd[196271]: Received disconnect from 218.92.0.94 port 14382:11:  [preauth]
Jul 28 13:37:50 proxy sshd[196271]: Disconnected from invalid user root 218.92.0.94 port 14382 [preauth]
Jul 28 13:37:50 proxy sshd[196271]: PAM 2 more authentication failures; logname= uid=0 euid=0 tty=ssh ruser= rhost=218.92.0.94  user=root
Jul 28 13:37:53 proxy sshd[196273]: User root from 43.153.66.145 not allowed because listed in DenyUsers
Jul 28 13:37:53 proxy sshd[196273]: pam_unix(sshd:auth): authentication failure; logname= uid=0 euid=0 tty=ssh ruser= rhost=43.153.66.145  user=root
Jul 28 13:37:55 proxy sshd[196273]: Failed password for invalid user root from 43.153.66.145 port 35186 ssh2
Jul 28 13:37:56 proxy sshd[196273]: Received disconnect from 43.153.66.145 port 35186:11: Bye Bye [preauth]
Jul 28 13:37:56 proxy sshd[196273]: Disconnected from invalid user root 43.153.66.145 port 35186 [preauth]
Jul 28 13:38:05 proxy sshd[196276]: User root from 43.156.122.96 not allowed because listed in DenyUsers
Jul 28 13:38:05 proxy sshd[196276]: pam_unix(sshd:auth): authentication failure; logname= uid=0 euid=0 tty=ssh ruser= rhost=43.156.122.96  user=root
Jul 28 13:38:07 proxy sshd[196276]: Failed password for invalid user root from 43.156.122.96 port 33914 ssh2
Jul 28 13:38:08 proxy sshd[196276]: Received disconnect from 43.156.122.96 port 33914:11: Bye Bye [preauth]
Jul 28 13:38:08 proxy sshd[196276]: Disconnected from invalid user root 43.156.122.96 port 33914 [preauth]
Jul 28 13:38:08 proxy sshd[196278]: Invalid user git from 140.143.235.187 port 48028
Jul 28 13:38:08 proxy sshd[196278]: pam_unix(sshd:auth): check pass; user unknown
Jul 28 13:38:08 proxy sshd[196278]: pam_unix(sshd:auth): authentication failure; logname= uid=0 euid=0 tty=ssh ruser= rhost=140.143.235.187 
Jul 28 13:38:08 proxy sshd[196280]: Invalid user dev from 146.59.197.134 port 54318
Jul 28 13:38:08 proxy sshd[196280]: pam_unix(sshd:auth): check pass; user unknown
Jul 28 13:38:08 proxy sshd[196280]: pam_unix(sshd:auth): authentication failure; logname= uid=0 euid=0 tty=ssh ruser= rhost=146.59.197.134 
Jul 28 13:38:10 proxy sshd[196278]: Failed password for invalid user git from 140.143.235.187 port 48028 ssh2
Jul 28 13:38:11 proxy sshd[196280]: Failed password for invalid user dev from 146.59.197.134 port 54318 ssh2
Jul 28 13:38:11 proxy sshd[196278]: Received disconnect from 140.143.235.187 port 48028:11: Bye Bye [preauth]
Jul 28 13:38:11 proxy sshd[196278]: Disconnected from invalid user git 140.143.235.187 port 48028 [preauth]
Jul 28 13:38:13 proxy sshd[196280]: Received disconnect from 146.59.197.134 port 54318:11: Bye Bye [preauth]
Jul 28 13:38:13 proxy sshd[196280]: Disconnected from invalid user dev 146.59.197.134 port 54318 [preauth]
Jul 28 13:38:21 proxy sshd[196282]: Invalid user hadoop from 186.225.14.33 port 51462
Jul 28 13:38:21 proxy sshd[196282]: pam_unix(sshd:auth): check pass; user unknown
Jul 28 13:38:21 proxy sshd[196282]: pam_unix(sshd:auth): authentication failure; logname= uid=0 euid=0 tty=ssh ruser= rhost=186.225.14.33 
Jul 28 13:38:22 proxy sshd[196282]: Failed password for invalid user hadoop from 186.225.14.33 port 51462 ssh2
Jul 28 13:38:23 proxy sshd[196282]: Received disconnect from 186.225.14.33 port 51462:11: Bye Bye [preauth]
Jul 28 13:38:23 proxy sshd[196282]: Disconnected from invalid user hadoop 186.225.14.33 port 51462 [preauth]
Jul 28 13:38:26 proxy sshd[196285]: Invalid user hadoop from 43.157.32.60 port 59812
Jul 28 13:38:26 proxy sshd[196285]: pam_unix(sshd:auth): check pass; user unknown
Jul 28 13:38:26 proxy sshd[196285]: pam_unix(sshd:auth): authentication failure; logname= uid=0 euid=0 tty=ssh ruser= rhost=43.157.32.60 
Jul 28 13:38:29 proxy sshd[196285]: Failed password for invalid user hadoop from 43.157.32.60 port 59812 ssh2
Jul 28 13:38:31 proxy sshd[196285]: Received disconnect from 43.157.32.60 port 59812:11: Bye Bye [preauth]
Jul 28 13:38:31 proxy sshd[196285]: Disconnected from invalid user hadoop 43.157.32.60 port 59812 [preauth]
Jul 28 13:38:37 proxy sshd[196287]: Invalid user devuser from 140.143.235.187 port 55012
Jul 28 13:38:37 proxy sshd[196287]: pam_unix(sshd:auth): check pass; user unknown
Jul 28 13:38:37 proxy sshd[196287]: pam_unix(sshd:auth): authentication failure; logname= uid=0 euid=0 tty=ssh ruser= rhost=140.143.235.187 
Jul 28 13:38:39 proxy sshd[196289]: Invalid user mimi from 43.153.66.145 port 49420
Jul 28 13:38:39 proxy sshd[196289]: pam_unix(sshd:auth): check pass; user unknown
Jul 28 13:38:39 proxy sshd[196289]: pam_unix(sshd:auth): authentication failure; logname= uid=0 euid=0 tty=ssh ruser= rhost=43.153.66.145 
Jul 28 13:38:39 proxy sshd[196287]: Failed password for invalid user devuser from 140.143.235.187 port 55012 ssh2
Jul 28 13:38:40 proxy sshd[196287]: Received disconnect from 140.143.235.187 port 55012:11: Bye Bye [preauth]
Jul 28 13:38:40 proxy sshd[196287]: Disconnected from invalid user devuser 140.143.235.187 port 55012 [preauth]
Jul 28 13:38:41 proxy sshd[196291]: User root from 218.92.0.94 not allowed because listed in DenyUsers
Jul 28 13:38:41 proxy sshd[196291]: pam_unix(sshd:auth): authentication failure; logname= uid=0 euid=0 tty=ssh ruser= rhost=218.92.0.94  user=root
Jul 28 13:38:41 proxy sshd[196289]: Failed password for invalid user mimi from 43.153.66.145 port 49420 ssh2
Jul 28 13:38:42 proxy sshd[196289]: Received disconnect from 43.153.66.145 port 49420:11: Bye Bye [preauth]
Jul 28 13:38:42 proxy sshd[196289]: Disconnected from invalid user mimi 43.153.66.145 port 49420 [preauth]
Jul 28 13:38:43 proxy sshd[196291]: Failed password for invalid user root from 218.92.0.94 port 22043 ssh2
Jul 28 13:38:45 proxy sshd[196293]: Invalid user test1 from 181.50.70.106 port 36196
Jul 28 13:38:45 proxy sshd[196293]: pam_unix(sshd:auth): check pass; user unknown
Jul 28 13:38:45 proxy sshd[196293]: pam_unix(sshd:auth): authentication failure; logname= uid=0 euid=0 tty=ssh ruser= rhost=181.50.70.106 
Jul 28 13:38:46 proxy sshd[196293]: Failed password for invalid user test1 from 181.50.70.106 port 36196 ssh2
Jul 28 13:38:46 proxy sshd[196293]: Received disconnect from 181.50.70.106 port 36196:11: Bye Bye [preauth]
Jul 28 13:38:46 proxy sshd[196293]: Disconnected from invalid user test1 181.50.70.106 port 36196 [preauth]
Jul 28 13:38:46 proxy sshd[196291]: Failed password for invalid user root from 218.92.0.94 port 22043 ssh2
Jul 28 13:38:49 proxy sshd[196291]: Failed password for invalid user root from 218.92.0.94 port 22043 ssh2
Jul 28 13:38:50 proxy sshd[196291]: Received disconnect from 218.92.0.94 port 22043:11:  [preauth]
Jul 28 13:38:50 proxy sshd[196291]: Disconnected from invalid user root 218.92.0.94 port 22043 [preauth]
Jul 28 13:38:50 proxy sshd[196291]: PAM 2 more authentication failures; logname= uid=0 euid=0 tty=ssh ruser= rhost=218.92.0.94  user=root
Jul 28 13:38:50 proxy sshd[196295]: Invalid user devuser from 146.59.197.134 port 54262
Jul 28 13:38:50 proxy sshd[196295]: pam_unix(sshd:auth): check pass; user unknown
Jul 28 13:38:50 proxy sshd[196295]: pam_unix(sshd:auth): authentication failure; logname= uid=0 euid=0 tty=ssh ruser= rhost=146.59.197.134 
Jul 28 13:38:53 proxy sshd[196295]: Failed password for invalid user devuser from 146.59.197.134 port 54262 ssh2
Jul 28 13:38:53 proxy sshd[196295]: Received disconnect from 146.59.197.134 port 54262:11: Bye Bye [preauth]
Jul 28 13:38:53 proxy sshd[196295]: Disconnected from invalid user devuser 146.59.197.134 port 54262 [preauth]
Jul 28 13:38:56 proxy sshd[196297]: User root from 43.156.122.96 not allowed because listed in DenyUsers
Jul 28 13:38:56 proxy sshd[196297]: pam_unix(sshd:auth): authentication failure; logname= uid=0 euid=0 tty=ssh ruser= rhost=43.156.122.96  user=root
Jul 28 13:38:58 proxy sshd[196297]: Failed password for invalid user root from 43.156.122.96 port 57454 ssh2
Jul 28 13:38:59 proxy sshd[196297]: Received disconnect from 43.156.122.96 port 57454:11: Bye Bye [preauth]
Jul 28 13:38:59 proxy sshd[196297]: Disconnected from invalid user root 43.156.122.96 port 57454 [preauth]
Jul 28 13:39:01 proxy CRON[196300]: pam_unix(cron:session): session opened for user root(uid=0) by (uid=0)
Jul 28 13:39:01 proxy CRON[196300]: pam_unix(cron:session): session closed for user root
Jul 28 13:39:07 proxy sshd[196348]: User root from 43.157.32.60 not allowed because listed in DenyUsers
Jul 28 13:39:07 proxy sshd[196348]: pam_unix(sshd:auth): authentication failure; logname= uid=0 euid=0 tty=ssh ruser= rhost=43.157.32.60  user=root
Jul 28 13:39:09 proxy sshd[196348]: Failed password for invalid user root from 43.157.32.60 port 45848 ssh2
Jul 28 13:39:10 proxy sshd[196348]: Received disconnect from 43.157.32.60 port 45848:11: Bye Bye [preauth]
Jul 28 13:39:10 proxy sshd[196348]: Disconnected from invalid user root 43.157.32.60 port 45848 [preauth]
Jul 28 13:39:15 proxy sshd[196350]: Invalid user user123 from 186.225.14.33 port 37884
Jul 28 13:39:15 proxy sshd[196350]: pam_unix(sshd:auth): check pass; user unknown
Jul 28 13:39:15 proxy sshd[196350]: pam_unix(sshd:auth): authentication failure; logname= uid=0 euid=0 tty=ssh ruser= rhost=186.225.14.33 
Jul 28 13:39:17 proxy sshd[196350]: Failed password for invalid user user123 from 186.225.14.33 port 37884 ssh2
Jul 28 13:39:18 proxy sshd[196350]: Received disconnect from 186.225.14.33 port 37884:11: Bye Bye [preauth]
Jul 28 13:39:18 proxy sshd[196350]: Disconnected from invalid user user123 186.225.14.33 port 37884 [preauth]
Jul 28 13:39:21 proxy sshd[196352]: User root from 43.153.66.145 not allowed because listed in DenyUsers
Jul 28 13:39:21 proxy sshd[196352]: pam_unix(sshd:auth): authentication failure; logname= uid=0 euid=0 tty=ssh ruser= rhost=43.153.66.145  user=root
Jul 28 13:39:23 proxy sshd[196352]: Failed password for invalid user root from 43.153.66.145 port 35418 ssh2
Jul 28 13:39:24 proxy sshd[196352]: Received disconnect from 43.153.66.145 port 35418:11: Bye Bye [preauth]
Jul 28 13:39:24 proxy sshd[196352]: Disconnected from invalid user root 43.153.66.145 port 35418 [preauth]
Jul 28 13:39:32 proxy sshd[196354]: Invalid user server from 146.59.197.134 port 38638
Jul 28 13:39:32 proxy sshd[196354]: pam_unix(sshd:auth): check pass; user unknown
Jul 28 13:39:32 proxy sshd[196354]: pam_unix(sshd:auth): authentication failure; logname= uid=0 euid=0 tty=ssh ruser= rhost=146.59.197.134 
Jul 28 13:39:35 proxy sshd[196354]: Failed password for invalid user server from 146.59.197.134 port 38638 ssh2
Jul 28 13:39:35 proxy sshd[196354]: Received disconnect from 146.59.197.134 port 38638:11: Bye Bye [preauth]
Jul 28 13:39:35 proxy sshd[196354]: Disconnected from invalid user server 146.59.197.134 port 38638 [preauth]
Jul 28 13:39:41 proxy sshd[196356]: User root from 218.92.0.94 not allowed because listed in DenyUsers
Jul 28 13:39:42 proxy sshd[196356]: pam_unix(sshd:auth): authentication failure; logname= uid=0 euid=0 tty=ssh ruser= rhost=218.92.0.94  user=root
Jul 28 13:39:43 proxy sshd[196356]: Failed password for invalid user root from 218.92.0.94 port 44338 ssh2
Jul 28 13:39:47 proxy sshd[196356]: Failed password for invalid user root from 218.92.0.94 port 44338 ssh2
Jul 28 13:39:48 proxy sshd[196358]: User root from 43.157.32.60 not allowed because listed in DenyUsers
Jul 28 13:39:48 proxy sshd[196358]: pam_unix(sshd:auth): authentication failure; logname= uid=0 euid=0 tty=ssh ruser= rhost=43.157.32.60  user=root
Jul 28 13:39:49 proxy sshd[196356]: Failed password for invalid user root from 218.92.0.94 port 44338 ssh2
Jul 28 13:39:50 proxy sshd[196356]: Received disconnect from 218.92.0.94 port 44338:11:  [preauth]
Jul 28 13:39:50 proxy sshd[196356]: Disconnected from invalid user root 218.92.0.94 port 44338 [preauth]
Jul 28 13:39:50 proxy sshd[196356]: PAM 2 more authentication failures; logname= uid=0 euid=0 tty=ssh ruser= rhost=218.92.0.94  user=root
Jul 28 13:39:50 proxy sshd[196360]: User root from 181.50.70.106 not allowed because listed in DenyUsers
Jul 28 13:39:50 proxy sshd[196360]: pam_unix(sshd:auth): authentication failure; logname= uid=0 euid=0 tty=ssh ruser= rhost=181.50.70.106  user=root
Jul 28 13:39:50 proxy sshd[196358]: Failed password for invalid user root from 43.157.32.60 port 60112 ssh2
Jul 28 13:39:51 proxy sshd[196358]: Received disconnect from 43.157.32.60 port 60112:11: Bye Bye [preauth]
Jul 28 13:39:51 proxy sshd[196358]: Disconnected from invalid user root 43.157.32.60 port 60112 [preauth]
Jul 28 13:39:52 proxy sshd[196360]: Failed password for invalid user root from 181.50.70.106 port 53188 ssh2
Jul 28 13:39:53 proxy sshd[196360]: Received disconnect from 181.50.70.106 port 53188:11: Bye Bye [preauth]
Jul 28 13:39:53 proxy sshd[196360]: Disconnected from invalid user root 181.50.70.106 port 53188 [preauth]
Jul 28 13:40:08 proxy sshd[196363]: User root from 186.225.14.33 not allowed because listed in DenyUsers
Jul 28 13:40:08 proxy sshd[196363]: pam_unix(sshd:auth): authentication failure; logname= uid=0 euid=0 tty=ssh ruser= rhost=186.225.14.33  user=root
Jul 28 13:40:09 proxy sshd[196365]: User root from 43.153.66.145 not allowed because listed in DenyUsers
Jul 28 13:40:09 proxy sshd[196365]: pam_unix(sshd:auth): authentication failure; logname= uid=0 euid=0 tty=ssh ruser= rhost=43.153.66.145  user=root
Jul 28 13:40:10 proxy sshd[196363]: Failed password for invalid user root from 186.225.14.33 port 52532 ssh2
Jul 28 13:40:11 proxy sshd[196365]: Failed password for invalid user root from 43.153.66.145 port 49666 ssh2
Jul 28 13:40:11 proxy sshd[196363]: Received disconnect from 186.225.14.33 port 52532:11: Bye Bye [preauth]
Jul 28 13:40:11 proxy sshd[196363]: Disconnected from invalid user root 186.225.14.33 port 52532 [preauth]
Jul 28 13:40:11 proxy sshd[196365]: Received disconnect from 43.153.66.145 port 49666:11: Bye Bye [preauth]
Jul 28 13:40:11 proxy sshd[196365]: Disconnected from invalid user root 43.153.66.145 port 49666 [preauth]
Jul 28 13:40:20 proxy sshd[196367]: User root from 43.156.122.96 not allowed because listed in DenyUsers
Jul 28 13:40:20 proxy sshd[196367]: pam_unix(sshd:auth): authentication failure; logname= uid=0 euid=0 tty=ssh ruser= rhost=43.156.122.96  user=root
Jul 28 13:40:22 proxy sshd[196367]: Failed password for invalid user root from 43.156.122.96 port 50928 ssh2
Jul 28 13:40:23 proxy sshd[196367]: Received disconnect from 43.156.122.96 port 50928:11: Bye Bye [preauth]
Jul 28 13:40:23 proxy sshd[196367]: Disconnected from invalid user root 43.156.122.96 port 50928 [preauth]
Jul 28 13:40:29 proxy sshd[196369]: User root from 43.157.32.60 not allowed because listed in DenyUsers
