Jul 28 13:14:15 proxy sshd[195254]: pam_unix(sshd:auth): authentication failure; logname= uid=0 euid=0 tty=ssh ruser= rhost=193.201.9.156  user=uucp
Jul 28 13:14:17 proxy sshd[195254]: Failed password for invalid user uucp from 193.201.9.156 port 58378 ssh2
Jul 28 13:14:20 proxy sshd[195254]: Connection reset by invalid user uucp 193.201.9.156 port 58378 [preauth]
Jul 28 13:14:33 proxy sshd[195256]: Invalid user developer1 from 43.156.122.96 port 41178
Jul 28 13:14:33 proxy sshd[195256]: pam_unix(sshd:auth): check pass; user unknown
Jul 28 13:14:33 proxy sshd[195256]: pam_unix(sshd:auth): authentication failure; logname= uid=0 euid=0 tty=ssh ruser= rhost=43.156.122.96 
Jul 28 13:14:35 proxy sshd[195256]: Failed password for invalid user developer1 from 43.156.122.96 port 41178 ssh2
Jul 28 13:14:36 proxy sshd[195256]: Received disconnect from 43.156.122.96 port 41178:11: Bye Bye [preauth]
Jul 28 13:14:36 proxy sshd[195256]: Disconnected from invalid user developer1 43.156.122.96 port 41178 [preauth]
Jul 28 13:14:40 proxy sshd[195258]: User root from 218.92.0.94 not allowed because listed in DenyUsers
Jul 28 13:14:40 proxy sshd[195258]: pam_unix(sshd:auth): authentication failure; logname= uid=0 euid=0 tty=ssh ruser= rhost=218.92.0.94  user=root
Jul 28 13:14:43 proxy sshd[195258]: Failed password for invalid user root from 218.92.0.94 port 31443 ssh2
Jul 28 13:14:45 proxy sshd[195258]: Failed password for invalid user root from 218.92.0.94 port 31443 ssh2
Jul 28 13:14:46 proxy sshd[195260]: Accepted publickey for gardner from 70.118.215.107 port 49466 ssh2: RSA SHA256:ooQNMl+LrZDULKIBHeG9DmddrZdzLtoXLcjcUeCHBdc
Jul 28 13:14:46 proxy sshd[195260]: pam_unix(sshd:session): session opened for user gardner(uid=1000) by (uid=0)
Jul 28 13:14:46 proxy systemd-logind[647]: New session 717 of user gardner.
Jul 28 13:14:46 proxy systemd: pam_unix(systemd-user:session): session opened for user gardner(uid=1000) by (uid=0)
Jul 28 13:14:48 proxy sshd[195258]: Failed password for invalid user root from 218.92.0.94 port 31443 ssh2
Jul 28 13:14:49 proxy sshd[195258]: Received disconnect from 218.92.0.94 port 31443:11:  [preauth]
Jul 28 13:14:49 proxy sshd[195258]: Disconnected from invalid user root 218.92.0.94 port 31443 [preauth]
Jul 28 13:14:49 proxy sshd[195258]: PAM 2 more authentication failures; logname= uid=0 euid=0 tty=ssh ruser= rhost=218.92.0.94  user=root
Jul 28 13:14:58 proxy sshd[195401]: User root from 43.157.32.60 not allowed because listed in DenyUsers
Jul 28 13:14:58 proxy sshd[195401]: pam_unix(sshd:auth): authentication failure; logname= uid=0 euid=0 tty=ssh ruser= rhost=43.157.32.60  user=root
Jul 28 13:14:59 proxy sshd[195401]: Failed password for invalid user root from 43.157.32.60 port 41616 ssh2
Jul 28 13:15:01 proxy sshd[195401]: Received disconnect from 43.157.32.60 port 41616:11: Bye Bye [preauth]
Jul 28 13:15:01 proxy sshd[195401]: Disconnected from invalid user root 43.157.32.60 port 41616 [preauth]
Jul 28 13:15:02 proxy sshd[195369]: Received disconnect from 70.118.215.107 port 49466:11: disconnected by user
Jul 28 13:15:02 proxy sshd[195369]: Disconnected from user gardner 70.118.215.107 port 49466
Jul 28 13:15:02 proxy sshd[195260]: pam_unix(sshd:session): session closed for user gardner
Jul 28 13:15:02 proxy systemd-logind[647]: Session 717 logged out. Waiting for processes to exit.
Jul 28 13:15:02 proxy systemd-logind[647]: Removed session 717.
Jul 28 13:15:08 proxy sshd[195404]: Accepted publickey for gardner from 70.118.215.107 port 42734 ssh2: RSA SHA256:ooQNMl+LrZDULKIBHeG9DmddrZdzLtoXLcjcUeCHBdc
Jul 28 13:15:08 proxy sshd[195404]: pam_unix(sshd:session): session opened for user gardner(uid=1000) by (uid=0)
Jul 28 13:15:08 proxy systemd-logind[647]: New session 719 of user gardner.
Jul 28 13:15:08 proxy sshd[195452]: Received disconnect from 70.118.215.107 port 42734:11: disconnected by user
Jul 28 13:15:08 proxy sshd[195452]: Disconnected from user gardner 70.118.215.107 port 42734
Jul 28 13:15:08 proxy sshd[195404]: pam_unix(sshd:session): session closed for user gardner
Jul 28 13:15:08 proxy systemd-logind[647]: Session 719 logged out. Waiting for processes to exit.
Jul 28 13:15:08 proxy systemd-logind[647]: Removed session 719.
Jul 28 13:15:10 proxy sshd[195456]: Accepted publickey for gardner from 70.118.215.107 port 42742 ssh2: RSA SHA256:ooQNMl+LrZDULKIBHeG9DmddrZdzLtoXLcjcUeCHBdc
Jul 28 13:15:10 proxy sshd[195456]: pam_unix(sshd:session): session opened for user gardner(uid=1000) by (uid=0)
Jul 28 13:15:10 proxy systemd-logind[647]: New session 720 of user gardner.
Jul 28 13:15:11 proxy sshd[195504]: Received disconnect from 70.118.215.107 port 42742:11: disconnected by user
Jul 28 13:15:11 proxy sshd[195504]: Disconnected from user gardner 70.118.215.107 port 42742
Jul 28 13:15:11 proxy sshd[195456]: pam_unix(sshd:session): session closed for user gardner
Jul 28 13:15:11 proxy systemd-logind[647]: Session 720 logged out. Waiting for processes to exit.
Jul 28 13:15:11 proxy systemd-logind[647]: Removed session 720.
Jul 28 13:15:32 proxy sshd[195510]: User root from 218.92.0.94 not allowed because listed in DenyUsers
Jul 28 13:15:32 proxy sshd[195510]: pam_unix(sshd:auth): authentication failure; logname= uid=0 euid=0 tty=ssh ruser= rhost=218.92.0.94  user=root
Jul 28 13:15:34 proxy sshd[195510]: Failed password for invalid user root from 218.92.0.94 port 34416 ssh2
Jul 28 13:15:39 proxy sshd[195510]: message repeated 2 times: [ Failed password for invalid user root from 218.92.0.94 port 34416 ssh2]
Jul 28 13:15:41 proxy sshd[195510]: Received disconnect from 218.92.0.94 port 34416:11:  [preauth]
Jul 28 13:15:41 proxy sshd[195510]: Disconnected from invalid user root 218.92.0.94 port 34416 [preauth]
Jul 28 13:15:41 proxy sshd[195510]: PAM 2 more authentication failures; logname= uid=0 euid=0 tty=ssh ruser= rhost=218.92.0.94  user=root
Jul 28 13:15:50 proxy sshd[195512]: error: kex_exchange_identification: read: Connection reset by peer
Jul 28 13:15:50 proxy sshd[195512]: Connection reset by 103.145.145.75 port 55518
Jul 28 13:16:03 proxy sshd[195513]: Invalid user herbert from 92.118.39.239 port 43980
Jul 28 13:16:03 proxy sshd[195513]: pam_unix(sshd:auth): check pass; user unknown
Jul 28 13:16:03 proxy sshd[195513]: pam_unix(sshd:auth): authentication failure; logname= uid=0 euid=0 tty=ssh ruser= rhost=92.118.39.239 
Jul 28 13:16:05 proxy sshd[195513]: Failed password for invalid user herbert from 92.118.39.239 port 43980 ssh2
Jul 28 13:16:06 proxy sshd[195513]: Connection closed by invalid user herbert 92.118.39.239 port 43980 [preauth]
Jul 28 13:16:27 proxy sshd[195516]: User root from 218.92.0.94 not allowed because listed in DenyUsers
Jul 28 13:16:27 proxy sshd[195516]: pam_unix(sshd:auth): authentication failure; logname= uid=0 euid=0 tty=ssh ruser= rhost=218.92.0.94  user=root
Jul 28 13:16:28 proxy sshd[195516]: Failed password for invalid user root from 218.92.0.94 port 50653 ssh2
Jul 28 13:16:35 proxy sshd[195516]: message repeated 2 times: [ Failed password for invalid user root from 218.92.0.94 port 50653 ssh2]
Jul 28 13:16:36 proxy sshd[195516]: Received disconnect from 218.92.0.94 port 50653:11:  [preauth]
Jul 28 13:16:36 proxy sshd[195516]: Disconnected from invalid user root 218.92.0.94 port 50653 [preauth]
Jul 28 13:16:36 proxy sshd[195516]: PAM 2 more authentication failures; logname= uid=0 euid=0 tty=ssh ruser= rhost=218.92.0.94  user=root
Jul 28 13:17:01 proxy CRON[195518]: pam_unix(cron:session): session opened for user root(uid=0) by (uid=0)
Jul 28 13:17:01 proxy CRON[195518]: pam_unix(cron:session): session closed for user root
Jul 28 13:17:25 proxy sshd[195521]: Received disconnect from 218.92.0.94 port 56678:11:  [preauth]
Jul 28 13:17:25 proxy sshd[195521]: Disconnected from 218.92.0.94 port 56678 [preauth]
Jul 28 13:18:14 proxy sshd[195524]: User root from 186.225.14.33 not allowed because listed in DenyUsers
Jul 28 13:18:14 proxy sshd[195524]: pam_unix(sshd:auth): authentication failure; logname= uid=0 euid=0 tty=ssh ruser= rhost=186.225.14.33  user=root
Jul 28 13:18:16 proxy sshd[195526]: User root from 218.92.0.94 not allowed because listed in DenyUsers
Jul 28 13:18:16 proxy sshd[195526]: pam_unix(sshd:auth): authentication failure; logname= uid=0 euid=0 tty=ssh ruser= rhost=218.92.0.94  user=root
Jul 28 13:18:16 proxy sshd[195524]: Failed password for invalid user root from 186.225.14.33 port 60752 ssh2
Jul 28 13:18:17 proxy sshd[195524]: Received disconnect from 186.225.14.33 port 60752:11: Bye Bye [preauth]
Jul 28 13:18:17 proxy sshd[195524]: Disconnected from invalid user root 186.225.14.33 port 60752 [preauth]
Jul 28 13:18:18 proxy sshd[195526]: Failed password for invalid user root from 218.92.0.94 port 15212 ssh2
Jul 28 13:18:24 proxy sshd[195526]: message repeated 2 times: [ Failed password for invalid user root from 218.92.0.94 port 15212 ssh2]
Jul 28 13:18:25 proxy sshd[195526]: Received disconnect from 218.92.0.94 port 15212:11:  [preauth]
Jul 28 13:18:25 proxy sshd[195526]: Disconnected from invalid user root 218.92.0.94 port 15212 [preauth]
Jul 28 13:18:25 proxy sshd[195526]: PAM 2 more authentication failures; logname= uid=0 euid=0 tty=ssh ruser= rhost=218.92.0.94  user=root
Jul 28 13:18:28 proxy sshd[195530]: Invalid user mysql from 218.78.63.36 port 53264
Jul 28 13:18:28 proxy sshd[195530]: pam_unix(sshd:auth): check pass; user unknown
Jul 28 13:18:28 proxy sshd[195530]: pam_unix(sshd:auth): authentication failure; logname= uid=0 euid=0 tty=ssh ruser= rhost=218.78.63.36 
Jul 28 13:18:30 proxy sshd[195530]: Failed password for invalid user mysql from 218.78.63.36 port 53264 ssh2
Jul 28 13:18:31 proxy sshd[195530]: Received disconnect from 218.78.63.36 port 53264:11: Bye Bye [preauth]
Jul 28 13:18:31 proxy sshd[195530]: Disconnected from invalid user mysql 218.78.63.36 port 53264 [preauth]
Jul 28 13:19:17 proxy sshd[195532]: Received disconnect from 218.92.0.94 port 23509:11:  [preauth]
Jul 28 13:19:17 proxy sshd[195532]: Disconnected from 218.92.0.94 port 23509 [preauth]
Jul 28 13:19:25 proxy sshd[195534]: User root from 218.78.63.36 not allowed because listed in DenyUsers
Jul 28 13:19:25 proxy sshd[195534]: pam_unix(sshd:auth): authentication failure; logname= uid=0 euid=0 tty=ssh ruser= rhost=218.78.63.36  user=root
Jul 28 13:19:28 proxy sshd[195534]: Failed password for invalid user root from 218.78.63.36 port 33234 ssh2
Jul 28 13:19:28 proxy sshd[195534]: Received disconnect from 218.78.63.36 port 33234:11: Bye Bye [preauth]
Jul 28 13:19:28 proxy sshd[195534]: Disconnected from invalid user root 218.78.63.36 port 33234 [preauth]
Jul 28 13:19:55 proxy sshd[195536]: Invalid user server from 43.153.66.145 port 57822
Jul 28 13:19:55 proxy sshd[195536]: pam_unix(sshd:auth): check pass; user unknown
Jul 28 13:19:55 proxy sshd[195536]: pam_unix(sshd:auth): authentication failure; logname= uid=0 euid=0 tty=ssh ruser= rhost=43.153.66.145 
Jul 28 13:19:58 proxy sshd[195536]: Failed password for invalid user server from 43.153.66.145 port 57822 ssh2
Jul 28 13:19:59 proxy sshd[195538]: Invalid user gitea from 146.59.197.134 port 40074
Jul 28 13:19:59 proxy sshd[195538]: pam_unix(sshd:auth): check pass; user unknown
Jul 28 13:19:59 proxy sshd[195538]: pam_unix(sshd:auth): authentication failure; logname= uid=0 euid=0 tty=ssh ruser= rhost=146.59.197.134 
Jul 28 13:20:00 proxy sshd[195536]: Received disconnect from 43.153.66.145 port 57822:11: Bye Bye [preauth]
Jul 28 13:20:00 proxy sshd[195536]: Disconnected from invalid user server 43.153.66.145 port 57822 [preauth]
Jul 28 13:20:01 proxy sshd[195538]: Failed password for invalid user gitea from 146.59.197.134 port 40074 ssh2
Jul 28 13:20:02 proxy sshd[195538]: Received disconnect from 146.59.197.134 port 40074:11: Bye Bye [preauth]
Jul 28 13:20:02 proxy sshd[195538]: Disconnected from invalid user gitea 146.59.197.134 port 40074 [preauth]
Jul 28 13:20:08 proxy sshd[195540]: User root from 218.92.0.94 not allowed because listed in DenyUsers
Jul 28 13:20:08 proxy sshd[195540]: pam_unix(sshd:auth): authentication failure; logname= uid=0 euid=0 tty=ssh ruser= rhost=218.92.0.94  user=root
Jul 28 13:20:10 proxy sshd[195540]: Failed password for invalid user root from 218.92.0.94 port 38616 ssh2
Jul 28 13:20:13 proxy sshd[195540]: Failed password for invalid user root from 218.92.0.94 port 38616 ssh2
Jul 28 13:20:15 proxy sshd[195542]: Invalid user oracle from 181.50.70.106 port 40886
Jul 28 13:20:15 proxy sshd[195542]: pam_unix(sshd:auth): check pass; user unknown
Jul 28 13:20:15 proxy sshd[195542]: pam_unix(sshd:auth): authentication failure; logname= uid=0 euid=0 tty=ssh ruser= rhost=181.50.70.106 
Jul 28 13:20:15 proxy sshd[195544]: Invalid user dev from 43.157.32.60 port 56052
Jul 28 13:20:15 proxy sshd[195544]: pam_unix(sshd:auth): check pass; user unknown
Jul 28 13:20:15 proxy sshd[195544]: pam_unix(sshd:auth): authentication failure; logname= uid=0 euid=0 tty=ssh ruser= rhost=43.157.32.60 
Jul 28 13:20:15 proxy sshd[195540]: Failed password for invalid user root from 218.92.0.94 port 38616 ssh2
Jul 28 13:20:16 proxy sshd[195540]: Received disconnect from 218.92.0.94 port 38616:11:  [preauth]
Jul 28 13:20:16 proxy sshd[195540]: Disconnected from invalid user root 218.92.0.94 port 38616 [preauth]
Jul 28 13:20:16 proxy sshd[195540]: PAM 2 more authentication failures; logname= uid=0 euid=0 tty=ssh ruser= rhost=218.92.0.94  user=root
Jul 28 13:20:16 proxy sshd[195542]: Failed password for invalid user oracle from 181.50.70.106 port 40886 ssh2
Jul 28 13:20:17 proxy sshd[195542]: Received disconnect from 181.50.70.106 port 40886:11: Bye Bye [preauth]
Jul 28 13:20:17 proxy sshd[195542]: Disconnected from invalid user oracle 181.50.70.106 port 40886 [preauth]
Jul 28 13:20:17 proxy sshd[195544]: Failed password for invalid user dev from 43.157.32.60 port 56052 ssh2
Jul 28 13:20:17 proxy sshd[195544]: Received disconnect from 43.157.32.60 port 56052:11: Bye Bye [preauth]
Jul 28 13:20:17 proxy sshd[195544]: Disconnected from invalid user dev 43.157.32.60 port 56052 [preauth]
Jul 28 13:20:31 proxy sshd[195547]: Invalid user dev from 43.156.122.96 port 40636
Jul 28 13:20:31 proxy sshd[195547]: pam_unix(sshd:auth): check pass; user unknown
Jul 28 13:20:31 proxy sshd[195547]: pam_unix(sshd:auth): authentication failure; logname= uid=0 euid=0 tty=ssh ruser= rhost=43.156.122.96 
Jul 28 13:20:34 proxy sshd[195547]: Failed password for invalid user dev from 43.156.122.96 port 40636 ssh2
Jul 28 13:20:36 proxy sshd[195547]: Received disconnect from 43.156.122.96 port 40636:11: Bye Bye [preauth]
Jul 28 13:20:36 proxy sshd[195547]: Disconnected from invalid user dev 43.156.122.96 port 40636 [preauth]
Jul 28 13:20:37 proxy sshd[195549]: Invalid user dev from 186.225.14.33 port 55510
Jul 28 13:20:37 proxy sshd[195549]: pam_unix(sshd:auth): check pass; user unknown
Jul 28 13:20:37 proxy sshd[195549]: pam_unix(sshd:auth): authentication failure; logname= uid=0 euid=0 tty=ssh ruser= rhost=186.225.14.33 
Jul 28 13:20:39 proxy sshd[195549]: Failed password for invalid user dev from 186.225.14.33 port 55510 ssh2
Jul 28 13:20:39 proxy sshd[195549]: Received disconnect from 186.225.14.33 port 55510:11: Bye Bye [preauth]
Jul 28 13:20:39 proxy sshd[195549]: Disconnected from invalid user dev 186.225.14.33 port 55510 [preauth]
Jul 28 13:20:43 proxy sshd[195551]: Invalid user hadoop from 146.59.197.134 port 47008
Jul 28 13:20:43 proxy sshd[195551]: pam_unix(sshd:auth): check pass; user unknown
Jul 28 13:20:43 proxy sshd[195551]: pam_unix(sshd:auth): authentication failure; logname= uid=0 euid=0 tty=ssh ruser= rhost=146.59.197.134 
Jul 28 13:20:45 proxy sshd[195551]: Failed password for invalid user hadoop from 146.59.197.134 port 47008 ssh2
Jul 28 13:20:45 proxy sshd[195551]: Received disconnect from 146.59.197.134 port 47008:11: Bye Bye [preauth]
Jul 28 13:20:45 proxy sshd[195551]: Disconnected from invalid user hadoop 146.59.197.134 port 47008 [preauth]
Jul 28 13:21:02 proxy sshd[195553]: User root from 218.92.0.94 not allowed because listed in DenyUsers
Jul 28 13:21:03 proxy sshd[195553]: pam_unix(sshd:auth): authentication failure; logname= uid=0 euid=0 tty=ssh ruser= rhost=218.92.0.94  user=root
Jul 28 13:21:04 proxy sshd[195555]: Invalid user oracle from 43.157.32.60 port 42102
Jul 28 13:21:04 proxy sshd[195555]: pam_unix(sshd:auth): check pass; user unknown
Jul 28 13:21:04 proxy sshd[195555]: pam_unix(sshd:auth): authentication failure; logname= uid=0 euid=0 tty=ssh ruser= rhost=43.157.32.60 
Jul 28 13:21:05 proxy sshd[195553]: Failed password for invalid user root from 218.92.0.94 port 47881 ssh2
Jul 28 13:21:06 proxy sshd[195555]: Failed password for invalid user oracle from 43.157.32.60 port 42102 ssh2
Jul 28 13:21:07 proxy sshd[195557]: User root from 181.50.70.106 not allowed because listed in DenyUsers
Jul 28 13:21:07 proxy sshd[195557]: pam_unix(sshd:auth): authentication failure; logname= uid=0 euid=0 tty=ssh ruser= rhost=181.50.70.106  user=root
Jul 28 13:21:08 proxy sshd[195555]: Received disconnect from 43.157.32.60 port 42102:11: Bye Bye [preauth]
Jul 28 13:21:08 proxy sshd[195555]: Disconnected from invalid user oracle 43.157.32.60 port 42102 [preauth]
Jul 28 13:21:08 proxy sshd[195553]: Failed password for invalid user root from 218.92.0.94 port 47881 ssh2
Jul 28 13:21:09 proxy sshd[195557]: Failed password for invalid user root from 181.50.70.106 port 57858 ssh2
Jul 28 13:21:10 proxy sshd[195557]: Received disconnect from 181.50.70.106 port 57858:11: Bye Bye [preauth]
Jul 28 13:21:10 proxy sshd[195557]: Disconnected from invalid user root 181.50.70.106 port 57858 [preauth]
Jul 28 13:21:10 proxy sshd[195553]: Failed password for invalid user root from 218.92.0.94 port 47881 ssh2
Jul 28 13:21:10 proxy sshd[195553]: Received disconnect from 218.92.0.94 port 47881:11:  [preauth]
Jul 28 13:21:10 proxy sshd[195553]: Disconnected from invalid user root 218.92.0.94 port 47881 [preauth]
Jul 28 13:21:10 proxy sshd[195553]: PAM 2 more authentication failures; logname= uid=0 euid=0 tty=ssh ruser= rhost=218.92.0.94  user=root
Jul 28 13:21:13 proxy sshd[195559]: Invalid user hadoop from 43.153.66.145 port 46794
Jul 28 13:21:13 proxy sshd[195559]: pam_unix(sshd:auth): check pass; user unknown
Jul 28 13:21:13 proxy sshd[195559]: pam_unix(sshd:auth): authentication failure; logname= uid=0 euid=0 tty=ssh ruser= rhost=43.153.66.145 
Jul 28 13:21:15 proxy sshd[195559]: Failed password for invalid user hadoop from 43.153.66.145 port 46794 ssh2
Jul 28 13:21:15 proxy sshd[195559]: Received disconnect from 43.153.66.145 port 46794:11: Bye Bye [preauth]
Jul 28 13:21:15 proxy sshd[195559]: Disconnected from invalid user hadoop 43.153.66.145 port 46794 [preauth]
Jul 28 13:21:20 proxy sshd[195562]: User root from 43.156.122.96 not allowed because listed in DenyUsers
Jul 28 13:21:20 proxy sshd[195562]: pam_unix(sshd:auth): authentication failure; logname= uid=0 euid=0 tty=ssh ruser= rhost=43.156.122.96  user=root
Jul 28 13:21:22 proxy sshd[195562]: Failed password for invalid user root from 43.156.122.96 port 52920 ssh2
Jul 28 13:21:22 proxy sshd[195562]: Received disconnect from 43.156.122.96 port 52920:11: Bye Bye [preauth]
Jul 28 13:21:22 proxy sshd[195562]: Disconnected from invalid user root 43.156.122.96 port 52920 [preauth]
Jul 28 13:21:24 proxy sshd[195564]: Invalid user git from 146.59.197.134 port 49938
Jul 28 13:21:24 proxy sshd[195564]: pam_unix(sshd:auth): check pass; user unknown
Jul 28 13:21:24 proxy sshd[195564]: pam_unix(sshd:auth): authentication failure; logname= uid=0 euid=0 tty=ssh ruser= rhost=146.59.197.134 
Jul 28 13:21:26 proxy sshd[195564]: Failed password for invalid user git from 146.59.197.134 port 49938 ssh2
Jul 28 13:21:27 proxy sshd[195564]: Received disconnect from 146.59.197.134 port 49938:11: Bye Bye [preauth]
Jul 28 13:21:27 proxy sshd[195564]: Disconnected from invalid user git 146.59.197.134 port 49938 [preauth]
Jul 28 13:21:34 proxy sshd[195567]: Invalid user gitea from 186.225.14.33 port 41924
Jul 28 13:21:34 proxy sshd[195567]: pam_unix(sshd:auth): check pass; user unknown
Jul 28 13:21:34 proxy sshd[195567]: pam_unix(sshd:auth): authentication failure; logname= uid=0 euid=0 tty=ssh ruser= rhost=186.225.14.33 
Jul 28 13:21:35 proxy sshd[195567]: Failed password for invalid user gitea from 186.225.14.33 port 41924 ssh2
Jul 28 13:21:36 proxy sshd[195567]: Received disconnect from 186.225.14.33 port 41924:11: Bye Bye [preauth]
Jul 28 13:21:36 proxy sshd[195567]: Disconnected from invalid user gitea 186.225.14.33 port 41924 [preauth]
Jul 28 13:21:51 proxy sshd[195571]: Invalid user test1 from 43.157.32.60 port 56376
Jul 28 13:21:51 proxy sshd[195571]: pam_unix(sshd:auth): check pass; user unknown
Jul 28 13:21:51 proxy sshd[195571]: pam_unix(sshd:auth): authentication failure; logname= uid=0 euid=0 tty=ssh ruser= rhost=43.157.32.60 
Jul 28 13:21:53 proxy sshd[195571]: Failed password for invalid user test1 from 43.157.32.60 port 56376 ssh2
Jul 28 13:21:53 proxy sshd[195571]: Received disconnect from 43.157.32.60 port 56376:11: Bye Bye [preauth]
Jul 28 13:21:53 proxy sshd[195571]: Disconnected from invalid user test1 43.157.32.60 port 56376 [preauth]
Jul 28 13:21:56 proxy sshd[195573]: User root from 218.92.0.94 not allowed because listed in DenyUsers
Jul 28 13:21:57 proxy sshd[195573]: pam_unix(sshd:auth): authentication failure; logname= uid=0 euid=0 tty=ssh ruser= rhost=218.92.0.94  user=root
Jul 28 13:21:58 proxy sshd[195573]: Failed password for invalid user root from 218.92.0.94 port 63444 ssh2
Jul 28 13:21:59 proxy sshd[195575]: User root from 181.50.70.106 not allowed because listed in DenyUsers
Jul 28 13:21:59 proxy sshd[195575]: pam_unix(sshd:auth): authentication failure; logname= uid=0 euid=0 tty=ssh ruser= rhost=181.50.70.106  user=root
Jul 28 13:21:59 proxy sshd[195577]: Invalid user test1 from 43.153.66.145 port 32796
Jul 28 13:21:59 proxy sshd[195577]: pam_unix(sshd:auth): check pass; user unknown
Jul 28 13:21:59 proxy sshd[195577]: pam_unix(sshd:auth): authentication failure; logname= uid=0 euid=0 tty=ssh ruser= rhost=43.153.66.145 
Jul 28 13:22:01 proxy sshd[195575]: Failed password for invalid user root from 181.50.70.106 port 46616 ssh2
Jul 28 13:22:01 proxy sshd[195577]: Failed password for invalid user test1 from 43.153.66.145 port 32796 ssh2
Jul 28 13:22:02 proxy sshd[195573]: Failed password for invalid user root from 218.92.0.94 port 63444 ssh2
Jul 28 13:22:02 proxy sshd[195577]: Received disconnect from 43.153.66.145 port 32796:11: Bye Bye [preauth]
Jul 28 13:22:02 proxy sshd[195577]: Disconnected from invalid user test1 43.153.66.145 port 32796 [preauth]
Jul 28 13:22:03 proxy sshd[195575]: Received disconnect from 181.50.70.106 port 46616:11: Bye Bye [preauth]
Jul 28 13:22:03 proxy sshd[195575]: Disconnected from invalid user root 181.50.70.106 port 46616 [preauth]
Jul 28 13:22:03 proxy sshd[195579]: User root from 146.59.197.134 not allowed because listed in DenyUsers
Jul 28 13:22:03 proxy sshd[195579]: pam_unix(sshd:auth): authentication failure; logname= uid=0 euid=0 tty=ssh ruser= rhost=146.59.197.134  user=root
Jul 28 13:22:04 proxy sshd[195573]: Failed password for invalid user root from 218.92.0.94 port 63444 ssh2
Jul 28 13:22:05 proxy sshd[195579]: Failed password for invalid user root from 146.59.197.134 port 53566 ssh2
Jul 28 13:22:05 proxy sshd[195573]: Received disconnect from 218.92.0.94 port 63444:11:  [preauth]
Jul 28 13:22:05 proxy sshd[195573]: Disconnected from invalid user root 218.92.0.94 port 63444 [preauth]
Jul 28 13:22:05 proxy sshd[195573]: PAM 2 more authentication failures; logname= uid=0 euid=0 tty=ssh ruser= rhost=218.92.0.94  user=root
Jul 28 13:22:06 proxy sshd[195579]: Received disconnect from 146.59.197.134 port 53566:11: Bye Bye [preauth]
Jul 28 13:22:06 proxy sshd[195579]: Disconnected from invalid user root 146.59.197.134 port 53566 [preauth]
Jul 28 13:22:07 proxy sshd[195581]: Invalid user deploy from 43.156.122.96 port 42328
Jul 28 13:22:07 proxy sshd[195581]: pam_unix(sshd:auth): check pass; user unknown
Jul 28 13:22:07 proxy sshd[195581]: pam_unix(sshd:auth): authentication failure; logname= uid=0 euid=0 tty=ssh ruser= rhost=43.156.122.96 
Jul 28 13:22:10 proxy sshd[195581]: Failed password for invalid user deploy from 43.156.122.96 port 42328 ssh2
Jul 28 13:22:10 proxy sshd[195581]: Received disconnect from 43.156.122.96 port 42328:11: Bye Bye [preauth]
Jul 28 13:22:10 proxy sshd[195581]: Disconnected from invalid user deploy 43.156.122.96 port 42328 [preauth]
Jul 28 13:22:27 proxy sshd[195585]: User root from 186.225.14.33 not allowed because listed in DenyUsers
Jul 28 13:22:27 proxy sshd[195585]: pam_unix(sshd:auth): authentication failure; logname= uid=0 euid=0 tty=ssh ruser= rhost=186.225.14.33  user=root
Jul 28 13:22:29 proxy sshd[195585]: Failed password for invalid user root from 186.225.14.33 port 56570 ssh2
Jul 28 13:22:29 proxy sshd[195587]: Invalid user user from 213.109.202.127 port 38134
Jul 28 13:22:29 proxy sshd[195587]: pam_unix(sshd:auth): check pass; user unknown
Jul 28 13:22:29 proxy sshd[195587]: pam_unix(sshd:auth): authentication failure; logname= uid=0 euid=0 tty=ssh ruser= rhost=213.109.202.127 
Jul 28 13:22:30 proxy sshd[195585]: Received disconnect from 186.225.14.33 port 56570:11: Bye Bye [preauth]
Jul 28 13:22:30 proxy sshd[195585]: Disconnected from invalid user root 186.225.14.33 port 56570 [preauth]
Jul 28 13:22:31 proxy sshd[195589]: Invalid user git from 43.157.32.60 port 42410
Jul 28 13:22:31 proxy sshd[195589]: pam_unix(sshd:auth): check pass; user unknown
Jul 28 13:22:31 proxy sshd[195589]: pam_unix(sshd:auth): authentication failure; logname= uid=0 euid=0 tty=ssh ruser= rhost=43.157.32.60 
Jul 28 13:22:32 proxy sshd[195587]: Failed password for invalid user user from 213.109.202.127 port 38134 ssh2
Jul 28 13:22:33 proxy sshd[195589]: Failed password for invalid user git from 43.157.32.60 port 42410 ssh2
Jul 28 13:22:33 proxy sshd[195587]: Connection closed by invalid user user 213.109.202.127 port 38134 [preauth]
Jul 28 13:22:34 proxy sshd[195589]: Received disconnect from 43.157.32.60 port 42410:11: Bye Bye [preauth]
Jul 28 13:22:34 proxy sshd[195589]: Disconnected from invalid user git 43.157.32.60 port 42410 [preauth]
Jul 28 13:22:36 proxy sshd[195591]: Invalid user marshal from 92.118.39.239 port 60818
Jul 28 13:22:36 proxy sshd[195591]: pam_unix(sshd:auth): check pass; user unknown
Jul 28 13:22:36 proxy sshd[195591]: pam_unix(sshd:auth): authentication failure; logname= uid=0 euid=0 tty=ssh ruser= rhost=92.118.39.239 
Jul 28 13:22:38 proxy sshd[195591]: Failed password for invalid user marshal from 92.118.39.239 port 60818 ssh2
Jul 28 13:22:39 proxy sshd[195591]: Connection closed by invalid user marshal 92.118.39.239 port 60818 [preauth]
Jul 28 13:22:42 proxy sshd[195593]: Invalid user gitea from 43.153.66.145 port 47012
Jul 28 13:22:42 proxy sshd[195593]: pam_unix(sshd:auth): check pass; user unknown
Jul 28 13:22:42 proxy sshd[195593]: pam_unix(sshd:auth): authentication failure; logname= uid=0 euid=0 tty=ssh ruser= rhost=43.153.66.145 
Jul 28 13:22:44 proxy sshd[195593]: Failed password for invalid user gitea from 43.153.66.145 port 47012 ssh2
Jul 28 13:22:44 proxy sshd[195595]: Invalid user test1 from 146.59.197.134 port 41126
Jul 28 13:22:44 proxy sshd[195595]: pam_unix(sshd:auth): check pass; user unknown
Jul 28 13:22:44 proxy sshd[195595]: pam_unix(sshd:auth): authentication failure; logname= uid=0 euid=0 tty=ssh ruser= rhost=146.59.197.134 
Jul 28 13:22:44 proxy sshd[195593]: Received disconnect from 43.153.66.145 port 47012:11: Bye Bye [preauth]
Jul 28 13:22:44 proxy sshd[195593]: Disconnected from invalid user gitea 43.153.66.145 port 47012 [preauth]
Jul 28 13:22:46 proxy sshd[195595]: Failed password for invalid user test1 from 146.59.197.134 port 41126 ssh2
Jul 28 13:22:47 proxy sshd[195595]: Received disconnect from 146.59.197.134 port 41126:11: Bye Bye [preauth]
Jul 28 13:22:47 proxy sshd[195595]: Disconnected from invalid user test1 146.59.197.134 port 41126 [preauth]
Jul 28 13:22:49 proxy sshd[195597]: Invalid user git from 181.50.70.106 port 35370
Jul 28 13:22:49 proxy sshd[195597]: pam_unix(sshd:auth): check pass; user unknown
Jul 28 13:22:49 proxy sshd[195597]: pam_unix(sshd:auth): authentication failure; logname= uid=0 euid=0 tty=ssh ruser= rhost=181.50.70.106 
Jul 28 13:22:51 proxy sshd[195599]: User root from 218.92.0.94 not allowed because listed in DenyUsers
Jul 28 13:22:51 proxy sshd[195599]: pam_unix(sshd:auth): authentication failure; logname= uid=0 euid=0 tty=ssh ruser= rhost=218.92.0.94  user=root
Jul 28 13:22:52 proxy sshd[195597]: Failed password for invalid user git from 181.50.70.106 port 35370 ssh2
Jul 28 13:22:53 proxy sshd[195597]: Received disconnect from 181.50.70.106 port 35370:11: Bye Bye [preauth]
Jul 28 13:22:53 proxy sshd[195597]: Disconnected from invalid user git 181.50.70.106 port 35370 [preauth]
Jul 28 13:22:53 proxy sshd[195599]: Failed password for invalid user root from 218.92.0.94 port 10022 ssh2
Jul 28 13:22:54 proxy sshd[195601]: Invalid user devuser from 43.156.122.96 port 51856
Jul 28 13:22:54 proxy sshd[195601]: pam_unix(sshd:auth): check pass; user unknown
Jul 28 13:22:54 proxy sshd[195601]: pam_unix(sshd:auth): authentication failure; logname= uid=0 euid=0 tty=ssh ruser= rhost=43.156.122.96 
Jul 28 13:22:56 proxy sshd[195601]: Failed password for invalid user devuser from 43.156.122.96 port 51856 ssh2
Jul 28 13:22:56 proxy sshd[195599]: Failed password for invalid user root from 218.92.0.94 port 10022 ssh2
Jul 28 13:22:57 proxy sshd[195601]: Received disconnect from 43.156.122.96 port 51856:11: Bye Bye [preauth]
Jul 28 13:22:57 proxy sshd[195601]: Disconnected from invalid user devuser 43.156.122.96 port 51856 [preauth]
Jul 28 13:22:59 proxy sshd[195599]: Failed password for invalid user root from 218.92.0.94 port 10022 ssh2
Jul 28 13:23:00 proxy sshd[195599]: Received disconnect from 218.92.0.94 port 10022:11:  [preauth]
Jul 28 13:23:00 proxy sshd[195599]: Disconnected from invalid user root 218.92.0.94 port 10022 [preauth]
Jul 28 13:23:00 proxy sshd[195599]: PAM 2 more authentication failures; logname= uid=0 euid=0 tty=ssh ruser= rhost=218.92.0.94  user=root
Jul 28 13:23:05 proxy sshd[195566]: Connection closed by 61.171.81.99 port 48858 [preauth]
Jul 28 13:23:11 proxy sshd[195606]: User root from 43.157.32.60 not allowed because listed in DenyUsers
Jul 28 13:23:11 proxy sshd[195606]: pam_unix(sshd:auth): authentication failure; logname= uid=0 euid=0 tty=ssh ruser= rhost=43.157.32.60  user=root
Jul 28 13:23:13 proxy sshd[195606]: Failed password for invalid user root from 43.157.32.60 port 56668 ssh2
Jul 28 13:23:14 proxy sshd[195605]: Invalid user user123 from 218.78.63.36 port 38016
Jul 28 13:23:14 proxy sshd[195605]: pam_unix(sshd:auth): check pass; user unknown
Jul 28 13:23:14 proxy sshd[195605]: pam_unix(sshd:auth): authentication failure; logname= uid=0 euid=0 tty=ssh ruser= rhost=218.78.63.36 
Jul 28 13:23:14 proxy sshd[195606]: Received disconnect from 43.157.32.60 port 56668:11: Bye Bye [preauth]
Jul 28 13:23:14 proxy sshd[195606]: Disconnected from invalid user root 43.157.32.60 port 56668 [preauth]
Jul 28 13:23:15 proxy sshd[195605]: Failed password for invalid user user123 from 218.78.63.36 port 38016 ssh2
Jul 28 13:23:16 proxy sshd[195605]: Received disconnect from 218.78.63.36 port 38016:11: Bye Bye [preauth]
Jul 28 13:23:16 proxy sshd[195605]: Disconnected from invalid user user123 218.78.63.36 port 38016 [preauth]
Jul 28 13:23:20 proxy sshd[195610]: User root from 186.225.14.33 not allowed because listed in DenyUsers
Jul 28 13:23:20 proxy sshd[195610]: pam_unix(sshd:auth): authentication failure; logname= uid=0 euid=0 tty=ssh ruser= rhost=186.225.14.33  user=root
Jul 28 13:23:22 proxy sshd[195610]: Failed password for invalid user root from 186.225.14.33 port 42984 ssh2
Jul 28 13:23:23 proxy sshd[195610]: Received disconnect from 186.225.14.33 port 42984:11: Bye Bye [preauth]
Jul 28 13:23:23 proxy sshd[195610]: Disconnected from invalid user root 186.225.14.33 port 42984 [preauth]
Jul 28 13:23:24 proxy sshd[195612]: User root from 146.59.197.134 not allowed because listed in DenyUsers
Jul 28 13:23:24 proxy sshd[195612]: pam_unix(sshd:auth): authentication failure; logname= uid=0 euid=0 tty=ssh ruser= rhost=146.59.197.134  user=root
Jul 28 13:23:26 proxy sshd[195604]: Connection closed by 140.143.235.187 port 42542 [preauth]
Jul 28 13:23:27 proxy sshd[195612]: Failed password for invalid user root from 146.59.197.134 port 54292 ssh2
Jul 28 13:23:27 proxy sshd[195612]: Received disconnect from 146.59.197.134 port 54292:11: Bye Bye [preauth]
Jul 28 13:23:27 proxy sshd[195612]: Disconnected from invalid user root 146.59.197.134 port 54292 [preauth]
Jul 28 13:23:30 proxy sshd[195615]: User root from 43.153.66.145 not allowed because listed in DenyUsers
Jul 28 13:23:30 proxy sshd[195615]: pam_unix(sshd:auth): authentication failure; logname= uid=0 euid=0 tty=ssh ruser= rhost=43.153.66.145  user=root
Jul 28 13:23:33 proxy sshd[195615]: Failed password for invalid user root from 43.153.66.145 port 33028 ssh2
Jul 28 13:23:33 proxy sshd[195615]: Received disconnect from 43.153.66.145 port 33028:11: Bye Bye [preauth]
Jul 28 13:23:33 proxy sshd[195615]: Disconnected from invalid user root 43.153.66.145 port 33028 [preauth]
Jul 28 13:23:39 proxy sshd[195619]: User root from 181.50.70.106 not allowed because listed in DenyUsers
Jul 28 13:23:39 proxy sshd[195619]: pam_unix(sshd:auth): authentication failure; logname= uid=0 euid=0 tty=ssh ruser= rhost=181.50.70.106  user=root
Jul 28 13:23:39 proxy sshd[195617]: User root from 43.156.122.96 not allowed because listed in DenyUsers
Jul 28 13:23:39 proxy sshd[195617]: pam_unix(sshd:auth): authentication failure; logname= uid=0 euid=0 tty=ssh ruser= rhost=43.156.122.96  user=root
Jul 28 13:23:41 proxy sshd[195619]: Failed password for invalid user root from 181.50.70.106 port 52332 ssh2
Jul 28 13:23:41 proxy sshd[195617]: Failed password for invalid user root from 43.156.122.96 port 56474 ssh2
Jul 28 13:23:42 proxy sshd[195619]: Received disconnect from 181.50.70.106 port 52332:11: Bye Bye [preauth]
Jul 28 13:23:42 proxy sshd[195619]: Disconnected from invalid user root 181.50.70.106 port 52332 [preauth]
Jul 28 13:23:42 proxy sshd[195617]: Received disconnect from 43.156.122.96 port 56474:11: Bye Bye [preauth]
Jul 28 13:23:42 proxy sshd[195617]: Disconnected from invalid user root 43.156.122.96 port 56474 [preauth]
Jul 28 13:23:44 proxy sshd[195584]: Connection closed by 140.143.235.187 port 35506 [preauth]
Jul 28 13:23:44 proxy sshd[195621]: Invalid user deploy from 140.143.235.187 port 49518
Jul 28 13:23:44 proxy sshd[195621]: pam_unix(sshd:auth): check pass; user unknown
Jul 28 13:23:44 proxy sshd[195621]: pam_unix(sshd:auth): authentication failure; logname= uid=0 euid=0 tty=ssh ruser= rhost=140.143.235.187 
Jul 28 13:23:46 proxy sshd[195621]: Failed password for invalid user deploy from 140.143.235.187 port 49518 ssh2
Jul 28 13:23:47 proxy sshd[195621]: Received disconnect from 140.143.235.187 port 49518:11: Bye Bye [preauth]
Jul 28 13:23:47 proxy sshd[195621]: Disconnected from invalid user deploy 140.143.235.187 port 49518 [preauth]
Jul 28 13:23:51 proxy sshd[195624]: User root from 218.92.0.94 not allowed because listed in DenyUsers
Jul 28 13:23:51 proxy sshd[195624]: pam_unix(sshd:auth): authentication failure; logname= uid=0 euid=0 tty=ssh ruser= rhost=218.92.0.94  user=root
Jul 28 13:23:53 proxy sshd[195626]: User root from 43.157.32.60 not allowed because listed in DenyUsers
Jul 28 13:23:53 proxy sshd[195626]: pam_unix(sshd:auth): authentication failure; logname= uid=0 euid=0 tty=ssh ruser= rhost=43.157.32.60  user=root
Jul 28 13:23:53 proxy sshd[195624]: Failed password for invalid user root from 218.92.0.94 port 31261 ssh2
Jul 28 13:23:55 proxy sshd[195626]: Failed password for invalid user root from 43.157.32.60 port 42706 ssh2
Jul 28 13:23:55 proxy sshd[195626]: Received disconnect from 43.157.32.60 port 42706:11: Bye Bye [preauth]
Jul 28 13:23:55 proxy sshd[195626]: Disconnected from invalid user root 43.157.32.60 port 42706 [preauth]
Jul 28 13:23:57 proxy sshd[195624]: Failed password for invalid user root from 218.92.0.94 port 31261 ssh2
Jul 28 13:24:00 proxy sshd[195624]: Failed password for invalid user root from 218.92.0.94 port 31261 ssh2
Jul 28 13:24:00 proxy sshd[195624]: Received disconnect from 218.92.0.94 port 31261:11:  [preauth]
Jul 28 13:24:00 proxy sshd[195624]: Disconnected from invalid user root 218.92.0.94 port 31261 [preauth]
Jul 28 13:24:00 proxy sshd[195624]: PAM 2 more authentication failures; logname= uid=0 euid=0 tty=ssh ruser= rhost=218.92.0.94  user=root
Jul 28 13:24:05 proxy sshd[195628]: Invalid user deploy from 146.59.197.134 port 47312
Jul 28 13:24:05 proxy sshd[195628]: pam_unix(sshd:auth): check pass; user unknown
Jul 28 13:24:05 proxy sshd[195628]: pam_unix(sshd:auth): authentication failure; logname= uid=0 euid=0 tty=ssh ruser= rhost=146.59.197.134 
Jul 28 13:24:07 proxy sshd[195628]: Failed password for invalid user deploy from 146.59.197.134 port 47312 ssh2
Jul 28 13:24:07 proxy sshd[195628]: Received disconnect from 146.59.197.134 port 47312:11: Bye Bye [preauth]
Jul 28 13:24:07 proxy sshd[195628]: Disconnected from invalid user deploy 146.59.197.134 port 47312 [preauth]
Jul 28 13:24:15 proxy sshd[195630]: User root from 140.143.235.187 not allowed because listed in DenyUsers
Jul 28 13:24:15 proxy sshd[195630]: pam_unix(sshd:auth): authentication failure; logname= uid=0 euid=0 tty=ssh ruser= rhost=140.143.235.187  user=root
Jul 28 13:24:17 proxy sshd[195630]: Failed password for invalid user root from 140.143.235.187 port 56502 ssh2
Jul 28 13:24:17 proxy sshd[195630]: Received disconnect from 140.143.235.187 port 56502:11: Bye Bye [preauth]
Jul 28 13:24:17 proxy sshd[195630]: Disconnected from invalid user root 140.143.235.187 port 56502 [preauth]
Jul 28 13:24:28 proxy sshd[195632]: Invalid user server from 43.156.122.96 port 60576
Jul 28 13:24:28 proxy sshd[195632]: pam_unix(sshd:auth): check pass; user unknown
Jul 28 13:24:28 proxy sshd[195632]: pam_unix(sshd:auth): authentication failure; logname= uid=0 euid=0 tty=ssh ruser= rhost=43.156.122.96 
Jul 28 13:24:30 proxy sshd[195632]: Failed password for invalid user server from 43.156.122.96 port 60576 ssh2
Jul 28 13:24:31 proxy sshd[195632]: Received disconnect from 43.156.122.96 port 60576:11: Bye Bye [preauth]
Jul 28 13:24:31 proxy sshd[195632]: Disconnected from invalid user server 43.156.122.96 port 60576 [preauth]
Jul 28 13:24:33 proxy sshd[195634]: User root from 181.50.70.106 not allowed because listed in DenyUsers
Jul 28 13:24:33 proxy sshd[195634]: pam_unix(sshd:auth): authentication failure; logname= uid=0 euid=0 tty=ssh ruser= rhost=181.50.70.106  user=root
Jul 28 13:24:35 proxy sshd[195634]: Failed password for invalid user root from 181.50.70.106 port 41080 ssh2
Jul 28 13:24:36 proxy sshd[195634]: Received disconnect from 181.50.70.106 port 41080:11: Bye Bye [preauth]
Jul 28 13:24:36 proxy sshd[195634]: Disconnected from invalid user root 181.50.70.106 port 41080 [preauth]
Jul 28 13:24:37 proxy sshd[195636]: User root from 43.157.32.60 not allowed because listed in DenyUsers
Jul 28 13:24:37 proxy sshd[195636]: pam_unix(sshd:auth): authentication failure; logname= uid=0 euid=0 tty=ssh ruser= rhost=43.157.32.60  user=root
Jul 28 13:24:38 proxy sshd[195638]: Invalid user developer1 from 186.225.14.33 port 57644
Jul 28 13:24:38 proxy sshd[195638]: pam_unix(sshd:auth): check pass; user unknown
Jul 28 13:24:38 proxy sshd[195638]: pam_unix(sshd:auth): authentication failure; logname= uid=0 euid=0 tty=ssh ruser= rhost=186.225.14.33 
Jul 28 13:24:39 proxy sshd[195640]: Invalid user dev from 43.153.66.145 port 47300
Jul 28 13:24:39 proxy sshd[195640]: pam_unix(sshd:auth): check pass; user unknown
Jul 28 13:24:39 proxy sshd[195640]: pam_unix(sshd:auth): authentication failure; logname= uid=0 euid=0 tty=ssh ruser= rhost=43.153.66.145 
Jul 28 13:24:39 proxy sshd[195636]: Failed password for invalid user root from 43.157.32.60 port 56976 ssh2
Jul 28 13:24:40 proxy sshd[195638]: Failed password for invalid user developer1 from 186.225.14.33 port 57644 ssh2
Jul 28 13:24:41 proxy sshd[195638]: Received disconnect from 186.225.14.33 port 57644:11: Bye Bye [preauth]
Jul 28 13:24:41 proxy sshd[195638]: Disconnected from invalid user developer1 186.225.14.33 port 57644 [preauth]
Jul 28 13:24:41 proxy sshd[195640]: Failed password for invalid user dev from 43.153.66.145 port 47300 ssh2
Jul 28 13:24:42 proxy sshd[195636]: Received disconnect from 43.157.32.60 port 56976:11: Bye Bye [preauth]
Jul 28 13:24:42 proxy sshd[195636]: Disconnected from invalid user root 43.157.32.60 port 56976 [preauth]
Jul 28 13:24:43 proxy sshd[195640]: Received disconnect from 43.153.66.145 port 47300:11: Bye Bye [preauth]
Jul 28 13:24:43 proxy sshd[195640]: Disconnected from invalid user dev 43.153.66.145 port 47300 [preauth]
Jul 28 13:24:44 proxy sshd[195642]: Invalid user developer1 from 140.143.235.187 port 35254
Jul 28 13:24:44 proxy sshd[195642]: pam_unix(sshd:auth): check pass; user unknown
Jul 28 13:24:44 proxy sshd[195642]: pam_unix(sshd:auth): authentication failure; logname= uid=0 euid=0 tty=ssh ruser= rhost=140.143.235.187 
Jul 28 13:24:45 proxy sshd[195644]: Invalid user user123 from 146.59.197.134 port 34292
Jul 28 13:24:45 proxy sshd[195644]: pam_unix(sshd:auth): check pass; user unknown
Jul 28 13:24:45 proxy sshd[195644]: pam_unix(sshd:auth): authentication failure; logname= uid=0 euid=0 tty=ssh ruser= rhost=146.59.197.134 
Jul 28 13:24:46 proxy sshd[195642]: Failed password for invalid user developer1 from 140.143.235.187 port 35254 ssh2
Jul 28 13:24:47 proxy sshd[195642]: Received disconnect from 140.143.235.187 port 35254:11: Bye Bye [preauth]
Jul 28 13:24:47 proxy sshd[195642]: Disconnected from invalid user developer1 140.143.235.187 port 35254 [preauth]
Jul 28 13:24:47 proxy sshd[195644]: Failed password for invalid user user123 from 146.59.197.134 port 34292 ssh2
Jul 28 13:24:48 proxy sshd[195644]: Received disconnect from 146.59.197.134 port 34292:11: Bye Bye [preauth]
Jul 28 13:24:48 proxy sshd[195644]: Disconnected from invalid user user123 146.59.197.134 port 34292 [preauth]
Jul 28 13:24:51 proxy sshd[195646]: User root from 218.92.0.94 not allowed because listed in DenyUsers
Jul 28 13:24:51 proxy sshd[195646]: pam_unix(sshd:auth): authentication failure; logname= uid=0 euid=0 tty=ssh ruser= rhost=218.92.0.94  user=root
Jul 28 13:24:53 proxy sshd[195646]: Failed password for invalid user root from 218.92.0.94 port 35804 ssh2
Jul 28 13:24:56 proxy sshd[195646]: Failed password for invalid user root from 218.92.0.94 port 35804 ssh2
Jul 28 13:24:56 proxy sshd[195648]: Accepted publickey for gardner from 70.118.215.107 port 58012 ssh2: RSA SHA256:ooQNMl+LrZDULKIBHeG9DmddrZdzLtoXLcjcUeCHBdc
Jul 28 13:24:56 proxy sshd[195648]: pam_unix(sshd:session): session opened for user gardner(uid=1000) by (uid=0)
Jul 28 13:24:56 proxy systemd-logind[647]: New session 722 of user gardner.
Jul 28 13:24:56 proxy systemd: pam_unix(systemd-user:session): session opened for user gardner(uid=1000) by (uid=0)
Jul 28 13:24:57 proxy sshd[195715]: Received disconnect from 70.118.215.107 port 58012:11: disconnected by user
Jul 28 13:24:57 proxy sshd[195715]: Disconnected from user gardner 70.118.215.107 port 58012
Jul 28 13:24:57 proxy sshd[195648]: pam_unix(sshd:session): session closed for user gardner
Jul 28 13:24:57 proxy systemd-logind[647]: Session 722 logged out. Waiting for processes to exit.
Jul 28 13:24:57 proxy systemd-logind[647]: Removed session 722.
Jul 28 13:24:59 proxy sshd[195646]: Failed password for invalid user root from 218.92.0.94 port 35804 ssh2
Jul 28 13:25:01 proxy sshd[195646]: Received disconnect from 218.92.0.94 port 35804:11:  [preauth]
Jul 28 13:25:01 proxy sshd[195646]: Disconnected from invalid user root 218.92.0.94 port 35804 [preauth]
Jul 28 13:25:01 proxy sshd[195646]: PAM 2 more authentication failures; logname= uid=0 euid=0 tty=ssh ruser= rhost=218.92.0.94  user=root
Jul 28 13:25:07 proxy systemd: pam_unix(systemd-user:session): session closed for user gardner
Jul 28 13:25:13 proxy sshd[195720]: Invalid user ubuntu from 140.143.235.187 port 42232
Jul 28 13:25:13 proxy sshd[195720]: pam_unix(sshd:auth): check pass; user unknown
Jul 28 13:25:13 proxy sshd[195720]: pam_unix(sshd:auth): authentication failure; logname= uid=0 euid=0 tty=ssh ruser= rhost=140.143.235.187 
Jul 28 13:25:15 proxy sshd[195720]: Failed password for invalid user ubuntu from 140.143.235.187 port 42232 ssh2
Jul 28 13:25:15 proxy sshd[195722]: Invalid user oracle from 43.156.122.96 port 37374
Jul 28 13:25:15 proxy sshd[195722]: pam_unix(sshd:auth): check pass; user unknown
Jul 28 13:25:15 proxy sshd[195722]: pam_unix(sshd:auth): authentication failure; logname= uid=0 euid=0 tty=ssh ruser= rhost=43.156.122.96 
Jul 28 13:25:16 proxy sshd[195720]: Received disconnect from 140.143.235.187 port 42232:11: Bye Bye [preauth]
Jul 28 13:25:16 proxy sshd[195720]: Disconnected from invalid user ubuntu 140.143.235.187 port 42232 [preauth]
Jul 28 13:25:18 proxy sshd[195722]: Failed password for invalid user oracle from 43.156.122.96 port 37374 ssh2
Jul 28 13:25:19 proxy sshd[195722]: Received disconnect from 43.156.122.96 port 37374:11: Bye Bye [preauth]
Jul 28 13:25:19 proxy sshd[195722]: Disconnected from invalid user oracle 43.156.122.96 port 37374 [preauth]
Jul 28 13:25:21 proxy sshd[195724]: Invalid user deploy from 43.153.66.145 port 33300
Jul 28 13:25:21 proxy sshd[195724]: pam_unix(sshd:auth): check pass; user unknown
Jul 28 13:25:21 proxy sshd[195724]: pam_unix(sshd:auth): authentication failure; logname= uid=0 euid=0 tty=ssh ruser= rhost=43.153.66.145 
Jul 28 13:25:23 proxy sshd[195726]: Invalid user server from 43.157.32.60 port 43018
Jul 28 13:25:23 proxy sshd[195726]: pam_unix(sshd:auth): check pass; user unknown
Jul 28 13:25:23 proxy sshd[195726]: pam_unix(sshd:auth): authentication failure; logname= uid=0 euid=0 tty=ssh ruser= rhost=43.157.32.60 
Jul 28 13:25:23 proxy sshd[195724]: Failed password for invalid user deploy from 43.153.66.145 port 33300 ssh2
Jul 28 13:25:24 proxy sshd[195724]: Received disconnect from 43.153.66.145 port 33300:11: Bye Bye [preauth]
Jul 28 13:25:24 proxy sshd[195724]: Disconnected from invalid user deploy 43.153.66.145 port 33300 [preauth]
Jul 28 13:25:25 proxy sshd[195726]: Failed password for invalid user server from 43.157.32.60 port 43018 ssh2
Jul 28 13:25:27 proxy sshd[195726]: Received disconnect from 43.157.32.60 port 43018:11: Bye Bye [preauth]
Jul 28 13:25:27 proxy sshd[195726]: Disconnected from invalid user server 43.157.32.60 port 43018 [preauth]
Jul 28 13:25:30 proxy sshd[195728]: User root from 146.59.197.134 not allowed because listed in DenyUsers
Jul 28 13:25:30 proxy sshd[195728]: pam_unix(sshd:auth): authentication failure; logname= uid=0 euid=0 tty=ssh ruser= rhost=146.59.197.134  user=root
Jul 28 13:25:32 proxy sshd[195728]: Failed password for invalid user root from 146.59.197.134 port 41816 ssh2
Jul 28 13:25:32 proxy sshd[195730]: User root from 181.50.70.106 not allowed because listed in DenyUsers
Jul 28 13:25:32 proxy sshd[195730]: pam_unix(sshd:auth): authentication failure; logname= uid=0 euid=0 tty=ssh ruser= rhost=181.50.70.106  user=root
Jul 28 13:25:33 proxy sshd[195728]: Received disconnect from 146.59.197.134 port 41816:11: Bye Bye [preauth]
Jul 28 13:25:33 proxy sshd[195728]: Disconnected from invalid user root 146.59.197.134 port 41816 [preauth]
Jul 28 13:25:33 proxy sshd[195732]: User root from 186.225.14.33 not allowed because listed in DenyUsers
Jul 28 13:25:33 proxy sshd[195732]: pam_unix(sshd:auth): authentication failure; logname= uid=0 euid=0 tty=ssh ruser= rhost=186.225.14.33  user=root
Jul 28 13:25:34 proxy sshd[195730]: Failed password for invalid user root from 181.50.70.106 port 58078 ssh2
Jul 28 13:25:35 proxy sshd[195730]: Received disconnect from 181.50.70.106 port 58078:11: Bye Bye [preauth]
Jul 28 13:25:35 proxy sshd[195730]: Disconnected from invalid user root 181.50.70.106 port 58078 [preauth]
Jul 28 13:25:35 proxy sshd[195732]: Failed password for invalid user root from 186.225.14.33 port 44060 ssh2
Jul 28 13:25:36 proxy sshd[195732]: Received disconnect from 186.225.14.33 port 44060:11: Bye Bye [preauth]
Jul 28 13:25:36 proxy sshd[195732]: Disconnected from invalid user root 186.225.14.33 port 44060 [preauth]
Jul 28 13:25:42 proxy sshd[195735]: User root from 140.143.235.187 not allowed because listed in DenyUsers
Jul 28 13:25:42 proxy sshd[195735]: pam_unix(sshd:auth): authentication failure; logname= uid=0 euid=0 tty=ssh ruser= rhost=140.143.235.187  user=root
Jul 28 13:25:44 proxy sshd[195735]: Failed password for invalid user root from 140.143.235.187 port 49214 ssh2
Jul 28 13:25:45 proxy sshd[195735]: Received disconnect from 140.143.235.187 port 49214:11: Bye Bye [preauth]
Jul 28 13:25:45 proxy sshd[195735]: Disconnected from invalid user root 140.143.235.187 port 49214 [preauth]
Jul 28 13:25:45 proxy sshd[195737]: Accepted publickey for gardner from 70.118.215.107 port 60796 ssh2: RSA SHA256:ooQNMl+LrZDULKIBHeG9DmddrZdzLtoXLcjcUeCHBdc
Jul 28 13:25:45 proxy sshd[195737]: pam_unix(sshd:session): session opened for user gardner(uid=1000) by (uid=0)
Jul 28 13:25:45 proxy systemd-logind[647]: New session 724 of user gardner.
Jul 28 13:25:45 proxy systemd: pam_unix(systemd-user:session): session opened for user gardner(uid=1000) by (uid=0)
Jul 28 13:25:47 proxy sshd[195794]: Received disconnect from 70.118.215.107 port 60796:11: disconnected by user
Jul 28 13:25:47 proxy sshd[195794]: Disconnected from user gardner 70.118.215.107 port 60796
Jul 28 13:25:47 proxy sshd[195737]: pam_unix(sshd:session): session closed for user gardner
Jul 28 13:25:47 proxy systemd-logind[647]: Session 724 logged out. Waiting for processes to exit.
