Jul 28 17:01:42 proxy sshd[199244]: User root from 218.92.0.94 not allowed because listed in DenyUsers
Jul 28 17:01:42 proxy sshd[199244]: pam_unix(sshd:auth): authentication failure; logname= uid=0 euid=0 tty=ssh ruser= rhost=218.92.0.94  user=root
Jul 28 17:01:44 proxy sshd[199244]: Failed password for invalid user root from 218.92.0.94 port 18041 ssh2
Jul 28 17:01:44 proxy sshd[199247]: Invalid user test from 186.235.70.43 port 50416
Jul 28 17:01:44 proxy sshd[199247]: pam_unix(sshd:auth): check pass; user unknown
Jul 28 17:01:44 proxy sshd[199247]: pam_unix(sshd:auth): authentication failure; logname= uid=0 euid=0 tty=ssh ruser= rhost=186.235.70.43 
Jul 28 17:01:47 proxy sshd[199247]: Failed password for invalid user test from 186.235.70.43 port 50416 ssh2
Jul 28 17:01:47 proxy sshd[199247]: Received disconnect from 186.235.70.43 port 50416:11: Bye Bye [preauth]
Jul 28 17:01:47 proxy sshd[199247]: Disconnected from invalid user test 186.235.70.43 port 50416 [preauth]
Jul 28 17:01:48 proxy sshd[199244]: Failed password for invalid user root from 218.92.0.94 port 18041 ssh2
Jul 28 17:01:51 proxy sshd[199244]: Failed password for invalid user root from 218.92.0.94 port 18041 ssh2
Jul 28 17:01:51 proxy sshd[199244]: Received disconnect from 218.92.0.94 port 18041:11:  [preauth]
Jul 28 17:01:51 proxy sshd[199244]: Disconnected from invalid user root 218.92.0.94 port 18041 [preauth]
Jul 28 17:01:51 proxy sshd[199244]: PAM 2 more authentication failures; logname= uid=0 euid=0 tty=ssh ruser= rhost=218.92.0.94  user=root
Jul 28 17:01:53 proxy sshd[199249]: Invalid user test from 43.156.122.147 port 37870
Jul 28 17:01:53 proxy sshd[199249]: pam_unix(sshd:auth): check pass; user unknown
Jul 28 17:01:53 proxy sshd[199249]: pam_unix(sshd:auth): authentication failure; logname= uid=0 euid=0 tty=ssh ruser= rhost=43.156.122.147 
Jul 28 17:01:55 proxy sshd[199249]: Failed password for invalid user test from 43.156.122.147 port 37870 ssh2
Jul 28 17:01:56 proxy sshd[199249]: Received disconnect from 43.156.122.147 port 37870:11: Bye Bye [preauth]
Jul 28 17:01:56 proxy sshd[199249]: Disconnected from invalid user test 43.156.122.147 port 37870 [preauth]
Jul 28 17:02:23 proxy sshd[199253]: User root from 43.156.249.169 not allowed because listed in DenyUsers
Jul 28 17:02:23 proxy sshd[199253]: pam_unix(sshd:auth): authentication failure; logname= uid=0 euid=0 tty=ssh ruser= rhost=43.156.249.169  user=root
Jul 28 17:02:25 proxy sshd[199253]: Failed password for invalid user root from 43.156.249.169 port 39372 ssh2
Jul 28 17:02:26 proxy sshd[199253]: Received disconnect from 43.156.249.169 port 39372:11: Bye Bye [preauth]
Jul 28 17:02:26 proxy sshd[199253]: Disconnected from invalid user root 43.156.249.169 port 39372 [preauth]
Jul 28 17:02:32 proxy sshd[199255]: Invalid user testwww from 45.117.64.242 port 32848
Jul 28 17:02:32 proxy sshd[199255]: pam_unix(sshd:auth): check pass; user unknown
Jul 28 17:02:32 proxy sshd[199255]: pam_unix(sshd:auth): authentication failure; logname= uid=0 euid=0 tty=ssh ruser= rhost=45.117.64.242 
Jul 28 17:02:34 proxy sshd[199255]: Failed password for invalid user testwww from 45.117.64.242 port 32848 ssh2
Jul 28 17:02:36 proxy sshd[199255]: Received disconnect from 45.117.64.242 port 32848:11: Bye Bye [preauth]
Jul 28 17:02:36 proxy sshd[199255]: Disconnected from invalid user testwww 45.117.64.242 port 32848 [preauth]
Jul 28 17:02:40 proxy sshd[199257]: User root from 218.92.0.94 not allowed because listed in DenyUsers
Jul 28 17:02:40 proxy sshd[199257]: pam_unix(sshd:auth): authentication failure; logname= uid=0 euid=0 tty=ssh ruser= rhost=218.92.0.94  user=root
Jul 28 17:02:42 proxy sshd[199257]: Failed password for invalid user root from 218.92.0.94 port 28542 ssh2
Jul 28 17:02:43 proxy sshd[199259]: User root from 43.156.122.147 not allowed because listed in DenyUsers
Jul 28 17:02:43 proxy sshd[199259]: pam_unix(sshd:auth): authentication failure; logname= uid=0 euid=0 tty=ssh ruser= rhost=43.156.122.147  user=root
Jul 28 17:02:45 proxy sshd[199259]: Failed password for invalid user root from 43.156.122.147 port 56254 ssh2
Jul 28 17:02:45 proxy sshd[199257]: Failed password for invalid user root from 218.92.0.94 port 28542 ssh2
Jul 28 17:02:46 proxy sshd[199259]: Received disconnect from 43.156.122.147 port 56254:11: Bye Bye [preauth]
Jul 28 17:02:46 proxy sshd[199259]: Disconnected from invalid user root 43.156.122.147 port 56254 [preauth]
Jul 28 17:02:47 proxy sshd[199261]: User root from 186.235.70.42 not allowed because listed in DenyUsers
Jul 28 17:02:47 proxy sshd[199261]: pam_unix(sshd:auth): authentication failure; logname= uid=0 euid=0 tty=ssh ruser= rhost=186.235.70.42  user=root
Jul 28 17:02:48 proxy sshd[199257]: Failed password for invalid user root from 218.92.0.94 port 28542 ssh2
Jul 28 17:02:49 proxy sshd[199257]: Received disconnect from 218.92.0.94 port 28542:11:  [preauth]
Jul 28 17:02:49 proxy sshd[199257]: Disconnected from invalid user root 218.92.0.94 port 28542 [preauth]
Jul 28 17:02:49 proxy sshd[199257]: PAM 2 more authentication failures; logname= uid=0 euid=0 tty=ssh ruser= rhost=218.92.0.94  user=root
Jul 28 17:02:49 proxy sshd[199261]: Failed password for invalid user root from 186.235.70.42 port 38964 ssh2
Jul 28 17:02:50 proxy sshd[199261]: Received disconnect from 186.235.70.42 port 38964:11: Bye Bye [preauth]
Jul 28 17:02:50 proxy sshd[199261]: Disconnected from invalid user root 186.235.70.42 port 38964 [preauth]
Jul 28 17:03:05 proxy sshd[199263]: User root from 42.193.242.141 not allowed because listed in DenyUsers
Jul 28 17:03:05 proxy sshd[199263]: pam_unix(sshd:auth): authentication failure; logname= uid=0 euid=0 tty=ssh ruser= rhost=42.193.242.141  user=root
Jul 28 17:03:07 proxy sshd[199263]: Failed password for invalid user root from 42.193.242.141 port 41977 ssh2
Jul 28 17:03:08 proxy sshd[199263]: Received disconnect from 42.193.242.141 port 41977:11: Bye Bye [preauth]
Jul 28 17:03:08 proxy sshd[199263]: Disconnected from invalid user root 42.193.242.141 port 41977 [preauth]
Jul 28 17:03:16 proxy sshd[199265]: User root from 43.156.249.169 not allowed because listed in DenyUsers
Jul 28 17:03:16 proxy sshd[199265]: pam_unix(sshd:auth): authentication failure; logname= uid=0 euid=0 tty=ssh ruser= rhost=43.156.249.169  user=root
Jul 28 17:03:17 proxy sshd[199265]: Failed password for invalid user root from 43.156.249.169 port 56868 ssh2
Jul 28 17:03:19 proxy sshd[199265]: Received disconnect from 43.156.249.169 port 56868:11: Bye Bye [preauth]
Jul 28 17:03:19 proxy sshd[199265]: Disconnected from invalid user root 43.156.249.169 port 56868 [preauth]
Jul 28 17:03:30 proxy sshd[199267]: User root from 43.156.122.147 not allowed because listed in DenyUsers
Jul 28 17:03:30 proxy sshd[199267]: pam_unix(sshd:auth): authentication failure; logname= uid=0 euid=0 tty=ssh ruser= rhost=43.156.122.147  user=root
Jul 28 17:03:30 proxy sshd[199269]: User root from 45.117.64.242 not allowed because listed in DenyUsers
Jul 28 17:03:30 proxy sshd[199269]: pam_unix(sshd:auth): authentication failure; logname= uid=0 euid=0 tty=ssh ruser= rhost=45.117.64.242  user=root
Jul 28 17:03:32 proxy sshd[199267]: Failed password for invalid user root from 43.156.122.147 port 59146 ssh2
Jul 28 17:03:32 proxy sshd[199269]: Failed password for invalid user root from 45.117.64.242 port 48330 ssh2
Jul 28 17:03:33 proxy sshd[199267]: Received disconnect from 43.156.122.147 port 59146:11: Bye Bye [preauth]
Jul 28 17:03:33 proxy sshd[199267]: Disconnected from invalid user root 43.156.122.147 port 59146 [preauth]
Jul 28 17:03:33 proxy sshd[199269]: Received disconnect from 45.117.64.242 port 48330:11: Bye Bye [preauth]
Jul 28 17:03:33 proxy sshd[199269]: Disconnected from invalid user root 45.117.64.242 port 48330 [preauth]
Jul 28 17:03:35 proxy sshd[199271]: User root from 218.92.0.94 not allowed because listed in DenyUsers
Jul 28 17:03:36 proxy sshd[199271]: pam_unix(sshd:auth): authentication failure; logname= uid=0 euid=0 tty=ssh ruser= rhost=218.92.0.94  user=root
Jul 28 17:03:38 proxy sshd[199271]: Failed password for invalid user root from 218.92.0.94 port 29575 ssh2
Jul 28 17:03:44 proxy sshd[199271]: message repeated 2 times: [ Failed password for invalid user root from 218.92.0.94 port 29575 ssh2]
Jul 28 17:03:45 proxy sshd[199271]: Received disconnect from 218.92.0.94 port 29575:11:  [preauth]
Jul 28 17:03:45 proxy sshd[199271]: Disconnected from invalid user root 218.92.0.94 port 29575 [preauth]
Jul 28 17:03:45 proxy sshd[199271]: PAM 2 more authentication failures; logname= uid=0 euid=0 tty=ssh ruser= rhost=218.92.0.94  user=root
Jul 28 17:03:45 proxy sshd[199273]: User root from 186.235.70.42 not allowed because listed in DenyUsers
Jul 28 17:03:45 proxy sshd[199273]: pam_unix(sshd:auth): authentication failure; logname= uid=0 euid=0 tty=ssh ruser= rhost=186.235.70.42  user=root
Jul 28 17:03:48 proxy sshd[199273]: Failed password for invalid user root from 186.235.70.42 port 55736 ssh2
Jul 28 17:03:48 proxy sshd[199273]: Received disconnect from 186.235.70.42 port 55736:11: Bye Bye [preauth]
Jul 28 17:03:48 proxy sshd[199273]: Disconnected from invalid user root 186.235.70.42 port 55736 [preauth]
Jul 28 17:04:00 proxy sshd[199276]: Invalid user milena from 42.193.242.141 port 52733
Jul 28 17:04:00 proxy sshd[199276]: pam_unix(sshd:auth): check pass; user unknown
Jul 28 17:04:00 proxy sshd[199276]: pam_unix(sshd:auth): authentication failure; logname= uid=0 euid=0 tty=ssh ruser= rhost=42.193.242.141 
Jul 28 17:04:01 proxy CRON[199278]: pam_unix(cron:session): session opened for user gardner(uid=1000) by (uid=0)
Jul 28 17:04:01 proxy sshd[199276]: Failed password for invalid user milena from 42.193.242.141 port 52733 ssh2
Jul 28 17:04:02 proxy sshd[199276]: Received disconnect from 42.193.242.141 port 52733:11: Bye Bye [preauth]
Jul 28 17:04:02 proxy sshd[199276]: Disconnected from invalid user milena 42.193.242.141 port 52733 [preauth]
Jul 28 17:04:10 proxy sshd[199281]: User root from 43.156.249.169 not allowed because listed in DenyUsers
Jul 28 17:04:10 proxy sshd[199281]: pam_unix(sshd:auth): authentication failure; logname= uid=0 euid=0 tty=ssh ruser= rhost=43.156.249.169  user=root
Jul 28 17:04:12 proxy sshd[199281]: Failed password for invalid user root from 43.156.249.169 port 33654 ssh2
Jul 28 17:04:13 proxy sshd[199281]: Received disconnect from 43.156.249.169 port 33654:11: Bye Bye [preauth]
Jul 28 17:04:13 proxy sshd[199281]: Disconnected from invalid user root 43.156.249.169 port 33654 [preauth]
Jul 28 17:04:14 proxy sshd[199283]: User root from 43.156.122.147 not allowed because listed in DenyUsers
Jul 28 17:04:14 proxy sshd[199283]: pam_unix(sshd:auth): authentication failure; logname= uid=0 euid=0 tty=ssh ruser= rhost=43.156.122.147  user=root
Jul 28 17:04:16 proxy sshd[199283]: Failed password for invalid user root from 43.156.122.147 port 52390 ssh2
Jul 28 17:04:17 proxy sshd[199283]: Received disconnect from 43.156.122.147 port 52390:11: Bye Bye [preauth]
Jul 28 17:04:17 proxy sshd[199283]: Disconnected from invalid user root 43.156.122.147 port 52390 [preauth]
Jul 28 17:04:27 proxy sshd[199285]: User root from 45.117.64.242 not allowed because listed in DenyUsers
Jul 28 17:04:27 proxy sshd[199285]: pam_unix(sshd:auth): authentication failure; logname= uid=0 euid=0 tty=ssh ruser= rhost=45.117.64.242  user=root
Jul 28 17:04:29 proxy sshd[199285]: Failed password for invalid user root from 45.117.64.242 port 35598 ssh2
Jul 28 17:04:30 proxy sshd[199285]: Received disconnect from 45.117.64.242 port 35598:11: Bye Bye [preauth]
Jul 28 17:04:30 proxy sshd[199285]: Disconnected from invalid user root 45.117.64.242 port 35598 [preauth]
Jul 28 17:04:32 proxy sshd[199287]: User root from 218.92.0.94 not allowed because listed in DenyUsers
Jul 28 17:04:32 proxy sshd[199287]: pam_unix(sshd:auth): authentication failure; logname= uid=0 euid=0 tty=ssh ruser= rhost=218.92.0.94  user=root
Jul 28 17:04:35 proxy sshd[199287]: Failed password for invalid user root from 218.92.0.94 port 40202 ssh2
Jul 28 17:04:40 proxy sshd[199287]: message repeated 2 times: [ Failed password for invalid user root from 218.92.0.94 port 40202 ssh2]
Jul 28 17:04:41 proxy sshd[199287]: Received disconnect from 218.92.0.94 port 40202:11:  [preauth]
Jul 28 17:04:41 proxy sshd[199287]: Disconnected from invalid user root 218.92.0.94 port 40202 [preauth]
Jul 28 17:04:41 proxy sshd[199287]: PAM 2 more authentication failures; logname= uid=0 euid=0 tty=ssh ruser= rhost=218.92.0.94  user=root
Jul 28 17:04:41 proxy sshd[199289]: Invalid user test from 186.235.70.43 port 44276
Jul 28 17:04:41 proxy sshd[199289]: pam_unix(sshd:auth): check pass; user unknown
Jul 28 17:04:41 proxy sshd[199289]: pam_unix(sshd:auth): authentication failure; logname= uid=0 euid=0 tty=ssh ruser= rhost=186.235.70.43 
Jul 28 17:04:43 proxy sshd[199289]: Failed password for invalid user test from 186.235.70.43 port 44276 ssh2
Jul 28 17:04:44 proxy sshd[199289]: Received disconnect from 186.235.70.43 port 44276:11: Bye Bye [preauth]
Jul 28 17:04:44 proxy sshd[199289]: Disconnected from invalid user test 186.235.70.43 port 44276 [preauth]
Jul 28 17:04:58 proxy sshd[199293]: Invalid user myuser from 43.156.122.147 port 38238
Jul 28 17:04:58 proxy sshd[199293]: pam_unix(sshd:auth): check pass; user unknown
Jul 28 17:04:58 proxy sshd[199293]: pam_unix(sshd:auth): authentication failure; logname= uid=0 euid=0 tty=ssh ruser= rhost=43.156.122.147 
Jul 28 17:04:59 proxy sshd[199293]: Failed password for invalid user myuser from 43.156.122.147 port 38238 ssh2
Jul 28 17:05:00 proxy sshd[199293]: Received disconnect from 43.156.122.147 port 38238:11: Bye Bye [preauth]
Jul 28 17:05:00 proxy sshd[199293]: Disconnected from invalid user myuser 43.156.122.147 port 38238 [preauth]
Jul 28 17:05:09 proxy sshd[199295]: Invalid user ftpadmin from 43.156.249.169 port 50016
Jul 28 17:05:09 proxy sshd[199295]: pam_unix(sshd:auth): check pass; user unknown
Jul 28 17:05:09 proxy sshd[199295]: pam_unix(sshd:auth): authentication failure; logname= uid=0 euid=0 tty=ssh ruser= rhost=43.156.249.169 
Jul 28 17:05:12 proxy sshd[199295]: Failed password for invalid user ftpadmin from 43.156.249.169 port 50016 ssh2
Jul 28 17:05:13 proxy sshd[199295]: Received disconnect from 43.156.249.169 port 50016:11: Bye Bye [preauth]
Jul 28 17:05:13 proxy sshd[199295]: Disconnected from invalid user ftpadmin 43.156.249.169 port 50016 [preauth]
Jul 28 17:05:25 proxy sshd[199297]: User root from 45.117.64.242 not allowed because listed in DenyUsers
Jul 28 17:05:25 proxy sshd[199297]: pam_unix(sshd:auth): authentication failure; logname= uid=0 euid=0 tty=ssh ruser= rhost=45.117.64.242  user=root
Jul 28 17:05:27 proxy sshd[199297]: Failed password for invalid user root from 45.117.64.242 port 51094 ssh2
Jul 28 17:05:28 proxy sshd[199297]: Received disconnect from 45.117.64.242 port 51094:11: Bye Bye [preauth]
Jul 28 17:05:28 proxy sshd[199297]: Disconnected from invalid user root 45.117.64.242 port 51094 [preauth]
Jul 28 17:05:29 proxy sshd[199299]: User root from 218.92.0.94 not allowed because listed in DenyUsers
Jul 28 17:05:29 proxy sshd[199299]: pam_unix(sshd:auth): authentication failure; logname= uid=0 euid=0 tty=ssh ruser= rhost=218.92.0.94  user=root
Jul 28 17:05:31 proxy sshd[199299]: Failed password for invalid user root from 218.92.0.94 port 55507 ssh2
Jul 28 17:05:34 proxy sshd[199299]: Failed password for invalid user root from 218.92.0.94 port 55507 ssh2
Jul 28 17:05:36 proxy sshd[199301]: User root from 186.235.70.43 not allowed because listed in DenyUsers
Jul 28 17:05:36 proxy sshd[199301]: pam_unix(sshd:auth): authentication failure; logname= uid=0 euid=0 tty=ssh ruser= rhost=186.235.70.43  user=root
Jul 28 17:05:37 proxy sshd[199303]: Invalid user morris from 92.118.39.239 port 40710
Jul 28 17:05:37 proxy sshd[199299]: Failed password for invalid user root from 218.92.0.94 port 55507 ssh2
Jul 28 17:05:37 proxy sshd[199303]: pam_unix(sshd:auth): check pass; user unknown
Jul 28 17:05:37 proxy sshd[199303]: pam_unix(sshd:auth): authentication failure; logname= uid=0 euid=0 tty=ssh ruser= rhost=92.118.39.239 
Jul 28 17:05:38 proxy sshd[199299]: Received disconnect from 218.92.0.94 port 55507:11:  [preauth]
Jul 28 17:05:38 proxy sshd[199299]: Disconnected from invalid user root 218.92.0.94 port 55507 [preauth]
Jul 28 17:05:38 proxy sshd[199299]: PAM 2 more authentication failures; logname= uid=0 euid=0 tty=ssh ruser= rhost=218.92.0.94  user=root
Jul 28 17:05:38 proxy sshd[199301]: Failed password for invalid user root from 186.235.70.43 port 32816 ssh2
Jul 28 17:05:39 proxy sshd[199301]: Received disconnect from 186.235.70.43 port 32816:11: Bye Bye [preauth]
Jul 28 17:05:39 proxy sshd[199301]: Disconnected from invalid user root 186.235.70.43 port 32816 [preauth]
Jul 28 17:05:39 proxy sshd[199303]: Failed password for invalid user morris from 92.118.39.239 port 40710 ssh2
Jul 28 17:05:40 proxy sshd[199303]: Connection closed by invalid user morris 92.118.39.239 port 40710 [preauth]
Jul 28 17:05:43 proxy sshd[199305]: User root from 43.156.122.147 not allowed because listed in DenyUsers
Jul 28 17:05:43 proxy sshd[199305]: pam_unix(sshd:auth): authentication failure; logname= uid=0 euid=0 tty=ssh ruser= rhost=43.156.122.147  user=root
Jul 28 17:05:45 proxy sshd[199305]: Failed password for invalid user root from 43.156.122.147 port 44232 ssh2
Jul 28 17:05:46 proxy sshd[199305]: Received disconnect from 43.156.122.147 port 44232:11: Bye Bye [preauth]
Jul 28 17:05:46 proxy sshd[199305]: Disconnected from invalid user root 43.156.122.147 port 44232 [preauth]
Jul 28 17:05:48 proxy sshd[199307]: User root from 42.193.242.141 not allowed because listed in DenyUsers
Jul 28 17:05:48 proxy sshd[199307]: pam_unix(sshd:auth): authentication failure; logname= uid=0 euid=0 tty=ssh ruser= rhost=42.193.242.141  user=root
Jul 28 17:05:50 proxy sshd[199307]: Failed password for invalid user root from 42.193.242.141 port 52778 ssh2
Jul 28 17:05:51 proxy sshd[199307]: Received disconnect from 42.193.242.141 port 52778:11: Bye Bye [preauth]
Jul 28 17:05:51 proxy sshd[199307]: Disconnected from invalid user root 42.193.242.141 port 52778 [preauth]
Jul 28 17:05:53 proxy sshd[199309]: Invalid user node from 193.32.162.94 port 46040
Jul 28 17:05:53 proxy sshd[199309]: pam_unix(sshd:auth): check pass; user unknown
Jul 28 17:05:53 proxy sshd[199309]: pam_unix(sshd:auth): authentication failure; logname= uid=0 euid=0 tty=ssh ruser= rhost=193.32.162.94 
Jul 28 17:05:54 proxy sshd[199309]: Failed password for invalid user node from 193.32.162.94 port 46040 ssh2
Jul 28 17:05:55 proxy sshd[199309]: Connection closed by invalid user node 193.32.162.94 port 46040 [preauth]
Jul 28 17:06:20 proxy sshd[199311]: Invalid user odoo from 43.156.249.169 port 34284
Jul 28 17:06:20 proxy sshd[199311]: pam_unix(sshd:auth): check pass; user unknown
Jul 28 17:06:20 proxy sshd[199311]: pam_unix(sshd:auth): authentication failure; logname= uid=0 euid=0 tty=ssh ruser= rhost=43.156.249.169 
Jul 28 17:06:23 proxy sshd[199311]: Failed password for invalid user odoo from 43.156.249.169 port 34284 ssh2
Jul 28 17:06:23 proxy sshd[199311]: Received disconnect from 43.156.249.169 port 34284:11: Bye Bye [preauth]
Jul 28 17:06:23 proxy sshd[199311]: Disconnected from invalid user odoo 43.156.249.169 port 34284 [preauth]
Jul 28 17:06:26 proxy sshd[199313]: User root from 218.92.0.94 not allowed because listed in DenyUsers
Jul 28 17:06:26 proxy sshd[199313]: pam_unix(sshd:auth): authentication failure; logname= uid=0 euid=0 tty=ssh ruser= rhost=218.92.0.94  user=root
Jul 28 17:06:26 proxy sshd[199315]: User root from 194.169.175.36 not allowed because listed in DenyUsers
Jul 28 17:06:26 proxy sshd[199315]: pam_unix(sshd:auth): authentication failure; logname= uid=0 euid=0 tty=ssh ruser= rhost=194.169.175.36  user=root
Jul 28 17:06:28 proxy sshd[199317]: User root from 45.117.64.242 not allowed because listed in DenyUsers
Jul 28 17:06:28 proxy sshd[199317]: pam_unix(sshd:auth): authentication failure; logname= uid=0 euid=0 tty=ssh ruser= rhost=45.117.64.242  user=root
Jul 28 17:06:28 proxy sshd[199313]: Failed password for invalid user root from 218.92.0.94 port 63238 ssh2
Jul 28 17:06:29 proxy sshd[199315]: Failed password for invalid user root from 194.169.175.36 port 40668 ssh2
Jul 28 17:06:29 proxy sshd[199319]: User root from 43.156.122.147 not allowed because listed in DenyUsers
Jul 28 17:06:29 proxy sshd[199319]: pam_unix(sshd:auth): authentication failure; logname= uid=0 euid=0 tty=ssh ruser= rhost=43.156.122.147  user=root
Jul 28 17:06:29 proxy sshd[199317]: Failed password for invalid user root from 45.117.64.242 port 38360 ssh2
Jul 28 17:06:29 proxy sshd[199315]: Connection closed by invalid user root 194.169.175.36 port 40668 [preauth]
Jul 28 17:06:31 proxy sshd[199319]: Failed password for invalid user root from 43.156.122.147 port 59922 ssh2
Jul 28 17:06:31 proxy sshd[199317]: Received disconnect from 45.117.64.242 port 38360:11: Bye Bye [preauth]
Jul 28 17:06:31 proxy sshd[199317]: Disconnected from invalid user root 45.117.64.242 port 38360 [preauth]
Jul 28 17:06:31 proxy sshd[199313]: Failed password for invalid user root from 218.92.0.94 port 63238 ssh2
Jul 28 17:06:32 proxy sshd[199319]: Received disconnect from 43.156.122.147 port 59922:11: Bye Bye [preauth]
Jul 28 17:06:32 proxy sshd[199319]: Disconnected from invalid user root 43.156.122.147 port 59922 [preauth]
Jul 28 17:06:34 proxy sshd[199321]: User root from 186.235.70.43 not allowed because listed in DenyUsers
Jul 28 17:06:34 proxy sshd[199321]: pam_unix(sshd:auth): authentication failure; logname= uid=0 euid=0 tty=ssh ruser= rhost=186.235.70.43  user=root
Jul 28 17:06:35 proxy sshd[199313]: Failed password for invalid user root from 218.92.0.94 port 63238 ssh2
Jul 28 17:06:35 proxy sshd[199313]: Received disconnect from 218.92.0.94 port 63238:11:  [preauth]
Jul 28 17:06:35 proxy sshd[199313]: Disconnected from invalid user root 218.92.0.94 port 63238 [preauth]
Jul 28 17:06:35 proxy sshd[199313]: PAM 2 more authentication failures; logname= uid=0 euid=0 tty=ssh ruser= rhost=218.92.0.94  user=root
Jul 28 17:06:35 proxy sshd[199321]: Failed password for invalid user root from 186.235.70.43 port 49588 ssh2
Jul 28 17:06:37 proxy sshd[199321]: Received disconnect from 186.235.70.43 port 49588:11: Bye Bye [preauth]
Jul 28 17:06:37 proxy sshd[199321]: Disconnected from invalid user root 186.235.70.43 port 49588 [preauth]
Jul 28 17:07:02 proxy sshd[199325]: Connection reset by 198.235.24.94 port 59428 [preauth]
Jul 28 17:07:15 proxy sshd[199327]: User root from 43.156.122.147 not allowed because listed in DenyUsers
Jul 28 17:07:15 proxy sshd[199327]: pam_unix(sshd:auth): authentication failure; logname= uid=0 euid=0 tty=ssh ruser= rhost=43.156.122.147  user=root
Jul 28 17:07:17 proxy sshd[199327]: Failed password for invalid user root from 43.156.122.147 port 48362 ssh2
Jul 28 17:07:18 proxy sshd[199327]: Received disconnect from 43.156.122.147 port 48362:11: Bye Bye [preauth]
Jul 28 17:07:18 proxy sshd[199327]: Disconnected from invalid user root 43.156.122.147 port 48362 [preauth]
Jul 28 17:07:25 proxy sshd[199329]: User root from 218.92.0.94 not allowed because listed in DenyUsers
Jul 28 17:07:25 proxy sshd[199329]: pam_unix(sshd:auth): authentication failure; logname= uid=0 euid=0 tty=ssh ruser= rhost=218.92.0.94  user=root
Jul 28 17:07:26 proxy sshd[199331]: User root from 43.156.249.169 not allowed because listed in DenyUsers
Jul 28 17:07:26 proxy sshd[199331]: pam_unix(sshd:auth): authentication failure; logname= uid=0 euid=0 tty=ssh ruser= rhost=43.156.249.169  user=root
Jul 28 17:07:27 proxy sshd[199329]: Failed password for invalid user root from 218.92.0.94 port 26078 ssh2
Jul 28 17:07:29 proxy sshd[199331]: Failed password for invalid user root from 43.156.249.169 port 37132 ssh2
Jul 28 17:07:29 proxy sshd[199331]: Received disconnect from 43.156.249.169 port 37132:11: Bye Bye [preauth]
Jul 28 17:07:29 proxy sshd[199331]: Disconnected from invalid user root 43.156.249.169 port 37132 [preauth]
Jul 28 17:07:31 proxy sshd[199329]: Failed password for invalid user root from 218.92.0.94 port 26078 ssh2
Jul 28 17:07:31 proxy sshd[199333]: Invalid user postgres from 45.117.64.242 port 53858
Jul 28 17:07:31 proxy sshd[199333]: pam_unix(sshd:auth): check pass; user unknown
Jul 28 17:07:31 proxy sshd[199333]: pam_unix(sshd:auth): authentication failure; logname= uid=0 euid=0 tty=ssh ruser= rhost=45.117.64.242 
Jul 28 17:07:32 proxy sshd[199335]: User root from 183.81.169.238 not allowed because listed in DenyUsers
Jul 28 17:07:32 proxy sshd[199335]: pam_unix(sshd:auth): authentication failure; logname= uid=0 euid=0 tty=ssh ruser= rhost=183.81.169.238  user=root
Jul 28 17:07:33 proxy sshd[199333]: Failed password for invalid user postgres from 45.117.64.242 port 53858 ssh2
Jul 28 17:07:33 proxy sshd[199329]: Failed password for invalid user root from 218.92.0.94 port 26078 ssh2
Jul 28 17:07:34 proxy sshd[199337]: Invalid user elasticsearch from 186.235.70.43 port 38132
Jul 28 17:07:34 proxy sshd[199337]: pam_unix(sshd:auth): check pass; user unknown
Jul 28 17:07:34 proxy sshd[199337]: pam_unix(sshd:auth): authentication failure; logname= uid=0 euid=0 tty=ssh ruser= rhost=186.235.70.43 
Jul 28 17:07:34 proxy sshd[199329]: Received disconnect from 218.92.0.94 port 26078:11:  [preauth]
Jul 28 17:07:34 proxy sshd[199329]: Disconnected from invalid user root 218.92.0.94 port 26078 [preauth]
Jul 28 17:07:34 proxy sshd[199329]: PAM 2 more authentication failures; logname= uid=0 euid=0 tty=ssh ruser= rhost=218.92.0.94  user=root
Jul 28 17:07:35 proxy sshd[199335]: Failed password for invalid user root from 183.81.169.238 port 58672 ssh2
Jul 28 17:07:35 proxy sshd[199333]: Received disconnect from 45.117.64.242 port 53858:11: Bye Bye [preauth]
Jul 28 17:07:35 proxy sshd[199333]: Disconnected from invalid user postgres 45.117.64.242 port 53858 [preauth]
Jul 28 17:07:35 proxy sshd[199335]: Connection closed by invalid user root 183.81.169.238 port 58672 [preauth]
Jul 28 17:07:36 proxy sshd[199337]: Failed password for invalid user elasticsearch from 186.235.70.43 port 38132 ssh2
Jul 28 17:07:37 proxy sshd[199341]: User root from 183.81.169.238 not allowed because listed in DenyUsers
Jul 28 17:07:37 proxy sshd[199341]: pam_unix(sshd:auth): authentication failure; logname= uid=0 euid=0 tty=ssh ruser= rhost=183.81.169.238  user=root
Jul 28 17:07:37 proxy sshd[199339]: User root from 42.193.242.141 not allowed because listed in DenyUsers
Jul 28 17:07:37 proxy sshd[199339]: pam_unix(sshd:auth): authentication failure; logname= uid=0 euid=0 tty=ssh ruser= rhost=42.193.242.141  user=root
Jul 28 17:07:37 proxy sshd[199337]: Received disconnect from 186.235.70.43 port 38132:11: Bye Bye [preauth]
Jul 28 17:07:37 proxy sshd[199337]: Disconnected from invalid user elasticsearch 186.235.70.43 port 38132 [preauth]
Jul 28 17:07:39 proxy sshd[199341]: Failed password for invalid user root from 183.81.169.238 port 44976 ssh2
Jul 28 17:07:39 proxy sshd[199339]: Failed password for invalid user root from 42.193.242.141 port 57340 ssh2
Jul 28 17:07:40 proxy sshd[199339]: Received disconnect from 42.193.242.141 port 57340:11: Bye Bye [preauth]
Jul 28 17:07:40 proxy sshd[199339]: Disconnected from invalid user root 42.193.242.141 port 57340 [preauth]
Jul 28 17:07:40 proxy sshd[199341]: Connection closed by invalid user root 183.81.169.238 port 44976 [preauth]
Jul 28 17:07:41 proxy sshd[199343]: User root from 183.81.169.238 not allowed because listed in DenyUsers
Jul 28 17:07:41 proxy sshd[199343]: pam_unix(sshd:auth): authentication failure; logname= uid=0 euid=0 tty=ssh ruser= rhost=183.81.169.238  user=root
Jul 28 17:07:43 proxy sshd[199343]: Failed password for invalid user root from 183.81.169.238 port 44994 ssh2
Jul 28 17:07:45 proxy sshd[199343]: Connection closed by invalid user root 183.81.169.238 port 44994 [preauth]
Jul 28 17:07:46 proxy sshd[199345]: User root from 183.81.169.238 not allowed because listed in DenyUsers
Jul 28 17:07:46 proxy sshd[199345]: pam_unix(sshd:auth): authentication failure; logname= uid=0 euid=0 tty=ssh ruser= rhost=183.81.169.238  user=root
Jul 28 17:07:48 proxy sshd[199345]: Failed password for invalid user root from 183.81.169.238 port 58638 ssh2
Jul 28 17:07:50 proxy sshd[199345]: Connection closed by invalid user root 183.81.169.238 port 58638 [preauth]
Jul 28 17:07:51 proxy sshd[199347]: User root from 183.81.169.238 not allowed because listed in DenyUsers
Jul 28 17:07:52 proxy sshd[199347]: pam_unix(sshd:auth): authentication failure; logname= uid=0 euid=0 tty=ssh ruser= rhost=183.81.169.238  user=root
Jul 28 17:07:54 proxy sshd[199347]: Failed password for invalid user root from 183.81.169.238 port 58668 ssh2
Jul 28 17:07:55 proxy sshd[199347]: Connection closed by invalid user root 183.81.169.238 port 58668 [preauth]
Jul 28 17:07:56 proxy sshd[199349]: User root from 183.81.169.238 not allowed because listed in DenyUsers
Jul 28 17:07:57 proxy sshd[199349]: pam_unix(sshd:auth): authentication failure; logname= uid=0 euid=0 tty=ssh ruser= rhost=183.81.169.238  user=root
Jul 28 17:08:00 proxy sshd[199349]: Failed password for invalid user root from 183.81.169.238 port 36838 ssh2
Jul 28 17:08:00 proxy sshd[199349]: Connection closed by invalid user root 183.81.169.238 port 36838 [preauth]
Jul 28 17:08:01 proxy sshd[199353]: User root from 183.81.169.238 not allowed because listed in DenyUsers
Jul 28 17:08:01 proxy sshd[199351]: User root from 43.156.122.147 not allowed because listed in DenyUsers
Jul 28 17:08:01 proxy sshd[199351]: pam_unix(sshd:auth): authentication failure; logname= uid=0 euid=0 tty=ssh ruser= rhost=43.156.122.147  user=root
Jul 28 17:08:02 proxy sshd[199353]: pam_unix(sshd:auth): authentication failure; logname= uid=0 euid=0 tty=ssh ruser= rhost=183.81.169.238  user=root
Jul 28 17:08:03 proxy sshd[199351]: Failed password for invalid user root from 43.156.122.147 port 34676 ssh2
Jul 28 17:08:04 proxy sshd[199353]: Failed password for invalid user root from 183.81.169.238 port 36844 ssh2
Jul 28 17:08:04 proxy sshd[199351]: Received disconnect from 43.156.122.147 port 34676:11: Bye Bye [preauth]
Jul 28 17:08:04 proxy sshd[199351]: Disconnected from invalid user root 43.156.122.147 port 34676 [preauth]
Jul 28 17:08:05 proxy sshd[199353]: Connection closed by invalid user root 183.81.169.238 port 36844 [preauth]
Jul 28 17:08:06 proxy sshd[199355]: User root from 183.81.169.238 not allowed because listed in DenyUsers
Jul 28 17:08:06 proxy sshd[199355]: pam_unix(sshd:auth): authentication failure; logname= uid=0 euid=0 tty=ssh ruser= rhost=183.81.169.238  user=root
Jul 28 17:08:08 proxy sshd[199355]: Failed password for invalid user root from 183.81.169.238 port 54206 ssh2
Jul 28 17:08:09 proxy sshd[199355]: Connection closed by invalid user root 183.81.169.238 port 54206 [preauth]
Jul 28 17:08:11 proxy sshd[199357]: User root from 183.81.169.238 not allowed because listed in DenyUsers
Jul 28 17:08:11 proxy sshd[199357]: pam_unix(sshd:auth): authentication failure; logname= uid=0 euid=0 tty=ssh ruser= rhost=183.81.169.238  user=root
Jul 28 17:08:13 proxy sshd[199357]: Failed password for invalid user root from 183.81.169.238 port 54232 ssh2
Jul 28 17:08:14 proxy sshd[199357]: Connection closed by invalid user root 183.81.169.238 port 54232 [preauth]
Jul 28 17:08:16 proxy sshd[199359]: User root from 183.81.169.238 not allowed because listed in DenyUsers
Jul 28 17:08:16 proxy sshd[199359]: pam_unix(sshd:auth): authentication failure; logname= uid=0 euid=0 tty=ssh ruser= rhost=183.81.169.238  user=root
Jul 28 17:08:19 proxy sshd[199359]: Failed password for invalid user root from 183.81.169.238 port 43212 ssh2
Jul 28 17:08:19 proxy sshd[199359]: Connection closed by invalid user root 183.81.169.238 port 43212 [preauth]
Jul 28 17:08:21 proxy sshd[199361]: User root from 183.81.169.238 not allowed because listed in DenyUsers
Jul 28 17:08:22 proxy sshd[199361]: pam_unix(sshd:auth): authentication failure; logname= uid=0 euid=0 tty=ssh ruser= rhost=183.81.169.238  user=root
Jul 28 17:08:23 proxy sshd[199363]: User root from 218.92.0.94 not allowed because listed in DenyUsers
Jul 28 17:08:23 proxy sshd[199363]: pam_unix(sshd:auth): authentication failure; logname= uid=0 euid=0 tty=ssh ruser= rhost=218.92.0.94  user=root
Jul 28 17:08:23 proxy sshd[199361]: Failed password for invalid user root from 183.81.169.238 port 43294 ssh2
Jul 28 17:08:25 proxy sshd[199363]: Failed password for invalid user root from 218.92.0.94 port 39553 ssh2
Jul 28 17:08:25 proxy sshd[199361]: Connection closed by invalid user root 183.81.169.238 port 43294 [preauth]
Jul 28 17:08:27 proxy sshd[199365]: User root from 183.81.169.238 not allowed because listed in DenyUsers
Jul 28 17:08:27 proxy sshd[199365]: pam_unix(sshd:auth): authentication failure; logname= uid=0 euid=0 tty=ssh ruser= rhost=183.81.169.238  user=root
Jul 28 17:08:28 proxy sshd[199363]: Failed password for invalid user root from 218.92.0.94 port 39553 ssh2
Jul 28 17:08:30 proxy sshd[199365]: Failed password for invalid user root from 183.81.169.238 port 54592 ssh2
Jul 28 17:08:31 proxy sshd[199363]: Failed password for invalid user root from 218.92.0.94 port 39553 ssh2
Jul 28 17:08:31 proxy sshd[199369]: User root from 186.235.70.43 not allowed because listed in DenyUsers
Jul 28 17:08:31 proxy sshd[199369]: pam_unix(sshd:auth): authentication failure; logname= uid=0 euid=0 tty=ssh ruser= rhost=186.235.70.43  user=root
Jul 28 17:08:32 proxy sshd[199363]: Received disconnect from 218.92.0.94 port 39553:11:  [preauth]
Jul 28 17:08:32 proxy sshd[199363]: Disconnected from invalid user root 218.92.0.94 port 39553 [preauth]
Jul 28 17:08:32 proxy sshd[199363]: PAM 2 more authentication failures; logname= uid=0 euid=0 tty=ssh ruser= rhost=218.92.0.94  user=root
Jul 28 17:08:33 proxy sshd[199365]: Connection closed by invalid user root 183.81.169.238 port 54592 [preauth]
Jul 28 17:08:33 proxy sshd[199369]: Failed password for invalid user root from 186.235.70.43 port 54904 ssh2
Jul 28 17:08:34 proxy sshd[199371]: Invalid user student from 45.117.64.242 port 41122
Jul 28 17:08:34 proxy sshd[199371]: pam_unix(sshd:auth): check pass; user unknown
Jul 28 17:08:34 proxy sshd[199371]: pam_unix(sshd:auth): authentication failure; logname= uid=0 euid=0 tty=ssh ruser= rhost=45.117.64.242 
Jul 28 17:08:34 proxy sshd[199369]: Received disconnect from 186.235.70.43 port 54904:11: Bye Bye [preauth]
Jul 28 17:08:34 proxy sshd[199369]: Disconnected from invalid user root 186.235.70.43 port 54904 [preauth]
Jul 28 17:08:34 proxy sshd[199373]: User root from 183.81.169.238 not allowed because listed in DenyUsers
Jul 28 17:08:35 proxy sshd[199373]: pam_unix(sshd:auth): authentication failure; logname= uid=0 euid=0 tty=ssh ruser= rhost=183.81.169.238  user=root
Jul 28 17:08:35 proxy sshd[199371]: Failed password for invalid user student from 45.117.64.242 port 41122 ssh2
Jul 28 17:08:36 proxy sshd[199371]: Received disconnect from 45.117.64.242 port 41122:11: Bye Bye [preauth]
Jul 28 17:08:36 proxy sshd[199371]: Disconnected from invalid user student 45.117.64.242 port 41122 [preauth]
Jul 28 17:08:36 proxy sshd[199375]: Invalid user test3 from 43.156.249.169 port 35454
Jul 28 17:08:36 proxy sshd[199375]: pam_unix(sshd:auth): check pass; user unknown
Jul 28 17:08:36 proxy sshd[199375]: pam_unix(sshd:auth): authentication failure; logname= uid=0 euid=0 tty=ssh ruser= rhost=43.156.249.169 
Jul 28 17:08:37 proxy sshd[199373]: Failed password for invalid user root from 183.81.169.238 port 54632 ssh2
Jul 28 17:08:38 proxy sshd[199373]: Connection closed by invalid user root 183.81.169.238 port 54632 [preauth]
Jul 28 17:08:38 proxy sshd[199375]: Failed password for invalid user test3 from 43.156.249.169 port 35454 ssh2
Jul 28 17:08:38 proxy sshd[199375]: Received disconnect from 43.156.249.169 port 35454:11: Bye Bye [preauth]
Jul 28 17:08:38 proxy sshd[199375]: Disconnected from invalid user test3 43.156.249.169 port 35454 [preauth]
Jul 28 17:08:40 proxy sshd[199377]: User root from 183.81.169.238 not allowed because listed in DenyUsers
Jul 28 17:08:40 proxy sshd[199377]: pam_unix(sshd:auth): authentication failure; logname= uid=0 euid=0 tty=ssh ruser= rhost=183.81.169.238  user=root
Jul 28 17:08:42 proxy sshd[199377]: Failed password for invalid user root from 183.81.169.238 port 32940 ssh2
Jul 28 17:08:43 proxy sshd[199377]: Connection closed by invalid user root 183.81.169.238 port 32940 [preauth]
Jul 28 17:08:45 proxy sshd[199379]: User root from 183.81.169.238 not allowed because listed in DenyUsers
Jul 28 17:08:45 proxy sshd[199379]: pam_unix(sshd:auth): authentication failure; logname= uid=0 euid=0 tty=ssh ruser= rhost=183.81.169.238  user=root
Jul 28 17:08:47 proxy sshd[199381]: User root from 43.156.122.147 not allowed because listed in DenyUsers
Jul 28 17:08:47 proxy sshd[199381]: pam_unix(sshd:auth): authentication failure; logname= uid=0 euid=0 tty=ssh ruser= rhost=43.156.122.147  user=root
Jul 28 17:08:47 proxy sshd[199379]: Failed password for invalid user root from 183.81.169.238 port 32956 ssh2
Jul 28 17:08:48 proxy sshd[199379]: Connection closed by invalid user root 183.81.169.238 port 32956 [preauth]
Jul 28 17:08:49 proxy sshd[199381]: Failed password for invalid user root from 43.156.122.147 port 58632 ssh2
Jul 28 17:08:50 proxy sshd[199381]: Received disconnect from 43.156.122.147 port 58632:11: Bye Bye [preauth]
Jul 28 17:08:50 proxy sshd[199381]: Disconnected from invalid user root 43.156.122.147 port 58632 [preauth]
Jul 28 17:08:51 proxy sshd[199383]: User root from 183.81.169.238 not allowed because listed in DenyUsers
Jul 28 17:08:51 proxy sshd[199383]: pam_unix(sshd:auth): authentication failure; logname= uid=0 euid=0 tty=ssh ruser= rhost=183.81.169.238  user=root
Jul 28 17:08:54 proxy sshd[199383]: Failed password for invalid user root from 183.81.169.238 port 38794 ssh2
Jul 28 17:08:57 proxy sshd[199383]: Connection closed by invalid user root 183.81.169.238 port 38794 [preauth]
Jul 28 17:08:58 proxy sshd[199385]: User root from 183.81.169.238 not allowed because listed in DenyUsers
Jul 28 17:08:59 proxy sshd[199385]: pam_unix(sshd:auth): authentication failure; logname= uid=0 euid=0 tty=ssh ruser= rhost=183.81.169.238  user=root
Jul 28 17:09:00 proxy sshd[199385]: Failed password for invalid user root from 183.81.169.238 port 39854 ssh2
Jul 28 17:09:01 proxy CRON[199388]: pam_unix(cron:session): session opened for user root(uid=0) by (uid=0)
Jul 28 17:09:01 proxy CRON[199388]: pam_unix(cron:session): session closed for user root
Jul 28 17:09:02 proxy sshd[199385]: Connection closed by invalid user root 183.81.169.238 port 39854 [preauth]
Jul 28 17:09:04 proxy sshd[199436]: User root from 183.81.169.238 not allowed because listed in DenyUsers
Jul 28 17:09:04 proxy sshd[199436]: pam_unix(sshd:auth): authentication failure; logname= uid=0 euid=0 tty=ssh ruser= rhost=183.81.169.238  user=root
Jul 28 17:09:06 proxy sshd[199436]: Failed password for invalid user root from 183.81.169.238 port 39940 ssh2
Jul 28 17:09:07 proxy sshd[199436]: Connection closed by invalid user root 183.81.169.238 port 39940 [preauth]
Jul 28 17:09:09 proxy sshd[199438]: Invalid user Antminer from 183.81.169.238 port 55970
Jul 28 17:09:09 proxy sshd[199438]: pam_unix(sshd:auth): check pass; user unknown
Jul 28 17:09:09 proxy sshd[199438]: pam_unix(sshd:auth): authentication failure; logname= uid=0 euid=0 tty=ssh ruser= rhost=183.81.169.238 
Jul 28 17:09:11 proxy sshd[199438]: Failed password for invalid user Antminer from 183.81.169.238 port 55970 ssh2
Jul 28 17:09:14 proxy sshd[199438]: Connection closed by invalid user Antminer 183.81.169.238 port 55970 [preauth]
Jul 28 17:09:17 proxy sshd[199440]: Invalid user Antminer from 183.81.169.238 port 54982
Jul 28 17:09:17 proxy sshd[199440]: pam_unix(sshd:auth): check pass; user unknown
Jul 28 17:09:17 proxy sshd[199440]: pam_unix(sshd:auth): authentication failure; logname= uid=0 euid=0 tty=ssh ruser= rhost=183.81.169.238 
Jul 28 17:09:19 proxy sshd[199442]: User root from 218.92.0.94 not allowed because listed in DenyUsers
Jul 28 17:09:19 proxy sshd[199442]: pam_unix(sshd:auth): authentication failure; logname= uid=0 euid=0 tty=ssh ruser= rhost=218.92.0.94  user=root
Jul 28 17:09:19 proxy sshd[199440]: Failed password for invalid user Antminer from 183.81.169.238 port 54982 ssh2
Jul 28 17:09:21 proxy sshd[199442]: Failed password for invalid user root from 218.92.0.94 port 45002 ssh2
Jul 28 17:09:22 proxy sshd[199440]: Connection closed by invalid user Antminer 183.81.169.238 port 54982 [preauth]
Jul 28 17:09:23 proxy sshd[199442]: Failed password for invalid user root from 218.92.0.94 port 45002 ssh2
Jul 28 17:09:23 proxy sshd[199444]: User root from 183.81.169.238 not allowed because listed in DenyUsers
Jul 28 17:09:24 proxy sshd[199444]: pam_unix(sshd:auth): authentication failure; logname= uid=0 euid=0 tty=ssh ruser= rhost=183.81.169.238  user=root
Jul 28 17:09:25 proxy sshd[199442]: Failed password for invalid user root from 218.92.0.94 port 45002 ssh2
Jul 28 17:09:26 proxy sshd[199448]: Invalid user test from 186.235.70.43 port 43442
Jul 28 17:09:26 proxy sshd[199448]: pam_unix(sshd:auth): check pass; user unknown
Jul 28 17:09:26 proxy sshd[199448]: pam_unix(sshd:auth): authentication failure; logname= uid=0 euid=0 tty=ssh ruser= rhost=186.235.70.43 
Jul 28 17:09:26 proxy sshd[199444]: Failed password for invalid user root from 183.81.169.238 port 54996 ssh2
Jul 28 17:09:26 proxy sshd[199442]: Received disconnect from 218.92.0.94 port 45002:11:  [preauth]
Jul 28 17:09:26 proxy sshd[199442]: Disconnected from invalid user root 218.92.0.94 port 45002 [preauth]
Jul 28 17:09:26 proxy sshd[199442]: PAM 2 more authentication failures; logname= uid=0 euid=0 tty=ssh ruser= rhost=218.92.0.94  user=root
Jul 28 17:09:26 proxy sshd[199446]: Invalid user user from 42.193.242.141 port 37087
Jul 28 17:09:26 proxy sshd[199446]: pam_unix(sshd:auth): check pass; user unknown
Jul 28 17:09:26 proxy sshd[199446]: pam_unix(sshd:auth): authentication failure; logname= uid=0 euid=0 tty=ssh ruser= rhost=42.193.242.141 
Jul 28 17:09:27 proxy sshd[199444]: Connection closed by invalid user root 183.81.169.238 port 54996 [preauth]
Jul 28 17:09:28 proxy sshd[199450]: User root from 183.81.169.238 not allowed because listed in DenyUsers
Jul 28 17:09:28 proxy sshd[199448]: Failed password for invalid user test from 186.235.70.43 port 43442 ssh2
Jul 28 17:09:29 proxy sshd[199450]: pam_unix(sshd:auth): authentication failure; logname= uid=0 euid=0 tty=ssh ruser= rhost=183.81.169.238  user=root
Jul 28 17:09:29 proxy sshd[199448]: Received disconnect from 186.235.70.43 port 43442:11: Bye Bye [preauth]
Jul 28 17:09:29 proxy sshd[199448]: Disconnected from invalid user test 186.235.70.43 port 43442 [preauth]
Jul 28 17:09:29 proxy sshd[199446]: Failed password for invalid user user from 42.193.242.141 port 37087 ssh2
Jul 28 17:09:30 proxy sshd[199446]: Received disconnect from 42.193.242.141 port 37087:11: Bye Bye [preauth]
Jul 28 17:09:30 proxy sshd[199446]: Disconnected from invalid user user 42.193.242.141 port 37087 [preauth]
Jul 28 17:09:31 proxy sshd[199450]: Failed password for invalid user root from 183.81.169.238 port 48910 ssh2
Jul 28 17:09:32 proxy sshd[199450]: Connection closed by invalid user root 183.81.169.238 port 48910 [preauth]
Jul 28 17:09:32 proxy sshd[199452]: User root from 43.156.122.147 not allowed because listed in DenyUsers
Jul 28 17:09:32 proxy sshd[199452]: pam_unix(sshd:auth): authentication failure; logname= uid=0 euid=0 tty=ssh ruser= rhost=43.156.122.147  user=root
Jul 28 17:09:34 proxy sshd[199452]: Failed password for invalid user root from 43.156.122.147 port 58614 ssh2
Jul 28 17:09:34 proxy sshd[199454]: User root from 183.81.169.238 not allowed because listed in DenyUsers
Jul 28 17:09:34 proxy sshd[199454]: pam_unix(sshd:auth): authentication failure; logname= uid=0 euid=0 tty=ssh ruser= rhost=183.81.169.238  user=root
Jul 28 17:09:35 proxy sshd[199452]: Received disconnect from 43.156.122.147 port 58614:11: Bye Bye [preauth]
Jul 28 17:09:35 proxy sshd[199452]: Disconnected from invalid user root 43.156.122.147 port 58614 [preauth]
Jul 28 17:09:36 proxy sshd[199454]: Failed password for invalid user root from 183.81.169.238 port 48922 ssh2
Jul 28 17:09:36 proxy sshd[199456]: User root from 45.117.64.242 not allowed because listed in DenyUsers
Jul 28 17:09:36 proxy sshd[199456]: pam_unix(sshd:auth): authentication failure; logname= uid=0 euid=0 tty=ssh ruser= rhost=45.117.64.242  user=root
Jul 28 17:09:36 proxy sshd[199454]: Connection closed by invalid user root 183.81.169.238 port 48922 [preauth]
Jul 28 17:09:38 proxy sshd[199458]: User root from 183.81.169.238 not allowed because listed in DenyUsers
Jul 28 17:09:38 proxy sshd[199456]: Failed password for invalid user root from 45.117.64.242 port 56612 ssh2
Jul 28 17:09:39 proxy sshd[199458]: pam_unix(sshd:auth): authentication failure; logname= uid=0 euid=0 tty=ssh ruser= rhost=183.81.169.238  user=root
Jul 28 17:09:39 proxy sshd[199456]: Received disconnect from 45.117.64.242 port 56612:11: Bye Bye [preauth]
Jul 28 17:09:39 proxy sshd[199456]: Disconnected from invalid user root 45.117.64.242 port 56612 [preauth]
Jul 28 17:09:41 proxy sshd[199458]: Failed password for invalid user root from 183.81.169.238 port 34852 ssh2
Jul 28 17:09:42 proxy sshd[199458]: Connection closed by invalid user root 183.81.169.238 port 34852 [preauth]
Jul 28 17:09:42 proxy sshd[199460]: Invalid user postgres from 43.156.249.169 port 60430
Jul 28 17:09:42 proxy sshd[199460]: pam_unix(sshd:auth): check pass; user unknown
Jul 28 17:09:42 proxy sshd[199460]: pam_unix(sshd:auth): authentication failure; logname= uid=0 euid=0 tty=ssh ruser= rhost=43.156.249.169 
Jul 28 17:09:44 proxy sshd[199460]: Failed password for invalid user postgres from 43.156.249.169 port 60430 ssh2
Jul 28 17:09:44 proxy sshd[199462]: User root from 183.81.169.238 not allowed because listed in DenyUsers
Jul 28 17:09:44 proxy sshd[199460]: Received disconnect from 43.156.249.169 port 60430:11: Bye Bye [preauth]
Jul 28 17:09:44 proxy sshd[199460]: Disconnected from invalid user postgres 43.156.249.169 port 60430 [preauth]
Jul 28 17:09:44 proxy sshd[199462]: pam_unix(sshd:auth): authentication failure; logname= uid=0 euid=0 tty=ssh ruser= rhost=183.81.169.238  user=root
Jul 28 17:09:46 proxy sshd[199462]: Failed password for invalid user root from 183.81.169.238 port 34936 ssh2
Jul 28 17:09:47 proxy sshd[199462]: Connection closed by invalid user root 183.81.169.238 port 34936 [preauth]
Jul 28 17:09:49 proxy sshd[199464]: Invalid user admin from 183.81.169.238 port 47812
Jul 28 17:09:50 proxy sshd[199464]: pam_unix(sshd:auth): check pass; user unknown
Jul 28 17:09:50 proxy sshd[199464]: pam_unix(sshd:auth): authentication failure; logname= uid=0 euid=0 tty=ssh ruser= rhost=183.81.169.238 
Jul 28 17:09:52 proxy sshd[199464]: Failed password for invalid user admin from 183.81.169.238 port 47812 ssh2
Jul 28 17:09:54 proxy sshd[199464]: Connection closed by invalid user admin 183.81.169.238 port 47812 [preauth]
Jul 28 17:09:57 proxy sshd[199466]: Invalid user baikal from 183.81.169.238 port 35024
Jul 28 17:09:57 proxy sshd[199466]: pam_unix(sshd:auth): check pass; user unknown
Jul 28 17:09:57 proxy sshd[199466]: pam_unix(sshd:auth): authentication failure; logname= uid=0 euid=0 tty=ssh ruser= rhost=183.81.169.238 
Jul 28 17:09:59 proxy sshd[199466]: Failed password for invalid user baikal from 183.81.169.238 port 35024 ssh2
Jul 28 17:10:01 proxy sshd[199466]: Connection closed by invalid user baikal 183.81.169.238 port 35024 [preauth]
Jul 28 17:10:14 proxy sshd[199468]: User root from 218.92.0.94 not allowed because listed in DenyUsers
Jul 28 17:10:14 proxy sshd[199468]: pam_unix(sshd:auth): authentication failure; logname= uid=0 euid=0 tty=ssh ruser= rhost=218.92.0.94  user=root
Jul 28 17:10:16 proxy sshd[199468]: Failed password for invalid user root from 218.92.0.94 port 52849 ssh2
Jul 28 17:10:16 proxy sshd[199470]: User root from 43.156.122.147 not allowed because listed in DenyUsers
Jul 28 17:10:16 proxy sshd[199470]: pam_unix(sshd:auth): authentication failure; logname= uid=0 euid=0 tty=ssh ruser= rhost=43.156.122.147  user=root
Jul 28 17:10:18 proxy sshd[199470]: Failed password for invalid user root from 43.156.122.147 port 43564 ssh2
Jul 28 17:10:18 proxy sshd[199468]: Failed password for invalid user root from 218.92.0.94 port 52849 ssh2
Jul 28 17:10:19 proxy sshd[199470]: Received disconnect from 43.156.122.147 port 43564:11: Bye Bye [preauth]
Jul 28 17:10:19 proxy sshd[199470]: Disconnected from invalid user root 43.156.122.147 port 43564 [preauth]
Jul 28 17:10:22 proxy sshd[199468]: Failed password for invalid user root from 218.92.0.94 port 52849 ssh2
Jul 28 17:10:23 proxy sshd[199468]: Received disconnect from 218.92.0.94 port 52849:11:  [preauth]
Jul 28 17:10:23 proxy sshd[199468]: Disconnected from invalid user root 218.92.0.94 port 52849 [preauth]
Jul 28 17:10:23 proxy sshd[199468]: PAM 2 more authentication failures; logname= uid=0 euid=0 tty=ssh ruser= rhost=218.92.0.94  user=root
Jul 28 17:10:27 proxy sshd[199474]: User root from 186.235.70.43 not allowed because listed in DenyUsers
Jul 28 17:10:27 proxy sshd[199474]: pam_unix(sshd:auth): authentication failure; logname= uid=0 euid=0 tty=ssh ruser= rhost=186.235.70.43  user=root
Jul 28 17:10:29 proxy sshd[199474]: Failed password for invalid user root from 186.235.70.43 port 60218 ssh2
Jul 28 17:10:30 proxy sshd[199474]: Received disconnect from 186.235.70.43 port 60218:11: Bye Bye [preauth]
Jul 28 17:10:30 proxy sshd[199474]: Disconnected from invalid user root 186.235.70.43 port 60218 [preauth]
Jul 28 17:10:36 proxy sshd[199476]: Invalid user odoo from 45.117.64.242 port 43874
