Jul 28 13:25:47 proxy systemd-logind[647]: Removed session 724.
Jul 28 13:25:50 proxy sshd[195796]: User root from 218.92.0.94 not allowed because listed in DenyUsers
Jul 28 13:25:50 proxy sshd[195796]: pam_unix(sshd:auth): authentication failure; logname= uid=0 euid=0 tty=ssh ruser= rhost=218.92.0.94  user=root
Jul 28 13:25:52 proxy sshd[195796]: Failed password for invalid user root from 218.92.0.94 port 47055 ssh2
Jul 28 13:25:54 proxy sshd[195796]: Failed password for invalid user root from 218.92.0.94 port 47055 ssh2
Jul 28 13:25:57 proxy systemd: pam_unix(systemd-user:session): session closed for user gardner
Jul 28 13:25:57 proxy sshd[195796]: Failed password for invalid user root from 218.92.0.94 port 47055 ssh2
Jul 28 13:25:58 proxy sshd[195796]: Received disconnect from 218.92.0.94 port 47055:11:  [preauth]
Jul 28 13:25:58 proxy sshd[195796]: Disconnected from invalid user root 218.92.0.94 port 47055 [preauth]
Jul 28 13:25:58 proxy sshd[195796]: PAM 2 more authentication failures; logname= uid=0 euid=0 tty=ssh ruser= rhost=218.92.0.94  user=root
Jul 28 13:25:59 proxy sshd[195799]: User root from 158.69.53.112 not allowed because listed in DenyUsers
Jul 28 13:25:59 proxy sshd[195799]: pam_unix(sshd:auth): authentication failure; logname= uid=0 euid=0 tty=ssh ruser= rhost=158.69.53.112  user=root
Jul 28 13:26:01 proxy sshd[195801]: User root from 43.156.122.96 not allowed because listed in DenyUsers
Jul 28 13:26:01 proxy sshd[195801]: pam_unix(sshd:auth): authentication failure; logname= uid=0 euid=0 tty=ssh ruser= rhost=43.156.122.96  user=root
Jul 28 13:26:01 proxy sshd[195799]: Failed password for invalid user root from 158.69.53.112 port 39424 ssh2
Jul 28 13:26:02 proxy sshd[195799]: Connection closed by invalid user root 158.69.53.112 port 39424 [preauth]
Jul 28 13:26:04 proxy sshd[195801]: Failed password for invalid user root from 43.156.122.96 port 47212 ssh2
Jul 28 13:26:04 proxy sshd[195803]: User root from 43.153.66.145 not allowed because listed in DenyUsers
Jul 28 13:26:04 proxy sshd[195803]: pam_unix(sshd:auth): authentication failure; logname= uid=0 euid=0 tty=ssh ruser= rhost=43.153.66.145  user=root
Jul 28 13:26:04 proxy sshd[195801]: Received disconnect from 43.156.122.96 port 47212:11: Bye Bye [preauth]
Jul 28 13:26:04 proxy sshd[195801]: Disconnected from invalid user root 43.156.122.96 port 47212 [preauth]
Jul 28 13:26:06 proxy sshd[195803]: Failed password for invalid user root from 43.153.66.145 port 47524 ssh2
Jul 28 13:26:06 proxy sshd[195805]: User root from 43.157.32.60 not allowed because listed in DenyUsers
Jul 28 13:26:06 proxy sshd[195805]: pam_unix(sshd:auth): authentication failure; logname= uid=0 euid=0 tty=ssh ruser= rhost=43.157.32.60  user=root
Jul 28 13:26:07 proxy sshd[195803]: Received disconnect from 43.153.66.145 port 47524:11: Bye Bye [preauth]
Jul 28 13:26:07 proxy sshd[195803]: Disconnected from invalid user root 43.153.66.145 port 47524 [preauth]
Jul 28 13:26:08 proxy sshd[195805]: Failed password for invalid user root from 43.157.32.60 port 57282 ssh2
Jul 28 13:26:09 proxy sshd[195805]: Received disconnect from 43.157.32.60 port 57282:11: Bye Bye [preauth]
Jul 28 13:26:09 proxy sshd[195805]: Disconnected from invalid user root 43.157.32.60 port 57282 [preauth]
Jul 28 13:26:11 proxy sshd[195807]: User root from 146.59.197.134 not allowed because listed in DenyUsers
Jul 28 13:26:11 proxy sshd[195807]: pam_unix(sshd:auth): authentication failure; logname= uid=0 euid=0 tty=ssh ruser= rhost=146.59.197.134  user=root
Jul 28 13:26:13 proxy sshd[195807]: Failed password for invalid user root from 146.59.197.134 port 40380 ssh2
Jul 28 13:26:14 proxy sshd[195807]: Received disconnect from 146.59.197.134 port 40380:11: Bye Bye [preauth]
Jul 28 13:26:14 proxy sshd[195807]: Disconnected from invalid user root 146.59.197.134 port 40380 [preauth]
Jul 28 13:26:28 proxy sshd[195809]: Invalid user git from 186.225.14.33 port 58706
Jul 28 13:26:28 proxy sshd[195809]: pam_unix(sshd:auth): check pass; user unknown
Jul 28 13:26:28 proxy sshd[195809]: pam_unix(sshd:auth): authentication failure; logname= uid=0 euid=0 tty=ssh ruser= rhost=186.225.14.33 
Jul 28 13:26:30 proxy sshd[195809]: Failed password for invalid user git from 186.225.14.33 port 58706 ssh2
Jul 28 13:26:30 proxy sshd[195811]: Accepted publickey for gardner from 70.118.215.107 port 36966 ssh2: RSA SHA256:ooQNMl+LrZDULKIBHeG9DmddrZdzLtoXLcjcUeCHBdc
Jul 28 13:26:30 proxy sshd[195811]: pam_unix(sshd:session): session opened for user gardner(uid=1000) by (uid=0)
Jul 28 13:26:30 proxy systemd-logind[647]: New session 726 of user gardner.
Jul 28 13:26:30 proxy systemd: pam_unix(systemd-user:session): session opened for user gardner(uid=1000) by (uid=0)
Jul 28 13:26:31 proxy sshd[195809]: Received disconnect from 186.225.14.33 port 58706:11: Bye Bye [preauth]
Jul 28 13:26:31 proxy sshd[195809]: Disconnected from invalid user git 186.225.14.33 port 58706 [preauth]
Jul 28 13:26:34 proxy sshd[195877]: Received disconnect from 70.118.215.107 port 36966:11: disconnected by user
Jul 28 13:26:34 proxy sshd[195877]: Disconnected from user gardner 70.118.215.107 port 36966
Jul 28 13:26:34 proxy sshd[195811]: pam_unix(sshd:session): session closed for user gardner
Jul 28 13:26:34 proxy systemd-logind[647]: Session 726 logged out. Waiting for processes to exit.
Jul 28 13:26:34 proxy systemd-logind[647]: Removed session 726.
Jul 28 13:26:36 proxy sshd[195881]: User root from 181.50.70.106 not allowed because listed in DenyUsers
Jul 28 13:26:36 proxy sshd[195881]: pam_unix(sshd:auth): authentication failure; logname= uid=0 euid=0 tty=ssh ruser= rhost=181.50.70.106  user=root
Jul 28 13:26:38 proxy sshd[195881]: Failed password for invalid user root from 181.50.70.106 port 46846 ssh2
Jul 28 13:26:38 proxy sshd[195881]: Received disconnect from 181.50.70.106 port 46846:11: Bye Bye [preauth]
Jul 28 13:26:38 proxy sshd[195881]: Disconnected from invalid user root 181.50.70.106 port 46846 [preauth]
Jul 28 13:26:40 proxy sshd[195883]: Invalid user gitea from 140.143.235.187 port 56256
Jul 28 13:26:40 proxy sshd[195883]: pam_unix(sshd:auth): check pass; user unknown
Jul 28 13:26:40 proxy sshd[195883]: pam_unix(sshd:auth): authentication failure; logname= uid=0 euid=0 tty=ssh ruser= rhost=140.143.235.187 
Jul 28 13:26:42 proxy sshd[195883]: Failed password for invalid user gitea from 140.143.235.187 port 56256 ssh2
Jul 28 13:26:43 proxy sshd[195883]: Received disconnect from 140.143.235.187 port 56256:11: Bye Bye [preauth]
Jul 28 13:26:43 proxy sshd[195883]: Disconnected from invalid user gitea 140.143.235.187 port 56256 [preauth]
Jul 28 13:26:45 proxy sshd[195885]: User root from 218.78.63.36 not allowed because listed in DenyUsers
Jul 28 13:26:45 proxy sshd[195885]: pam_unix(sshd:auth): authentication failure; logname= uid=0 euid=0 tty=ssh ruser= rhost=218.78.63.36  user=root
Jul 28 13:26:46 proxy sshd[195885]: Failed password for invalid user root from 218.78.63.36 port 54518 ssh2
Jul 28 13:26:47 proxy sshd[195890]: User root from 43.153.66.145 not allowed because listed in DenyUsers
Jul 28 13:26:47 proxy sshd[195890]: pam_unix(sshd:auth): authentication failure; logname= uid=0 euid=0 tty=ssh ruser= rhost=43.153.66.145  user=root
Jul 28 13:26:47 proxy sshd[195892]: User root from 43.157.32.60 not allowed because listed in DenyUsers
Jul 28 13:26:47 proxy sshd[195892]: pam_unix(sshd:auth): authentication failure; logname= uid=0 euid=0 tty=ssh ruser= rhost=43.157.32.60  user=root
Jul 28 13:26:47 proxy sshd[195885]: Received disconnect from 218.78.63.36 port 54518:11: Bye Bye [preauth]
Jul 28 13:26:47 proxy sshd[195885]: Disconnected from invalid user root 218.78.63.36 port 54518 [preauth]
Jul 28 13:26:48 proxy sshd[195888]: User root from 43.156.122.96 not allowed because listed in DenyUsers
Jul 28 13:26:48 proxy sshd[195888]: pam_unix(sshd:auth): authentication failure; logname= uid=0 euid=0 tty=ssh ruser= rhost=43.156.122.96  user=root
Jul 28 13:26:48 proxy sshd[195894]: Accepted publickey for gardner from 70.118.215.107 port 42990 ssh2: RSA SHA256:ooQNMl+LrZDULKIBHeG9DmddrZdzLtoXLcjcUeCHBdc
Jul 28 13:26:48 proxy sshd[195894]: pam_unix(sshd:session): session opened for user gardner(uid=1000) by (uid=0)
Jul 28 13:26:48 proxy systemd-logind[647]: New session 728 of user gardner.
Jul 28 13:26:49 proxy systemd: pam_unix(systemd-user:session): session opened for user gardner(uid=1000) by (uid=0)
Jul 28 13:26:49 proxy sshd[195890]: Failed password for invalid user root from 43.153.66.145 port 33524 ssh2
Jul 28 13:26:49 proxy sshd[195890]: Received disconnect from 43.153.66.145 port 33524:11: Bye Bye [preauth]
Jul 28 13:26:49 proxy sshd[195890]: Disconnected from invalid user root 43.153.66.145 port 33524 [preauth]
Jul 28 13:26:50 proxy sshd[195888]: Failed password for invalid user root from 43.156.122.96 port 43852 ssh2
Jul 28 13:26:50 proxy sshd[195892]: Failed password for invalid user root from 43.157.32.60 port 43316 ssh2
Jul 28 13:26:50 proxy sshd[195899]: User root from 218.92.0.94 not allowed because listed in DenyUsers
Jul 28 13:26:50 proxy sshd[195892]: Received disconnect from 43.157.32.60 port 43316:11: Bye Bye [preauth]
Jul 28 13:26:50 proxy sshd[195892]: Disconnected from invalid user root 43.157.32.60 port 43316 [preauth]
Jul 28 13:26:50 proxy sshd[195899]: pam_unix(sshd:auth): authentication failure; logname= uid=0 euid=0 tty=ssh ruser= rhost=218.92.0.94  user=root
Jul 28 13:26:50 proxy sshd[195888]: Received disconnect from 43.156.122.96 port 43852:11: Bye Bye [preauth]
Jul 28 13:26:50 proxy sshd[195888]: Disconnected from invalid user root 43.156.122.96 port 43852 [preauth]
Jul 28 13:26:52 proxy sshd[195899]: Failed password for invalid user root from 218.92.0.94 port 59644 ssh2
Jul 28 13:26:53 proxy sshd[195956]: Invalid user dev from 146.59.197.134 port 47218
Jul 28 13:26:53 proxy sshd[195956]: pam_unix(sshd:auth): check pass; user unknown
Jul 28 13:26:53 proxy sshd[195956]: pam_unix(sshd:auth): authentication failure; logname= uid=0 euid=0 tty=ssh ruser= rhost=146.59.197.134 
Jul 28 13:26:53 proxy sshd[195899]: Failed password for invalid user root from 218.92.0.94 port 59644 ssh2
Jul 28 13:26:55 proxy sshd[195956]: Failed password for invalid user dev from 146.59.197.134 port 47218 ssh2
Jul 28 13:26:57 proxy sshd[195956]: Received disconnect from 146.59.197.134 port 47218:11: Bye Bye [preauth]
Jul 28 13:26:57 proxy sshd[195956]: Disconnected from invalid user dev 146.59.197.134 port 47218 [preauth]
Jul 28 13:26:57 proxy sshd[195899]: Failed password for invalid user root from 218.92.0.94 port 59644 ssh2
Jul 28 13:26:57 proxy sshd[195899]: Received disconnect from 218.92.0.94 port 59644:11:  [preauth]
Jul 28 13:26:57 proxy sshd[195899]: Disconnected from invalid user root 218.92.0.94 port 59644 [preauth]
Jul 28 13:26:57 proxy sshd[195899]: PAM 2 more authentication failures; logname= uid=0 euid=0 tty=ssh ruser= rhost=218.92.0.94  user=root
Jul 28 13:27:07 proxy sshd[195952]: Received disconnect from 70.118.215.107 port 42990:11: disconnected by user
Jul 28 13:27:07 proxy sshd[195952]: Disconnected from user gardner 70.118.215.107 port 42990
Jul 28 13:27:07 proxy sshd[195894]: pam_unix(sshd:session): session closed for user gardner
Jul 28 13:27:07 proxy systemd-logind[647]: Session 728 logged out. Waiting for processes to exit.
Jul 28 13:27:07 proxy systemd-logind[647]: Removed session 728.
Jul 28 13:27:09 proxy sshd[195958]: Invalid user mimi from 140.143.235.187 port 35002
Jul 28 13:27:09 proxy sshd[195958]: pam_unix(sshd:auth): check pass; user unknown
Jul 28 13:27:09 proxy sshd[195958]: pam_unix(sshd:auth): authentication failure; logname= uid=0 euid=0 tty=ssh ruser= rhost=140.143.235.187 
Jul 28 13:27:11 proxy sshd[195958]: Failed password for invalid user mimi from 140.143.235.187 port 35002 ssh2
Jul 28 13:27:12 proxy sshd[195958]: Received disconnect from 140.143.235.187 port 35002:11: Bye Bye [preauth]
Jul 28 13:27:12 proxy sshd[195958]: Disconnected from invalid user mimi 140.143.235.187 port 35002 [preauth]
Jul 28 13:27:22 proxy sshd[195961]: Invalid user dev from 186.225.14.33 port 45134
Jul 28 13:27:22 proxy sshd[195961]: pam_unix(sshd:auth): check pass; user unknown
Jul 28 13:27:22 proxy sshd[195961]: pam_unix(sshd:auth): authentication failure; logname= uid=0 euid=0 tty=ssh ruser= rhost=186.225.14.33 
Jul 28 13:27:24 proxy sshd[195961]: Failed password for invalid user dev from 186.225.14.33 port 45134 ssh2
Jul 28 13:27:24 proxy sshd[195961]: Received disconnect from 186.225.14.33 port 45134:11: Bye Bye [preauth]
Jul 28 13:27:24 proxy sshd[195961]: Disconnected from invalid user dev 186.225.14.33 port 45134 [preauth]
Jul 28 13:27:28 proxy sshd[195963]: Invalid user developer1 from 43.153.66.145 port 47746
Jul 28 13:27:28 proxy sshd[195963]: pam_unix(sshd:auth): check pass; user unknown
Jul 28 13:27:28 proxy sshd[195963]: pam_unix(sshd:auth): authentication failure; logname= uid=0 euid=0 tty=ssh ruser= rhost=43.153.66.145 
Jul 28 13:27:29 proxy sshd[195963]: Failed password for invalid user developer1 from 43.153.66.145 port 47746 ssh2
Jul 28 13:27:30 proxy sshd[195965]: Invalid user user123 from 43.157.32.60 port 57586
Jul 28 13:27:30 proxy sshd[195965]: pam_unix(sshd:auth): check pass; user unknown
Jul 28 13:27:30 proxy sshd[195965]: pam_unix(sshd:auth): authentication failure; logname= uid=0 euid=0 tty=ssh ruser= rhost=43.157.32.60 
Jul 28 13:27:30 proxy sshd[195963]: Received disconnect from 43.153.66.145 port 47746:11: Bye Bye [preauth]
Jul 28 13:27:30 proxy sshd[195963]: Disconnected from invalid user developer1 43.153.66.145 port 47746 [preauth]
Jul 28 13:27:31 proxy sshd[195967]: Accepted publickey for gardner from 70.118.215.107 port 56828 ssh2: RSA SHA256:ooQNMl+LrZDULKIBHeG9DmddrZdzLtoXLcjcUeCHBdc
Jul 28 13:27:31 proxy sshd[195967]: pam_unix(sshd:session): session opened for user gardner(uid=1000) by (uid=0)
Jul 28 13:27:31 proxy systemd-logind[647]: New session 730 of user gardner.
Jul 28 13:27:31 proxy systemd: pam_unix(systemd-user:session): session opened for user gardner(uid=1000) by (uid=0)
Jul 28 13:27:31 proxy sshd[195969]: Invalid user oracle from 146.59.197.134 port 32794
Jul 28 13:27:31 proxy sshd[195969]: pam_unix(sshd:auth): check pass; user unknown
Jul 28 13:27:31 proxy sshd[195969]: pam_unix(sshd:auth): authentication failure; logname= uid=0 euid=0 tty=ssh ruser= rhost=146.59.197.134 
Jul 28 13:27:32 proxy sshd[195965]: Failed password for invalid user user123 from 43.157.32.60 port 57586 ssh2
Jul 28 13:27:33 proxy sshd[196040]: User root from 43.156.122.96 not allowed because listed in DenyUsers
Jul 28 13:27:33 proxy sshd[196040]: pam_unix(sshd:auth): authentication failure; logname= uid=0 euid=0 tty=ssh ruser= rhost=43.156.122.96  user=root
Jul 28 13:27:34 proxy sshd[195969]: Failed password for invalid user oracle from 146.59.197.134 port 32794 ssh2
Jul 28 13:27:34 proxy sshd[195965]: Received disconnect from 43.157.32.60 port 57586:11: Bye Bye [preauth]
Jul 28 13:27:34 proxy sshd[195965]: Disconnected from invalid user user123 43.157.32.60 port 57586 [preauth]
Jul 28 13:27:35 proxy sshd[196040]: Failed password for invalid user root from 43.156.122.96 port 50010 ssh2
Jul 28 13:27:35 proxy sshd[195969]: Received disconnect from 146.59.197.134 port 32794:11: Bye Bye [preauth]
Jul 28 13:27:35 proxy sshd[195969]: Disconnected from invalid user oracle 146.59.197.134 port 32794 [preauth]
Jul 28 13:27:36 proxy sshd[196040]: Received disconnect from 43.156.122.96 port 50010:11: Bye Bye [preauth]
Jul 28 13:27:36 proxy sshd[196040]: Disconnected from invalid user root 43.156.122.96 port 50010 [preauth]
Jul 28 13:27:37 proxy sshd[196042]: User root from 140.143.235.187 not allowed because listed in DenyUsers
Jul 28 13:27:37 proxy sshd[196042]: pam_unix(sshd:auth): authentication failure; logname= uid=0 euid=0 tty=ssh ruser= rhost=140.143.235.187  user=root
Jul 28 13:27:38 proxy sshd[196043]: Invalid user dev from 218.78.63.36 port 34490
Jul 28 13:27:38 proxy sshd[196043]: pam_unix(sshd:auth): check pass; user unknown
Jul 28 13:27:38 proxy sshd[196043]: pam_unix(sshd:auth): authentication failure; logname= uid=0 euid=0 tty=ssh ruser= rhost=218.78.63.36 
Jul 28 13:27:39 proxy sshd[196042]: Failed password for invalid user root from 140.143.235.187 port 41980 ssh2
Jul 28 13:27:39 proxy sshd[196043]: Failed password for invalid user dev from 218.78.63.36 port 34490 ssh2
Jul 28 13:27:40 proxy sshd[196042]: Received disconnect from 140.143.235.187 port 41980:11: Bye Bye [preauth]
Jul 28 13:27:40 proxy sshd[196042]: Disconnected from invalid user root 140.143.235.187 port 41980 [preauth]
Jul 28 13:27:40 proxy sshd[196043]: Received disconnect from 218.78.63.36 port 34490:11: Bye Bye [preauth]
Jul 28 13:27:40 proxy sshd[196043]: Disconnected from invalid user dev 218.78.63.36 port 34490 [preauth]
Jul 28 13:27:40 proxy sshd[196046]: User root from 181.50.70.106 not allowed because listed in DenyUsers
Jul 28 13:27:40 proxy sshd[196046]: pam_unix(sshd:auth): authentication failure; logname= uid=0 euid=0 tty=ssh ruser= rhost=181.50.70.106  user=root
Jul 28 13:27:43 proxy sshd[196046]: Failed password for invalid user root from 181.50.70.106 port 35618 ssh2
Jul 28 13:27:43 proxy sshd[196046]: Received disconnect from 181.50.70.106 port 35618:11: Bye Bye [preauth]
Jul 28 13:27:43 proxy sshd[196046]: Disconnected from invalid user root 181.50.70.106 port 35618 [preauth]
Jul 28 13:27:48 proxy sshd[196048]: User root from 218.92.0.94 not allowed because listed in DenyUsers
Jul 28 13:27:49 proxy sshd[196048]: pam_unix(sshd:auth): authentication failure; logname= uid=0 euid=0 tty=ssh ruser= rhost=218.92.0.94  user=root
Jul 28 13:27:51 proxy sshd[196048]: Failed password for invalid user root from 218.92.0.94 port 63807 ssh2
Jul 28 13:27:58 proxy sshd[196048]: message repeated 2 times: [ Failed password for invalid user root from 218.92.0.94 port 63807 ssh2]
Jul 28 13:27:59 proxy sshd[196048]: Received disconnect from 218.92.0.94 port 63807:11:  [preauth]
Jul 28 13:27:59 proxy sshd[196048]: Disconnected from invalid user root 218.92.0.94 port 63807 [preauth]
Jul 28 13:27:59 proxy sshd[196048]: PAM 2 more authentication failures; logname= uid=0 euid=0 tty=ssh ruser= rhost=218.92.0.94  user=root
Jul 28 13:28:06 proxy sshd[196050]: Invalid user hadoop from 140.143.235.187 port 48974
Jul 28 13:28:06 proxy sshd[196050]: pam_unix(sshd:auth): check pass; user unknown
Jul 28 13:28:06 proxy sshd[196050]: pam_unix(sshd:auth): authentication failure; logname= uid=0 euid=0 tty=ssh ruser= rhost=140.143.235.187 
Jul 28 13:28:08 proxy sshd[196050]: Failed password for invalid user hadoop from 140.143.235.187 port 48974 ssh2
Jul 28 13:28:09 proxy sshd[196050]: Received disconnect from 140.143.235.187 port 48974:11: Bye Bye [preauth]
Jul 28 13:28:09 proxy sshd[196050]: Disconnected from invalid user hadoop 140.143.235.187 port 48974 [preauth]
Jul 28 13:28:10 proxy sshd[196054]: User root from 43.153.66.145 not allowed because listed in DenyUsers
Jul 28 13:28:10 proxy sshd[196054]: pam_unix(sshd:auth): authentication failure; logname= uid=0 euid=0 tty=ssh ruser= rhost=43.153.66.145  user=root
Jul 28 13:28:10 proxy sshd[196052]: Invalid user mysql from 43.157.32.60 port 43612
Jul 28 13:28:10 proxy sshd[196052]: pam_unix(sshd:auth): check pass; user unknown
Jul 28 13:28:10 proxy sshd[196052]: pam_unix(sshd:auth): authentication failure; logname= uid=0 euid=0 tty=ssh ruser= rhost=43.157.32.60 
Jul 28 13:28:12 proxy sshd[196054]: Failed password for invalid user root from 43.153.66.145 port 33740 ssh2
Jul 28 13:28:12 proxy sshd[196052]: Failed password for invalid user mysql from 43.157.32.60 port 43612 ssh2
Jul 28 13:28:13 proxy sshd[196052]: Received disconnect from 43.157.32.60 port 43612:11: Bye Bye [preauth]
Jul 28 13:28:13 proxy sshd[196052]: Disconnected from invalid user mysql 43.157.32.60 port 43612 [preauth]
Jul 28 13:28:13 proxy sshd[196056]: User root from 146.59.197.134 not allowed because listed in DenyUsers
Jul 28 13:28:13 proxy sshd[196056]: pam_unix(sshd:auth): authentication failure; logname= uid=0 euid=0 tty=ssh ruser= rhost=146.59.197.134  user=root
Jul 28 13:28:13 proxy sshd[196054]: Received disconnect from 43.153.66.145 port 33740:11: Bye Bye [preauth]
Jul 28 13:28:13 proxy sshd[196054]: Disconnected from invalid user root 43.153.66.145 port 33740 [preauth]
Jul 28 13:28:14 proxy sshd[196058]: User root from 186.225.14.33 not allowed because listed in DenyUsers
Jul 28 13:28:14 proxy sshd[196058]: pam_unix(sshd:auth): authentication failure; logname= uid=0 euid=0 tty=ssh ruser= rhost=186.225.14.33  user=root
Jul 28 13:28:15 proxy sshd[196056]: Failed password for invalid user root from 146.59.197.134 port 52306 ssh2
Jul 28 13:28:15 proxy sshd[196058]: Failed password for invalid user root from 186.225.14.33 port 59778 ssh2
Jul 28 13:28:16 proxy sshd[196056]: Received disconnect from 146.59.197.134 port 52306:11: Bye Bye [preauth]
Jul 28 13:28:16 proxy sshd[196056]: Disconnected from invalid user root 146.59.197.134 port 52306 [preauth]
Jul 28 13:28:16 proxy sshd[196058]: Received disconnect from 186.225.14.33 port 59778:11: Bye Bye [preauth]
Jul 28 13:28:16 proxy sshd[196058]: Disconnected from invalid user root 186.225.14.33 port 59778 [preauth]
Jul 28 13:28:18 proxy sshd[196060]: Invalid user ubuntu from 43.156.122.96 port 43550
Jul 28 13:28:18 proxy sshd[196060]: pam_unix(sshd:auth): check pass; user unknown
Jul 28 13:28:18 proxy sshd[196060]: pam_unix(sshd:auth): authentication failure; logname= uid=0 euid=0 tty=ssh ruser= rhost=43.156.122.96 
Jul 28 13:28:20 proxy sshd[196060]: Failed password for invalid user ubuntu from 43.156.122.96 port 43550 ssh2
Jul 28 13:28:21 proxy sshd[196060]: Received disconnect from 43.156.122.96 port 43550:11: Bye Bye [preauth]
Jul 28 13:28:21 proxy sshd[196060]: Disconnected from invalid user ubuntu 43.156.122.96 port 43550 [preauth]
Jul 28 13:28:33 proxy sshd[196064]: User root from 218.78.63.36 not allowed because listed in DenyUsers
Jul 28 13:28:33 proxy sshd[196064]: pam_unix(sshd:auth): authentication failure; logname= uid=0 euid=0 tty=ssh ruser= rhost=218.78.63.36  user=root
Jul 28 13:28:34 proxy sshd[196066]: Invalid user dev from 140.143.235.187 port 55950
Jul 28 13:28:34 proxy sshd[196066]: pam_unix(sshd:auth): check pass; user unknown
Jul 28 13:28:34 proxy sshd[196066]: pam_unix(sshd:auth): authentication failure; logname= uid=0 euid=0 tty=ssh ruser= rhost=140.143.235.187 
Jul 28 13:28:35 proxy sshd[196064]: Failed password for invalid user root from 218.78.63.36 port 42866 ssh2
Jul 28 13:28:36 proxy sshd[196066]: Failed password for invalid user dev from 140.143.235.187 port 55950 ssh2
Jul 28 13:28:36 proxy sshd[196066]: Received disconnect from 140.143.235.187 port 55950:11: Bye Bye [preauth]
Jul 28 13:28:36 proxy sshd[196066]: Disconnected from invalid user dev 140.143.235.187 port 55950 [preauth]
Jul 28 13:28:36 proxy sshd[196064]: Received disconnect from 218.78.63.36 port 42866:11: Bye Bye [preauth]
Jul 28 13:28:36 proxy sshd[196064]: Disconnected from invalid user root 218.78.63.36 port 42866 [preauth]
Jul 28 13:28:44 proxy sshd[196068]: Invalid user gitea from 181.50.70.106 port 52622
Jul 28 13:28:44 proxy sshd[196068]: pam_unix(sshd:auth): check pass; user unknown
Jul 28 13:28:44 proxy sshd[196068]: pam_unix(sshd:auth): authentication failure; logname= uid=0 euid=0 tty=ssh ruser= rhost=181.50.70.106 
Jul 28 13:28:46 proxy sshd[196068]: Failed password for invalid user gitea from 181.50.70.106 port 52622 ssh2
Jul 28 13:28:47 proxy sshd[196070]: User root from 218.92.0.94 not allowed because listed in DenyUsers
Jul 28 13:28:47 proxy sshd[196068]: Received disconnect from 181.50.70.106 port 52622:11: Bye Bye [preauth]
Jul 28 13:28:47 proxy sshd[196068]: Disconnected from invalid user gitea 181.50.70.106 port 52622 [preauth]
Jul 28 13:28:47 proxy sshd[196070]: pam_unix(sshd:auth): authentication failure; logname= uid=0 euid=0 tty=ssh ruser= rhost=218.92.0.94  user=root
Jul 28 13:28:49 proxy sshd[196070]: Failed password for invalid user root from 218.92.0.94 port 24493 ssh2
Jul 28 13:28:51 proxy sshd[196072]: Invalid user deploy from 43.157.32.60 port 57882
Jul 28 13:28:51 proxy sshd[196072]: pam_unix(sshd:auth): check pass; user unknown
Jul 28 13:28:51 proxy sshd[196072]: pam_unix(sshd:auth): authentication failure; logname= uid=0 euid=0 tty=ssh ruser= rhost=43.157.32.60 
Jul 28 13:28:51 proxy sshd[196070]: Failed password for invalid user root from 218.92.0.94 port 24493 ssh2
Jul 28 13:28:53 proxy sshd[196072]: Failed password for invalid user deploy from 43.157.32.60 port 57882 ssh2
Jul 28 13:28:54 proxy sshd[196072]: Received disconnect from 43.157.32.60 port 57882:11: Bye Bye [preauth]
Jul 28 13:28:54 proxy sshd[196072]: Disconnected from invalid user deploy 43.157.32.60 port 57882 [preauth]
Jul 28 13:28:54 proxy sshd[196070]: Failed password for invalid user root from 218.92.0.94 port 24493 ssh2
Jul 28 13:28:54 proxy sshd[196074]: Invalid user hadoop from 43.153.66.145 port 47968
Jul 28 13:28:54 proxy sshd[196074]: pam_unix(sshd:auth): check pass; user unknown
Jul 28 13:28:54 proxy sshd[196074]: pam_unix(sshd:auth): authentication failure; logname= uid=0 euid=0 tty=ssh ruser= rhost=43.153.66.145 
Jul 28 13:28:55 proxy sshd[196076]: Invalid user mimi from 146.59.197.134 port 52614
Jul 28 13:28:55 proxy sshd[196076]: pam_unix(sshd:auth): check pass; user unknown
Jul 28 13:28:55 proxy sshd[196076]: pam_unix(sshd:auth): authentication failure; logname= uid=0 euid=0 tty=ssh ruser= rhost=146.59.197.134 
Jul 28 13:28:55 proxy sshd[196070]: Received disconnect from 218.92.0.94 port 24493:11:  [preauth]
Jul 28 13:28:55 proxy sshd[196070]: Disconnected from invalid user root 218.92.0.94 port 24493 [preauth]
Jul 28 13:28:55 proxy sshd[196070]: PAM 2 more authentication failures; logname= uid=0 euid=0 tty=ssh ruser= rhost=218.92.0.94  user=root
Jul 28 13:28:56 proxy sshd[196074]: Failed password for invalid user hadoop from 43.153.66.145 port 47968 ssh2
Jul 28 13:28:57 proxy sshd[196076]: Failed password for invalid user mimi from 146.59.197.134 port 52614 ssh2
Jul 28 13:28:58 proxy sshd[196076]: Received disconnect from 146.59.197.134 port 52614:11: Bye Bye [preauth]
Jul 28 13:28:58 proxy sshd[196076]: Disconnected from invalid user mimi 146.59.197.134 port 52614 [preauth]
Jul 28 13:28:59 proxy sshd[196074]: Received disconnect from 43.153.66.145 port 47968:11: Bye Bye [preauth]
Jul 28 13:28:59 proxy sshd[196074]: Disconnected from invalid user hadoop 43.153.66.145 port 47968 [preauth]
Jul 28 13:29:01 proxy sshd[196078]: User root from 140.143.235.187 not allowed because listed in DenyUsers
Jul 28 13:29:01 proxy sshd[196078]: pam_unix(sshd:auth): authentication failure; logname= uid=0 euid=0 tty=ssh ruser= rhost=140.143.235.187  user=root
Jul 28 13:29:03 proxy sshd[196080]: Invalid user dev from 43.156.122.96 port 59140
Jul 28 13:29:03 proxy sshd[196080]: pam_unix(sshd:auth): check pass; user unknown
Jul 28 13:29:03 proxy sshd[196080]: pam_unix(sshd:auth): authentication failure; logname= uid=0 euid=0 tty=ssh ruser= rhost=43.156.122.96 
Jul 28 13:29:03 proxy sshd[196078]: Failed password for invalid user root from 140.143.235.187 port 34690 ssh2
Jul 28 13:29:04 proxy sshd[196078]: Received disconnect from 140.143.235.187 port 34690:11: Bye Bye [preauth]
Jul 28 13:29:04 proxy sshd[196078]: Disconnected from invalid user root 140.143.235.187 port 34690 [preauth]
Jul 28 13:29:05 proxy sshd[196080]: Failed password for invalid user dev from 43.156.122.96 port 59140 ssh2
Jul 28 13:29:05 proxy sshd[196080]: Received disconnect from 43.156.122.96 port 59140:11: Bye Bye [preauth]
Jul 28 13:29:05 proxy sshd[196080]: Disconnected from invalid user dev 43.156.122.96 port 59140 [preauth]
Jul 28 13:29:07 proxy sshd[196082]: User root from 186.225.14.33 not allowed because listed in DenyUsers
Jul 28 13:29:07 proxy sshd[196082]: pam_unix(sshd:auth): authentication failure; logname= uid=0 euid=0 tty=ssh ruser= rhost=186.225.14.33  user=root
Jul 28 13:29:09 proxy sshd[196082]: Failed password for invalid user root from 186.225.14.33 port 46190 ssh2
Jul 28 13:29:10 proxy sshd[196082]: Received disconnect from 186.225.14.33 port 46190:11: Bye Bye [preauth]
Jul 28 13:29:10 proxy sshd[196082]: Disconnected from invalid user root 186.225.14.33 port 46190 [preauth]
Jul 28 13:29:10 proxy sshd[196084]: Invalid user hector from 92.118.39.239 port 56014
Jul 28 13:29:11 proxy sshd[196084]: pam_unix(sshd:auth): check pass; user unknown
Jul 28 13:29:11 proxy sshd[196084]: pam_unix(sshd:auth): authentication failure; logname= uid=0 euid=0 tty=ssh ruser= rhost=92.118.39.239 
Jul 28 13:29:13 proxy sshd[196084]: Failed password for invalid user hector from 92.118.39.239 port 56014 ssh2
Jul 28 13:29:13 proxy sshd[196084]: Connection closed by invalid user hector 92.118.39.239 port 56014 [preauth]
Jul 28 13:29:26 proxy sshd[196086]: Invalid user git from 218.78.63.36 port 51024
Jul 28 13:29:26 proxy sshd[196086]: pam_unix(sshd:auth): check pass; user unknown
Jul 28 13:29:26 proxy sshd[196086]: pam_unix(sshd:auth): authentication failure; logname= uid=0 euid=0 tty=ssh ruser= rhost=218.78.63.36 
Jul 28 13:29:28 proxy sshd[196086]: Failed password for invalid user git from 218.78.63.36 port 51024 ssh2
Jul 28 13:29:29 proxy sshd[196088]: User root from 140.143.235.187 not allowed because listed in DenyUsers
Jul 28 13:29:29 proxy sshd[196088]: pam_unix(sshd:auth): authentication failure; logname= uid=0 euid=0 tty=ssh ruser= rhost=140.143.235.187  user=root
Jul 28 13:29:29 proxy sshd[196086]: Received disconnect from 218.78.63.36 port 51024:11: Bye Bye [preauth]
Jul 28 13:29:29 proxy sshd[196086]: Disconnected from invalid user git 218.78.63.36 port 51024 [preauth]
Jul 28 13:29:31 proxy sshd[196088]: Failed password for invalid user root from 140.143.235.187 port 41680 ssh2
Jul 28 13:29:32 proxy sshd[196088]: Received disconnect from 140.143.235.187 port 41680:11: Bye Bye [preauth]
Jul 28 13:29:32 proxy sshd[196088]: Disconnected from invalid user root 140.143.235.187 port 41680 [preauth]
Jul 28 13:29:36 proxy sshd[196090]: User root from 146.59.197.134 not allowed because listed in DenyUsers
Jul 28 13:29:36 proxy sshd[196090]: pam_unix(sshd:auth): authentication failure; logname= uid=0 euid=0 tty=ssh ruser= rhost=146.59.197.134  user=root
Jul 28 13:29:38 proxy sshd[196092]: User root from 43.157.32.60 not allowed because listed in DenyUsers
Jul 28 13:29:38 proxy sshd[196092]: pam_unix(sshd:auth): authentication failure; logname= uid=0 euid=0 tty=ssh ruser= rhost=43.157.32.60  user=root
Jul 28 13:29:38 proxy sshd[196090]: Failed password for invalid user root from 146.59.197.134 port 41730 ssh2
Jul 28 13:29:38 proxy sshd[196094]: Invalid user devuser from 43.153.66.145 port 33960
Jul 28 13:29:38 proxy sshd[196094]: pam_unix(sshd:auth): check pass; user unknown
Jul 28 13:29:38 proxy sshd[196094]: pam_unix(sshd:auth): authentication failure; logname= uid=0 euid=0 tty=ssh ruser= rhost=43.153.66.145 
Jul 28 13:29:39 proxy sshd[196090]: Received disconnect from 146.59.197.134 port 41730:11: Bye Bye [preauth]
Jul 28 13:29:39 proxy sshd[196090]: Disconnected from invalid user root 146.59.197.134 port 41730 [preauth]
Jul 28 13:29:39 proxy sshd[196092]: Failed password for invalid user root from 43.157.32.60 port 43928 ssh2
Jul 28 13:29:40 proxy sshd[196094]: Failed password for invalid user devuser from 43.153.66.145 port 33960 ssh2
Jul 28 13:29:41 proxy sshd[196092]: Received disconnect from 43.157.32.60 port 43928:11: Bye Bye [preauth]
Jul 28 13:29:41 proxy sshd[196092]: Disconnected from invalid user root 43.157.32.60 port 43928 [preauth]
Jul 28 13:29:41 proxy sshd[196094]: Received disconnect from 43.153.66.145 port 33960:11: Bye Bye [preauth]
Jul 28 13:29:41 proxy sshd[196094]: Disconnected from invalid user devuser 43.153.66.145 port 33960 [preauth]
Jul 28 13:29:48 proxy sshd[196098]: User root from 43.156.122.96 not allowed because listed in DenyUsers
Jul 28 13:29:48 proxy sshd[196098]: pam_unix(sshd:auth): authentication failure; logname= uid=0 euid=0 tty=ssh ruser= rhost=43.156.122.96  user=root
Jul 28 13:29:48 proxy sshd[196096]: User root from 218.92.0.94 not allowed because listed in DenyUsers
Jul 28 13:29:48 proxy sshd[196096]: pam_unix(sshd:auth): authentication failure; logname= uid=0 euid=0 tty=ssh ruser= rhost=218.92.0.94  user=root
Jul 28 13:29:49 proxy sshd[196100]: User root from 181.50.70.106 not allowed because listed in DenyUsers
Jul 28 13:29:49 proxy sshd[196100]: pam_unix(sshd:auth): authentication failure; logname= uid=0 euid=0 tty=ssh ruser= rhost=181.50.70.106  user=root
Jul 28 13:29:51 proxy sshd[196098]: Failed password for invalid user root from 43.156.122.96 port 54778 ssh2
Jul 28 13:29:51 proxy sshd[196096]: Failed password for invalid user root from 218.92.0.94 port 37980 ssh2
Jul 28 13:29:51 proxy sshd[196098]: Received disconnect from 43.156.122.96 port 54778:11: Bye Bye [preauth]
Jul 28 13:29:51 proxy sshd[196098]: Disconnected from invalid user root 43.156.122.96 port 54778 [preauth]
Jul 28 13:29:51 proxy sshd[196100]: Failed password for invalid user root from 181.50.70.106 port 41384 ssh2
Jul 28 13:29:52 proxy sshd[196100]: Received disconnect from 181.50.70.106 port 41384:11: Bye Bye [preauth]
Jul 28 13:29:52 proxy sshd[196100]: Disconnected from invalid user root 181.50.70.106 port 41384 [preauth]
Jul 28 13:29:53 proxy sshd[196096]: Failed password for invalid user root from 218.92.0.94 port 37980 ssh2
Jul 28 13:29:56 proxy sshd[196096]: Failed password for invalid user root from 218.92.0.94 port 37980 ssh2
Jul 28 13:29:57 proxy sshd[196096]: Received disconnect from 218.92.0.94 port 37980:11:  [preauth]
Jul 28 13:29:57 proxy sshd[196096]: Disconnected from invalid user root 218.92.0.94 port 37980 [preauth]
Jul 28 13:29:57 proxy sshd[196096]: PAM 2 more authentication failures; logname= uid=0 euid=0 tty=ssh ruser= rhost=218.92.0.94  user=root
Jul 28 13:30:00 proxy sshd[196102]: User root from 186.225.14.33 not allowed because listed in DenyUsers
Jul 28 13:30:00 proxy sshd[196102]: pam_unix(sshd:auth): authentication failure; logname= uid=0 euid=0 tty=ssh ruser= rhost=186.225.14.33  user=root
Jul 28 13:30:03 proxy sshd[196102]: Failed password for invalid user root from 186.225.14.33 port 60840 ssh2
Jul 28 13:30:03 proxy sshd[196102]: Received disconnect from 186.225.14.33 port 60840:11: Bye Bye [preauth]
Jul 28 13:30:03 proxy sshd[196102]: Disconnected from invalid user root 186.225.14.33 port 60840 [preauth]
Jul 28 13:30:08 proxy sshd[196104]: User root from 140.143.235.187 not allowed because listed in DenyUsers
Jul 28 13:30:08 proxy sshd[196104]: pam_unix(sshd:auth): authentication failure; logname= uid=0 euid=0 tty=ssh ruser= rhost=140.143.235.187  user=root
Jul 28 13:30:09 proxy sshd[196104]: Failed password for invalid user root from 140.143.235.187 port 48686 ssh2
Jul 28 13:30:11 proxy sshd[196104]: Received disconnect from 140.143.235.187 port 48686:11: Bye Bye [preauth]
Jul 28 13:30:11 proxy sshd[196104]: Disconnected from invalid user root 140.143.235.187 port 48686 [preauth]
Jul 28 13:30:18 proxy sshd[196106]: User root from 146.59.197.134 not allowed because listed in DenyUsers
Jul 28 13:30:18 proxy sshd[196106]: pam_unix(sshd:auth): authentication failure; logname= uid=0 euid=0 tty=ssh ruser= rhost=146.59.197.134  user=root
Jul 28 13:30:20 proxy sshd[196106]: Failed password for invalid user root from 146.59.197.134 port 49688 ssh2
Jul 28 13:30:21 proxy sshd[196106]: Received disconnect from 146.59.197.134 port 49688:11: Bye Bye [preauth]
Jul 28 13:30:21 proxy sshd[196106]: Disconnected from invalid user root 146.59.197.134 port 49688 [preauth]
Jul 28 13:30:28 proxy sshd[196109]: User root from 43.153.66.145 not allowed because listed in DenyUsers
Jul 28 13:30:28 proxy sshd[196109]: pam_unix(sshd:auth): authentication failure; logname= uid=0 euid=0 tty=ssh ruser= rhost=43.153.66.145  user=root
Jul 28 13:30:30 proxy sshd[196109]: Failed password for invalid user root from 43.153.66.145 port 48208 ssh2
Jul 28 13:30:31 proxy sshd[196109]: Received disconnect from 43.153.66.145 port 48208:11: Bye Bye [preauth]
Jul 28 13:30:31 proxy sshd[196109]: Disconnected from invalid user root 43.153.66.145 port 48208 [preauth]
Jul 28 13:30:39 proxy sshd[196111]: Invalid user support from 85.209.11.227 port 1868
Jul 28 13:30:40 proxy sshd[196111]: pam_unix(sshd:auth): check pass; user unknown
Jul 28 13:30:40 proxy sshd[196111]: pam_unix(sshd:auth): authentication failure; logname= uid=0 euid=0 tty=ssh ruser= rhost=85.209.11.227 
Jul 28 13:30:41 proxy sshd[196111]: Failed password for invalid user support from 85.209.11.227 port 1868 ssh2
Jul 28 13:30:42 proxy sshd[196113]: Invalid user oracle from 140.143.235.187 port 55680
Jul 28 13:30:42 proxy sshd[196113]: pam_unix(sshd:auth): check pass; user unknown
Jul 28 13:30:42 proxy sshd[196113]: pam_unix(sshd:auth): authentication failure; logname= uid=0 euid=0 tty=ssh ruser= rhost=140.143.235.187 
Jul 28 13:30:43 proxy sshd[196111]: Connection reset by invalid user support 85.209.11.227 port 1868 [preauth]
Jul 28 13:30:44 proxy sshd[196113]: Failed password for invalid user oracle from 140.143.235.187 port 55680 ssh2
Jul 28 13:30:46 proxy sshd[196113]: Received disconnect from 140.143.235.187 port 55680:11: Bye Bye [preauth]
Jul 28 13:30:46 proxy sshd[196113]: Disconnected from invalid user oracle 140.143.235.187 port 55680 [preauth]
Jul 28 13:30:46 proxy sshd[196115]: User root from 218.92.0.94 not allowed because listed in DenyUsers
Jul 28 13:30:46 proxy sshd[196115]: pam_unix(sshd:auth): authentication failure; logname= uid=0 euid=0 tty=ssh ruser= rhost=218.92.0.94  user=root
Jul 28 13:30:48 proxy sshd[196115]: Failed password for invalid user root from 218.92.0.94 port 53801 ssh2
Jul 28 13:30:51 proxy sshd[196115]: Failed password for invalid user root from 218.92.0.94 port 53801 ssh2
Jul 28 13:30:53 proxy sshd[196117]: User root from 43.156.122.96 not allowed because listed in DenyUsers
Jul 28 13:30:53 proxy sshd[196117]: pam_unix(sshd:auth): authentication failure; logname= uid=0 euid=0 tty=ssh ruser= rhost=43.156.122.96  user=root
Jul 28 13:30:54 proxy sshd[196115]: Failed password for invalid user root from 218.92.0.94 port 53801 ssh2
Jul 28 13:30:54 proxy sshd[196119]: Invalid user devuser from 181.50.70.106 port 58380
Jul 28 13:30:54 proxy sshd[196119]: pam_unix(sshd:auth): check pass; user unknown
Jul 28 13:30:54 proxy sshd[196119]: pam_unix(sshd:auth): authentication failure; logname= uid=0 euid=0 tty=ssh ruser= rhost=181.50.70.106 
Jul 28 13:30:55 proxy sshd[196121]: Invalid user mimi from 186.225.14.33 port 47242
Jul 28 13:30:55 proxy sshd[196121]: pam_unix(sshd:auth): check pass; user unknown
Jul 28 13:30:55 proxy sshd[196121]: pam_unix(sshd:auth): authentication failure; logname= uid=0 euid=0 tty=ssh ruser= rhost=186.225.14.33 
Jul 28 13:30:55 proxy sshd[196117]: Failed password for invalid user root from 43.156.122.96 port 34434 ssh2
Jul 28 13:30:55 proxy sshd[196115]: Received disconnect from 218.92.0.94 port 53801:11:  [preauth]
Jul 28 13:30:55 proxy sshd[196115]: Disconnected from invalid user root 218.92.0.94 port 53801 [preauth]
Jul 28 13:30:55 proxy sshd[196115]: PAM 2 more authentication failures; logname= uid=0 euid=0 tty=ssh ruser= rhost=218.92.0.94  user=root
Jul 28 13:30:56 proxy sshd[196117]: Received disconnect from 43.156.122.96 port 34434:11: Bye Bye [preauth]
Jul 28 13:30:56 proxy sshd[196117]: Disconnected from invalid user root 43.156.122.96 port 34434 [preauth]
Jul 28 13:30:57 proxy sshd[196119]: Failed password for invalid user devuser from 181.50.70.106 port 58380 ssh2
Jul 28 13:30:57 proxy sshd[196121]: Failed password for invalid user mimi from 186.225.14.33 port 47242 ssh2
Jul 28 13:30:58 proxy sshd[196119]: Received disconnect from 181.50.70.106 port 58380:11: Bye Bye [preauth]
Jul 28 13:30:58 proxy sshd[196119]: Disconnected from invalid user devuser 181.50.70.106 port 58380 [preauth]
Jul 28 13:30:58 proxy sshd[196121]: Received disconnect from 186.225.14.33 port 47242:11: Bye Bye [preauth]
Jul 28 13:30:58 proxy sshd[196121]: Disconnected from invalid user mimi 186.225.14.33 port 47242 [preauth]
Jul 28 13:31:01 proxy sshd[196124]: Invalid user developer1 from 146.59.197.134 port 39608
Jul 28 13:31:01 proxy sshd[196124]: pam_unix(sshd:auth): check pass; user unknown
Jul 28 13:31:01 proxy sshd[196124]: pam_unix(sshd:auth): authentication failure; logname= uid=0 euid=0 tty=ssh ruser= rhost=146.59.197.134 
Jul 28 13:31:03 proxy sshd[196124]: Failed password for invalid user developer1 from 146.59.197.134 port 39608 ssh2
Jul 28 13:31:05 proxy sshd[196126]: User root from 43.157.32.60 not allowed because listed in DenyUsers
Jul 28 13:31:05 proxy sshd[196126]: pam_unix(sshd:auth): authentication failure; logname= uid=0 euid=0 tty=ssh ruser= rhost=43.157.32.60  user=root
Jul 28 13:31:06 proxy sshd[196124]: Received disconnect from 146.59.197.134 port 39608:11: Bye Bye [preauth]
Jul 28 13:31:06 proxy sshd[196124]: Disconnected from invalid user developer1 146.59.197.134 port 39608 [preauth]
Jul 28 13:31:07 proxy sshd[196126]: Failed password for invalid user root from 43.157.32.60 port 58270 ssh2
Jul 28 13:31:08 proxy sshd[196126]: Received disconnect from 43.157.32.60 port 58270:11: Bye Bye [preauth]
Jul 28 13:31:08 proxy sshd[196126]: Disconnected from invalid user root 43.157.32.60 port 58270 [preauth]
Jul 28 13:31:10 proxy sshd[196128]: User root from 140.143.235.187 not allowed because listed in DenyUsers
Jul 28 13:31:10 proxy sshd[196128]: pam_unix(sshd:auth): authentication failure; logname= uid=0 euid=0 tty=ssh ruser= rhost=140.143.235.187  user=root
Jul 28 13:31:11 proxy sshd[196130]: Invalid user ubuntu from 43.153.66.145 port 34202
Jul 28 13:31:11 proxy sshd[196130]: pam_unix(sshd:auth): check pass; user unknown
Jul 28 13:31:11 proxy sshd[196130]: pam_unix(sshd:auth): authentication failure; logname= uid=0 euid=0 tty=ssh ruser= rhost=43.153.66.145 
Jul 28 13:31:12 proxy sshd[196128]: Failed password for invalid user root from 140.143.235.187 port 34422 ssh2
Jul 28 13:31:13 proxy sshd[196128]: Received disconnect from 140.143.235.187 port 34422:11: Bye Bye [preauth]
Jul 28 13:31:13 proxy sshd[196128]: Disconnected from invalid user root 140.143.235.187 port 34422 [preauth]
Jul 28 13:31:13 proxy sshd[196130]: Failed password for invalid user ubuntu from 43.153.66.145 port 34202 ssh2
Jul 28 13:31:14 proxy sshd[196130]: Received disconnect from 43.153.66.145 port 34202:11: Bye Bye [preauth]
Jul 28 13:31:14 proxy sshd[196130]: Disconnected from invalid user ubuntu 43.153.66.145 port 34202 [preauth]
Jul 28 13:31:42 proxy sshd[196132]: Invalid user mimi from 43.156.122.96 port 52818
Jul 28 13:31:42 proxy sshd[196132]: pam_unix(sshd:auth): check pass; user unknown
Jul 28 13:31:42 proxy sshd[196132]: pam_unix(sshd:auth): authentication failure; logname= uid=0 euid=0 tty=ssh ruser= rhost=43.156.122.96 
Jul 28 13:31:44 proxy sshd[196132]: Failed password for invalid user mimi from 43.156.122.96 port 52818 ssh2
Jul 28 13:31:45 proxy sshd[196135]: Invalid user server from 140.143.235.187 port 41418
Jul 28 13:31:45 proxy sshd[196135]: pam_unix(sshd:auth): check pass; user unknown
Jul 28 13:31:45 proxy sshd[196135]: pam_unix(sshd:auth): authentication failure; logname= uid=0 euid=0 tty=ssh ruser= rhost=140.143.235.187 
Jul 28 13:31:45 proxy sshd[196132]: Received disconnect from 43.156.122.96 port 52818:11: Bye Bye [preauth]
Jul 28 13:31:45 proxy sshd[196132]: Disconnected from invalid user mimi 43.156.122.96 port 52818 [preauth]
Jul 28 13:31:46 proxy sshd[196137]: User root from 218.92.0.94 not allowed because listed in DenyUsers
Jul 28 13:31:46 proxy sshd[196135]: Failed password for invalid user server from 140.143.235.187 port 41418 ssh2
Jul 28 13:31:46 proxy sshd[196137]: pam_unix(sshd:auth): authentication failure; logname= uid=0 euid=0 tty=ssh ruser= rhost=218.92.0.94  user=root
Jul 28 13:31:47 proxy sshd[196135]: Received disconnect from 140.143.235.187 port 41418:11: Bye Bye [preauth]
Jul 28 13:31:47 proxy sshd[196135]: Disconnected from invalid user server 140.143.235.187 port 41418 [preauth]
Jul 28 13:31:48 proxy sshd[196137]: Failed password for invalid user root from 218.92.0.94 port 64426 ssh2
Jul 28 13:31:49 proxy sshd[196139]: Invalid user hadoop from 146.59.197.134 port 39960
Jul 28 13:31:49 proxy sshd[196139]: pam_unix(sshd:auth): check pass; user unknown
Jul 28 13:31:49 proxy sshd[196139]: pam_unix(sshd:auth): authentication failure; logname= uid=0 euid=0 tty=ssh ruser= rhost=146.59.197.134 
Jul 28 13:31:51 proxy sshd[196139]: Failed password for invalid user hadoop from 146.59.197.134 port 39960 ssh2
Jul 28 13:31:52 proxy sshd[196137]: Failed password for invalid user root from 218.92.0.94 port 64426 ssh2
Jul 28 13:31:52 proxy sshd[196141]: User root from 186.225.14.33 not allowed because listed in DenyUsers
Jul 28 13:31:52 proxy sshd[196141]: pam_unix(sshd:auth): authentication failure; logname= uid=0 euid=0 tty=ssh ruser= rhost=186.225.14.33  user=root
Jul 28 13:31:54 proxy sshd[196139]: Received disconnect from 146.59.197.134 port 39960:11: Bye Bye [preauth]
Jul 28 13:31:54 proxy sshd[196139]: Disconnected from invalid user hadoop 146.59.197.134 port 39960 [preauth]
Jul 28 13:31:54 proxy sshd[196143]: Invalid user mysql from 43.153.66.145 port 48428
Jul 28 13:31:54 proxy sshd[196143]: pam_unix(sshd:auth): check pass; user unknown
Jul 28 13:31:54 proxy sshd[196143]: pam_unix(sshd:auth): authentication failure; logname= uid=0 euid=0 tty=ssh ruser= rhost=43.153.66.145 
Jul 28 13:31:54 proxy sshd[196145]: User root from 43.157.32.60 not allowed because listed in DenyUsers
Jul 28 13:31:54 proxy sshd[196145]: pam_unix(sshd:auth): authentication failure; logname= uid=0 euid=0 tty=ssh ruser= rhost=43.157.32.60  user=root
Jul 28 13:31:54 proxy sshd[196137]: Failed password for invalid user root from 218.92.0.94 port 64426 ssh2
Jul 28 13:31:54 proxy sshd[196141]: Failed password for invalid user root from 186.225.14.33 port 33654 ssh2
Jul 28 13:31:55 proxy sshd[196137]: Received disconnect from 218.92.0.94 port 64426:11:  [preauth]
Jul 28 13:31:55 proxy sshd[196137]: Disconnected from invalid user root 218.92.0.94 port 64426 [preauth]
Jul 28 13:31:55 proxy sshd[196137]: PAM 2 more authentication failures; logname= uid=0 euid=0 tty=ssh ruser= rhost=218.92.0.94  user=root
Jul 28 13:31:55 proxy sshd[196141]: Received disconnect from 186.225.14.33 port 33654:11: Bye Bye [preauth]
Jul 28 13:31:55 proxy sshd[196141]: Disconnected from invalid user root 186.225.14.33 port 33654 [preauth]
Jul 28 13:31:56 proxy sshd[196143]: Failed password for invalid user mysql from 43.153.66.145 port 48428 ssh2
Jul 28 13:31:56 proxy sshd[196145]: Failed password for invalid user root from 43.157.32.60 port 44320 ssh2
Jul 28 13:31:57 proxy sshd[196145]: Received disconnect from 43.157.32.60 port 44320:11: Bye Bye [preauth]
Jul 28 13:31:57 proxy sshd[196145]: Disconnected from invalid user root 43.157.32.60 port 44320 [preauth]
Jul 28 13:31:58 proxy sshd[196143]: Received disconnect from 43.153.66.145 port 48428:11: Bye Bye [preauth]
Jul 28 13:31:58 proxy sshd[196143]: Disconnected from invalid user mysql 43.153.66.145 port 48428 [preauth]
Jul 28 13:32:03 proxy sshd[196147]: Invalid user server from 181.50.70.106 port 47146
Jul 28 13:32:03 proxy sshd[196147]: pam_unix(sshd:auth): check pass; user unknown
Jul 28 13:32:03 proxy sshd[196147]: pam_unix(sshd:auth): authentication failure; logname= uid=0 euid=0 tty=ssh ruser= rhost=181.50.70.106 
Jul 28 13:32:05 proxy sshd[196147]: Failed password for invalid user server from 181.50.70.106 port 47146 ssh2
Jul 28 13:32:05 proxy sshd[196147]: Received disconnect from 181.50.70.106 port 47146:11: Bye Bye [preauth]
Jul 28 13:32:05 proxy sshd[196147]: Disconnected from invalid user server 181.50.70.106 port 47146 [preauth]
Jul 28 13:32:18 proxy sshd[196149]: User root from 140.143.235.187 not allowed because listed in DenyUsers
Jul 28 13:32:18 proxy sshd[196149]: pam_unix(sshd:auth): authentication failure; logname= uid=0 euid=0 tty=ssh ruser= rhost=140.143.235.187  user=root
Jul 28 13:32:20 proxy sshd[196149]: Failed password for invalid user root from 140.143.235.187 port 48400 ssh2
Jul 28 13:32:21 proxy sshd[196149]: Received disconnect from 140.143.235.187 port 48400:11: Bye Bye [preauth]
Jul 28 13:32:21 proxy sshd[196149]: Disconnected from invalid user root 140.143.235.187 port 48400 [preauth]
Jul 28 13:32:30 proxy sshd[196151]: Invalid user oracle from 218.78.63.36 port 47034
Jul 28 13:32:30 proxy sshd[196151]: pam_unix(sshd:auth): check pass; user unknown
Jul 28 13:32:30 proxy sshd[196151]: pam_unix(sshd:auth): authentication failure; logname= uid=0 euid=0 tty=ssh ruser= rhost=218.78.63.36 
Jul 28 13:32:31 proxy sshd[196153]: Invalid user ubnt from 85.209.11.27 port 31244
Jul 28 13:32:31 proxy sshd[196154]: User root from 43.156.122.96 not allowed because listed in DenyUsers
Jul 28 13:32:31 proxy sshd[196154]: pam_unix(sshd:auth): authentication failure; logname= uid=0 euid=0 tty=ssh ruser= rhost=43.156.122.96  user=root
Jul 28 13:32:32 proxy sshd[196153]: pam_unix(sshd:auth): check pass; user unknown
Jul 28 13:32:32 proxy sshd[196153]: pam_unix(sshd:auth): authentication failure; logname= uid=0 euid=0 tty=ssh ruser= rhost=85.209.11.27 
Jul 28 13:32:32 proxy sshd[196151]: Failed password for invalid user oracle from 218.78.63.36 port 47034 ssh2
Jul 28 13:32:33 proxy sshd[196157]: User root from 146.59.197.134 not allowed because listed in DenyUsers
Jul 28 13:32:33 proxy sshd[196157]: pam_unix(sshd:auth): authentication failure; logname= uid=0 euid=0 tty=ssh ruser= rhost=146.59.197.134  user=root
Jul 28 13:32:33 proxy sshd[196154]: Failed password for invalid user root from 43.156.122.96 port 48692 ssh2
Jul 28 13:32:33 proxy sshd[196151]: Received disconnect from 218.78.63.36 port 47034:11: Bye Bye [preauth]
